Archive member included to satisfy reference by file (symbol)

C:/ST/STM32CubeIDE_2.1.1/STM32CubeIDE/plugins/com.st.stm32cube.ide.mcu.externaltools.gnu-tools-for-stm32.14.3.rel1.win32_1.0.100.202602081740/tools/bin/../lib/gcc/arm-none-eabi/14.3.1/../../../../arm-none-eabi/lib/thumb/v7e-m+fp/hard\libc_nano.a(libc_a-exit.o)
                              C:/ST/STM32CubeIDE_2.1.1/STM32CubeIDE/plugins/com.st.stm32cube.ide.mcu.externaltools.gnu-tools-for-stm32.14.3.rel1.win32_1.0.100.202602081740/tools/bin/../lib/gcc/arm-none-eabi/14.3.1/../../../../arm-none-eabi/lib/thumb/v7e-m+fp/hard/crt0.o (exit)
C:/ST/STM32CubeIDE_2.1.1/STM32CubeIDE/plugins/com.st.stm32cube.ide.mcu.externaltools.gnu-tools-for-stm32.14.3.rel1.win32_1.0.100.202602081740/tools/bin/../lib/gcc/arm-none-eabi/14.3.1/../../../../arm-none-eabi/lib/thumb/v7e-m+fp/hard\libc_nano.a(libc_a-findfp.o)
                              C:/ST/STM32CubeIDE_2.1.1/STM32CubeIDE/plugins/com.st.stm32cube.ide.mcu.externaltools.gnu-tools-for-stm32.14.3.rel1.win32_1.0.100.202602081740/tools/bin/../lib/gcc/arm-none-eabi/14.3.1/../../../../arm-none-eabi/lib/thumb/v7e-m+fp/hard\libc_nano.a(libc_a-exit.o) (__stdio_exit_handler)
C:/ST/STM32CubeIDE_2.1.1/STM32CubeIDE/plugins/com.st.stm32cube.ide.mcu.externaltools.gnu-tools-for-stm32.14.3.rel1.win32_1.0.100.202602081740/tools/bin/../lib/gcc/arm-none-eabi/14.3.1/../../../../arm-none-eabi/lib/thumb/v7e-m+fp/hard\libc_nano.a(libc_a-fwalk.o)
                              C:/ST/STM32CubeIDE_2.1.1/STM32CubeIDE/plugins/com.st.stm32cube.ide.mcu.externaltools.gnu-tools-for-stm32.14.3.rel1.win32_1.0.100.202602081740/tools/bin/../lib/gcc/arm-none-eabi/14.3.1/../../../../arm-none-eabi/lib/thumb/v7e-m+fp/hard\libc_nano.a(libc_a-findfp.o) (_fwalk_sglue)
C:/ST/STM32CubeIDE_2.1.1/STM32CubeIDE/plugins/com.st.stm32cube.ide.mcu.externaltools.gnu-tools-for-stm32.14.3.rel1.win32_1.0.100.202602081740/tools/bin/../lib/gcc/arm-none-eabi/14.3.1/../../../../arm-none-eabi/lib/thumb/v7e-m+fp/hard\libc_nano.a(libc_a-printf.o)
                              ./Core/Src/main.o (printf)
C:/ST/STM32CubeIDE_2.1.1/STM32CubeIDE/plugins/com.st.stm32cube.ide.mcu.externaltools.gnu-tools-for-stm32.14.3.rel1.win32_1.0.100.202602081740/tools/bin/../lib/gcc/arm-none-eabi/14.3.1/../../../../arm-none-eabi/lib/thumb/v7e-m+fp/hard\libc_nano.a(libc_a-puts.o)
                              ./Core/Src/main.o (puts)
C:/ST/STM32CubeIDE_2.1.1/STM32CubeIDE/plugins/com.st.stm32cube.ide.mcu.externaltools.gnu-tools-for-stm32.14.3.rel1.win32_1.0.100.202602081740/tools/bin/../lib/gcc/arm-none-eabi/14.3.1/../../../../arm-none-eabi/lib/thumb/v7e-m+fp/hard\libc_nano.a(libc_a-sscanf.o)
                              ./Core/Src/main.o (sscanf)
C:/ST/STM32CubeIDE_2.1.1/STM32CubeIDE/plugins/com.st.stm32cube.ide.mcu.externaltools.gnu-tools-for-stm32.14.3.rel1.win32_1.0.100.202602081740/tools/bin/../lib/gcc/arm-none-eabi/14.3.1/../../../../arm-none-eabi/lib/thumb/v7e-m+fp/hard\libc_nano.a(libc_a-stdio.o)
                              C:/ST/STM32CubeIDE_2.1.1/STM32CubeIDE/plugins/com.st.stm32cube.ide.mcu.externaltools.gnu-tools-for-stm32.14.3.rel1.win32_1.0.100.202602081740/tools/bin/../lib/gcc/arm-none-eabi/14.3.1/../../../../arm-none-eabi/lib/thumb/v7e-m+fp/hard\libc_nano.a(libc_a-findfp.o) (__sread)
C:/ST/STM32CubeIDE_2.1.1/STM32CubeIDE/plugins/com.st.stm32cube.ide.mcu.externaltools.gnu-tools-for-stm32.14.3.rel1.win32_1.0.100.202602081740/tools/bin/../lib/gcc/arm-none-eabi/14.3.1/../../../../arm-none-eabi/lib/thumb/v7e-m+fp/hard\libc_nano.a(libc_a-wbuf.o)
                              C:/ST/STM32CubeIDE_2.1.1/STM32CubeIDE/plugins/com.st.stm32cube.ide.mcu.externaltools.gnu-tools-for-stm32.14.3.rel1.win32_1.0.100.202602081740/tools/bin/../lib/gcc/arm-none-eabi/14.3.1/../../../../arm-none-eabi/lib/thumb/v7e-m+fp/hard\libc_nano.a(libc_a-puts.o) (__swbuf_r)
C:/ST/STM32CubeIDE_2.1.1/STM32CubeIDE/plugins/com.st.stm32cube.ide.mcu.externaltools.gnu-tools-for-stm32.14.3.rel1.win32_1.0.100.202602081740/tools/bin/../lib/gcc/arm-none-eabi/14.3.1/../../../../arm-none-eabi/lib/thumb/v7e-m+fp/hard\libc_nano.a(libc_a-wsetup.o)
                              C:/ST/STM32CubeIDE_2.1.1/STM32CubeIDE/plugins/com.st.stm32cube.ide.mcu.externaltools.gnu-tools-for-stm32.14.3.rel1.win32_1.0.100.202602081740/tools/bin/../lib/gcc/arm-none-eabi/14.3.1/../../../../arm-none-eabi/lib/thumb/v7e-m+fp/hard\libc_nano.a(libc_a-puts.o) (__swsetup_r)
C:/ST/STM32CubeIDE_2.1.1/STM32CubeIDE/plugins/com.st.stm32cube.ide.mcu.externaltools.gnu-tools-for-stm32.14.3.rel1.win32_1.0.100.202602081740/tools/bin/../lib/gcc/arm-none-eabi/14.3.1/../../../../arm-none-eabi/lib/thumb/v7e-m+fp/hard\libc_nano.a(libc_a-memset.o)
                              C:/ST/STM32CubeIDE_2.1.1/STM32CubeIDE/plugins/com.st.stm32cube.ide.mcu.externaltools.gnu-tools-for-stm32.14.3.rel1.win32_1.0.100.202602081740/tools/bin/../lib/gcc/arm-none-eabi/14.3.1/../../../../arm-none-eabi/lib/thumb/v7e-m+fp/hard/crt0.o (memset)
[...]
Memory Configuration

Name             Origin             Length             Attributes
CCMRAM           0x10000000         0x00010000         xrw
RAM              0x20000000         0x00020000         xrw
FLASH            0x08000000         0x00080000         xr
*default*        0x00000000         0xffffffff

Linker script and memory map

LOAD C:/ST/STM32CubeIDE_2.1.1/STM32CubeIDE/plugins/com.st.stm32cube.ide.mcu.externaltools.gnu-tools-for-stm32.14.3.rel1.win32_1.0.100.202602081740/tools/bin/../lib/gcc/arm-none-eabi/14.3.1/thumb/v7e-m+fp/hard/crti.o
LOAD C:/ST/STM32CubeIDE_2.1.1/STM32CubeIDE/plugins/com.st.stm32cube.ide.mcu.externaltools.gnu-tools-for-stm32.14.3.rel1.win32_1.0.100.202602081740/tools/bin/../lib/gcc/arm-none-eabi/14.3.1/thumb/v7e-m+fp/hard/crtbegin.o
LOAD C:/ST/STM32CubeIDE_2.1.1/STM32CubeIDE/plugins/com.st.stm32cube.ide.mcu.externaltools.gnu-tools-for-stm32.14.3.rel1.win32_1.0.100.202602081740/tools/bin/../lib/gcc/arm-none-eabi/14.3.1/../../../../arm-none-eabi/lib/thumb/v7e-m+fp/hard/crt0.o
LOAD ./Core/Src/freertos.o
LOAD ./Core/Src/main.o
LOAD ./Core/Src/retarget_usb.o
LOAD ./Core/Src/stm32f4xx_hal_msp.o
LOAD ./Core/Src/stm32f4xx_hal_timebase_tim.o
LOAD ./Core/Src/stm32f4xx_it.o
LOAD ./Core/Src/syscalls.o
LOAD ./Core/Src/sysmem.o
LOAD ./Core/Src/system_stm32f4xx.o
LOAD ./Core/Startup/startup_stm32f407vetx.o
LOAD ./Drivers/STM32F4xx_HAL_Driver/Src/stm32f4xx_hal.o
LOAD ./Drivers/STM32F4xx_HAL_Driver/Src/stm32f4xx_hal_adc.o
LOAD ./Drivers/STM32F4xx_HAL_Driver/Src/stm32f4xx_hal_adc_ex.o
LOAD ./Drivers/STM32F4xx_HAL_Driver/Src/stm32f4xx_hal_cortex.o
LOAD ./Drivers/STM32F4xx_HAL_Driver/Src/stm32f4xx_hal_dma.o
LOAD ./Drivers/STM32F4xx_HAL_Driver/Src/stm32f4xx_hal_dma_ex.o
LOAD ./Drivers/STM32F4xx_HAL_Driver/Src/stm32f4xx_hal_exti.o
LOAD ./Drivers/STM32F4xx_HAL_Driver/Src/stm32f4xx_hal_flash.o
LOAD ./Drivers/STM32F4xx_HAL_Driver/Src/stm32f4xx_hal_flash_ex.o
LOAD ./Drivers/STM32F4xx_HAL_Driver/Src/stm32f4xx_hal_flash_ramfunc.o
LOAD ./Drivers/STM32F4xx_HAL_Driver/Src/stm32f4xx_hal_gpio.o
LOAD ./Drivers/STM32F4xx_HAL_Driver/Src/stm32f4xx_hal_pcd.o
LOAD ./Drivers/STM32F4xx_HAL_Driver/Src/stm32f4xx_hal_pcd_ex.o
LOAD ./Drivers/STM32F4xx_HAL_Driver/Src/stm32f4xx_hal_pwr.o
LOAD ./Drivers/STM32F4xx_HAL_Driver/Src/stm32f4xx_hal_pwr_ex.o
LOAD ./Drivers/STM32F4xx_HAL_Driver/Src/stm32f4xx_hal_rcc.o
LOAD ./Drivers/STM32F4xx_HAL_Driver/Src/stm32f4xx_hal_rcc_ex.o
LOAD ./Drivers/STM32F4xx_HAL_Driver/Src/stm32f4xx_hal_tim.o
LOAD ./Drivers/STM32F4xx_HAL_Driver/Src/stm32f4xx_hal_tim_ex.o
LOAD ./Drivers/STM32F4xx_HAL_Driver/Src/stm32f4xx_ll_usb.o
LOAD ./Middlewares/ST/STM32_USB_Device_Library/Class/CDC/Src/usbd_cdc.o
LOAD ./Middlewares/ST/STM32_USB_Device_Library/Core/Src/usbd_core.o
LOAD ./Middlewares/ST/STM32_USB_Device_Library/Core/Src/usbd_ctlreq.o
LOAD ./Middlewares/ST/STM32_USB_Device_Library/Core/Src/usbd_ioreq.o
LOAD ./Middlewares/Third_Party/FreeRTOS/Source/CMSIS_RTOS_V2/cmsis_os2.o
LOAD ./Middlewares/Third_Party/FreeRTOS/Source/croutine.o
LOAD ./Middlewares/Third_Party/FreeRTOS/Source/event_groups.o
LOAD ./Middlewares/Third_Party/FreeRTOS/Source/list.o
LOAD ./Middlewares/Third_Party/FreeRTOS/Source/queue.o
LOAD ./Middlewares/Third_Party/FreeRTOS/Source/stream_buffer.o
LOAD ./Middlewares/Third_Party/FreeRTOS/Source/tasks.o
LOAD ./Middlewares/Third_Party/FreeRTOS/Source/timers.o
LOAD ./Middlewares/Third_Party/FreeRTOS/Source/portable/GCC/ARM_CM4F/port.o
LOAD ./Middlewares/Third_Party/FreeRTOS/Source/portable/MemMang/heap_4.o
LOAD ./USB_DEVICE/App/usb_device.o
LOAD ./USB_DEVICE/App/usbd_cdc_if.o
LOAD ./USB_DEVICE/App/usbd_desc.o
LOAD ./USB_DEVICE/Target/usbd_conf.o
START GROUP
LOAD C:/ST/STM32CubeIDE_2.1.1/STM32CubeIDE/plugins/com.st.stm32cube.ide.mcu.externaltools.gnu-tools-for-stm32.14.3.rel1.win32_1.0.100.202602081740/tools/bin/../lib/gcc/arm-none-eabi/14.3.1/../../../../arm-none-eabi/lib/thumb/v7e-m+fp/hard\libc_nano.a
LOAD C:/ST/STM32CubeIDE_2.1.1/STM32CubeIDE/plugins/com.st.stm32cube.ide.mcu.externaltools.gnu-tools-for-stm32.14.3.rel1.win32_1.0.100.202602081740/tools/bin/../lib/gcc/arm-none-eabi/14.3.1/../../../../arm-none-eabi/lib/thumb/v7e-m+fp/hard\libm.a
END GROUP
START GROUP
LOAD C:/ST/STM32CubeIDE_2.1.1/STM32CubeIDE/plugins/com.st.stm32cube.ide.mcu.externaltools.gnu-tools-for-stm32.14.3.rel1.win32_1.0.100.202602081740/tools/bin/../lib/gcc/arm-none-eabi/14.3.1/thumb/v7e-m+fp/hard\libgcc.a
LOAD C:/ST/STM32CubeIDE_2.1.1/STM32CubeIDE/plugins/com.st.stm32cube.ide.mcu.externaltools.gnu-tools-for-stm32.14.3.rel1.win32_1.0.100.202602081740/tools/bin/../lib/gcc/arm-none-eabi/14.3.1/../../../../arm-none-eabi/lib/thumb/v7e-m+fp/hard\libc_nano.a
END GROUP
START GROUP
LOAD C:/ST/STM32CubeIDE_2.1.1/STM32CubeIDE/plugins/com.st.stm32cube.ide.mcu.externaltools.gnu-tools-for-stm32.14.3.rel1.win32_1.0.100.202602081740/tools/bin/../lib/gcc/arm-none-eabi/14.3.1/thumb/v7e-m+fp/hard\libgcc.a
LOAD C:/ST/STM32CubeIDE_2.1.1/STM32CubeIDE/plugins/com.st.stm32cube.ide.mcu.externaltools.gnu-tools-for-stm32.14.3.rel1.win32_1.0.100.202602081740/tools/bin/../lib/gcc/arm-none-eabi/14.3.1/../../../../arm-none-eabi/lib/thumb/v7e-m+fp/hard\libc_nano.a
LOAD C:/ST/STM32CubeIDE_2.1.1/STM32CubeIDE/plugins/com.st.stm32cube.ide.mcu.externaltools.gnu-tools-for-stm32.14.3.rel1.win32_1.0.100.202602081740/tools/bin/../lib/gcc/arm-none-eabi/14.3.1/../../../../arm-none-eabi/lib/thumb/v7e-m+fp/hard\libnosys.a
END GROUP
START GROUP
LOAD C:/ST/STM32CubeIDE_2.1.1/STM32CubeIDE/plugins/com.st.stm32cube.ide.mcu.externaltools.gnu-tools-for-stm32.14.3.rel1.win32_1.0.100.202602081740/tools/bin/../lib/gcc/arm-none-eabi/14.3.1/thumb/v7e-m+fp/hard\libgcc.a
LOAD C:/ST/STM32CubeIDE_2.1.1/STM32CubeIDE/plugins/com.st.stm32cube.ide.mcu.externaltools.gnu-tools-for-stm32.14.3.rel1.win32_1.0.100.202602081740/tools/bin/../lib/gcc/arm-none-eabi/14.3.1/../../../../arm-none-eabi/lib/thumb/v7e-m+fp/hard\libc_nano.a
LOAD C:/ST/STM32CubeIDE_2.1.1/STM32CubeIDE/plugins/com.st.stm32cube.ide.mcu.externaltools.gnu-tools-for-stm32.14.3.rel1.win32_1.0.100.202602081740/tools/bin/../lib/gcc/arm-none-eabi/14.3.1/../../../../arm-none-eabi/lib/thumb/v7e-m+fp/hard\libnosys.a
END GROUP
LOAD C:/ST/STM32CubeIDE_2.1.1/STM32CubeIDE/plugins/com.st.stm32cube.ide.mcu.externaltools.gnu-tools-for-stm32.14.3.rel1.win32_1.0.100.202602081740/tools/bin/../lib/gcc/arm-none-eabi/14.3.1/thumb/v7e-m+fp/hard/crtend.o
LOAD C:/ST/STM32CubeIDE_2.1.1/STM32CubeIDE/plugins/com.st.stm32cube.ide.mcu.externaltools.gnu-tools-for-stm32.14.3.rel1.win32_1.0.100.202602081740/tools/bin/../lib/gcc/arm-none-eabi/14.3.1/thumb/v7e-m+fp/hard/crtn.o
                0x20020000                        _estack = (ORIGIN (RAM) + LENGTH (RAM))
                0x00000200                        _Min_Heap_Size = 0x200
                0x00000400                        _Min_Stack_Size = 0x400

.isr_vector     0x08000000      0x188
                0x08000000                        . = ALIGN (0x4)
 *(.isr_vector)
 .isr_vector    0x08000000      0x188 ./Core/Startup/startup_stm32f407vetx.o
                0x08000000                g_pfnVectors
                0x08000188                        . = ALIGN (0x4)

.text           0x08000190     0xe994
                0x08000190                        . = ALIGN (0x4)
 *(.text)
 .text          0x08000190       0x40 C:/ST/STM32CubeIDE_2.1.1/STM32CubeIDE/plugins/com.st.stm32cube.ide.mcu.externaltools.gnu-tools-for-stm32.14.3.rel1.win32_1.0.100.202602081740/tools/bin/../lib/gcc/arm-none-eabi/14.3.1/thumb/v7e-m+fp/hard/crtbegin.o
 .text          0x080001d0       0x10 C:/ST/STM32CubeIDE_2.1.1/STM32CubeIDE/plugins/com.st.stm32cube.ide.mcu.externaltools.gnu-tools-for-stm32.14.3.rel1.win32_1.0.100.202602081740/tools/bin/../lib/gcc/arm-none-eabi/14.3.1/../../../../arm-none-eabi/lib/thumb/v7e-m+fp/hard\libc_nano.a(libc_a-strlen.o)
                0x080001d0                strlen
 .text          0x080001e0       0xa0 C:/ST/STM32CubeIDE_2.1.1/STM32CubeIDE/plugins/com.st.stm32cube.ide.mcu.externaltools.gnu-tools-for-stm32.14.3.rel1.win32_1.0.100.202602081740/tools/bin/../lib/gcc/arm-none-eabi/14.3.1/../../../../arm-none-eabi/lib/thumb/v7e-m+fp/hard\libc_nano.a(libc_a-memchr.o)
                0x080001e0                memchr
 .text          0x08000280       0x30 C:/ST/STM32CubeIDE_2.1.1/STM32CubeIDE/plugins/com.st.stm32cube.ide.mcu.externaltools.gnu-tools-for-stm32.14.3.rel1.win32_1.0.100.202602081740/tools/bin/../lib/gcc/arm-none-eabi/14.3.1/thumb/v7e-m+fp/hard\libgcc.a(_aeabi_uldivmod.o)
                0x08000280                __aeabi_uldivmod
 .text          0x080002b0      0x2f8 C:/ST/STM32CubeIDE_2.1.1/STM32CubeIDE/plugins/com.st.stm32cube.ide.mcu.externaltools.gnu-tools-for-stm32.14.3.rel1.win32_1.0.100.202602081740/tools/bin/../lib/gcc/arm-none-eabi/14.3.1/thumb/v7e-m+fp/hard\libgcc.a(_udivmoddi4.o)
                0x080002b0                __udivmoddi4
 .text          0x080005a8        0x4 C:/ST/STM32CubeIDE_2.1.1/STM32CubeIDE/plugins/com.st.stm32cube.ide.mcu.externaltools.gnu-tools-for-stm32.14.3.rel1.win32_1.0.100.202602081740/tools/bin/../lib/gcc/arm-none-eabi/14.3.1/thumb/v7e-m+fp/hard\libgcc.a(_dvmd_tls.o)
                0x080005a8                __aeabi_idiv0
                0x080005a8                __aeabi_ldiv0
 *(.text*)
 .text.Dbg_DelayInit
                0x080005ac       0x34 ./Core/Src/main.o
                0x080005ac                Dbg_DelayInit
 .text.Dbg_DelayMs
                0x080005e0       0x4c ./Core/Src/main.o
                0x080005e0                Dbg_DelayMs
 .text.Dbg_PB6_Init
                0x0800062c       0x5c ./Core/Src/main.o
                0x0800062c                Dbg_PB6_Init
 .text.Dbg_PB6_Blink
                0x08000688       0x60 ./Core/Src/main.o
                0x08000688                Dbg_PB6_Blink
 .text.Dbg_PB6_BlinkForever
                0x080006e8       0x58 ./Core/Src/main.o
                0x080006e8                Dbg_PB6_BlinkForever
 .text.MotorContexts_Init
                0x08000740       0x60 ./Core/Src/main.o
                0x08000740                MotorContexts_Init
 .text.HandleUsbCommand
                0x080007a0      0x298 ./Core/Src/main.o
                0x080007a0                HandleUsbCommand
 .text.encodeCommand
                0x08000a38       0x42 ./Core/Src/main.o
                0x08000a38                encodeCommand
 *fill*         0x08000a7a        0x2 
 .text.main     0x08000a7c      0x224 ./Core/Src/main.o
                0x08000a7c                main
 .text.SystemClock_Config
                0x08000ca0       0xd4 ./Core/Src/main.o
                0x08000ca0                SystemClock_Config
 .text.MX_ADC1_Init
                0x08000d74       0xf8 ./Core/Src/main.o
 .text.MX_TIM2_Init
                0x08000e6c       0x98 ./Core/Src/main.o
 .text.MX_DMA_Init
                0x08000f04       0x40 ./Core/Src/main.o
 .text.MX_GPIO_Init
                0x08000f44       0xec ./Core/Src/main.o
 .text.StartTask1
                0x08001030       0xb4 ./Core/Src/main.o
                0x08001030                StartTask1
 .text.StartTask2
                0x080010e4       0x26 ./Core/Src/main.o
                0x080010e4                StartTask2
 *fill*         0x0800110a        0x2 
 .text.StartTask03
                0x0800110c       0x38 ./Core/Src/main.o
                0x0800110c                StartTask03
 .text.StartTask04
                0x08001144      0x120 ./Core/Src/main.o
                0x08001144                StartTask04
 .text.HAL_TIM_PeriodElapsedCallback
                0x08001264      0x210 ./Core/Src/main.o
                0x08001264                HAL_TIM_PeriodElapsedCallback
 .text.Error_Handler
                0x08001474       0xa4 ./Core/Src/main.o
                0x08001474                Error_Handler
 .text._write   0x08001518       0x58 ./Core/Src/retarget_usb.o
                0x08001518                _write
 .text.HAL_MspInit
                0x08001570       0x58 ./Core/Src/stm32f4xx_hal_msp.o
                0x08001570                HAL_MspInit
 .text.HAL_ADC_MspInit
                0x080015c8       0xf0 ./Core/Src/stm32f4xx_hal_msp.o
                0x080015c8                HAL_ADC_MspInit
 .text.HAL_TIM_Base_MspInit
                0x080016b8       0x4c ./Core/Src/stm32f4xx_hal_msp.o
                0x080016b8                HAL_TIM_Base_MspInit
 .text.HAL_InitTick
                0x08001704       0xf8 ./Core/Src/stm32f4xx_hal_timebase_tim.o
                0x08001704                HAL_InitTick
 .text.Fault_Blink
                0x080017fc       0x58 ./Core/Src/stm32f4xx_it.o
 .text.NMI_Handler
                0x08001854        0x8 ./Core/Src/stm32f4xx_it.o
                0x08001854                NMI_Handler
 .text.HardFault_Handler
                0x0800185c        0xe ./Core/Src/stm32f4xx_it.o
                0x0800185c                HardFault_Handler
 .text.MemManage_Handler
                0x0800186a        0xe ./Core/Src/stm32f4xx_it.o
                0x0800186a                MemManage_Handler
 .text.BusFault_Handler
                0x08001878        0xe ./Core/Src/stm32f4xx_it.o
                0x08001878                BusFault_Handler
 .text.UsageFault_Handler
                0x08001886        0xe ./Core/Src/stm32f4xx_it.o
                0x08001886                UsageFault_Handler
 .text.DebugMon_Handler
                0x08001894        0xe ./Core/Src/stm32f4xx_it.o
                0x08001894                DebugMon_Handler
 *fill*         0x080018a2        0x2 
 .text.TIM2_IRQHandler
                0x080018a4       0x14 ./Core/Src/stm32f4xx_it.o
                0x080018a4                TIM2_IRQHandler
 .text.TIM6_DAC_IRQHandler
                0x080018b8       0x14 ./Core/Src/stm32f4xx_it.o
                0x080018b8                TIM6_DAC_IRQHandler
 .text.DMA2_Stream0_IRQHandler
                0x080018cc       0x14 ./Core/Src/stm32f4xx_it.o
                0x080018cc                DMA2_Stream0_IRQHandler
 .text.OTG_FS_IRQHandler
                0x080018e0       0x14 ./Core/Src/stm32f4xx_it.o
                0x080018e0                OTG_FS_IRQHandler
 .text._read    0x080018f4       0x3a ./Core/Src/syscalls.o
                0x080018f4                _read
 .text._close   0x0800192e       0x18 ./Core/Src/syscalls.o
                0x0800192e                _close
 .text._fstat   0x08001946       0x20 ./Core/Src/syscalls.o
                0x08001946                _fstat
 .text._isatty  0x08001966       0x16 ./Core/Src/syscalls.o
                0x08001966                _isatty
 .text._lseek   0x0800197c       0x1a ./Core/Src/syscalls.o
                0x0800197c                _lseek
 *fill*         0x08001996        0x2 
 .text._sbrk    0x08001998       0x6c ./Core/Src/sysmem.o
                0x08001998                _sbrk
 .text.SystemInit
                0x08001a04       0x24 ./Core/Src/system_stm32f4xx.o
                0x08001a04                SystemInit
 .text.Reset_Handler
                0x08001a28       0x50 ./Core/Startup/startup_stm32f407vetx.o
                0x08001a28                Reset_Handler
 .text.Default_Handler
                0x08001a78        0x2 ./Core/Startup/startup_stm32f407vetx.o
                0x08001a78                RTC_Alarm_IRQHandler
                0x08001a78                HASH_RNG_IRQHandler
                0x08001a78                EXTI2_IRQHandler
                0x08001a78                TIM8_CC_IRQHandler
                0x08001a78                TIM1_CC_IRQHandler
                0x08001a78                DMA2_Stream5_IRQHandler
                0x08001a78                DMA1_Stream5_IRQHandler
                0x08001a78                PVD_IRQHandler
                0x08001a78                SDIO_IRQHandler
                0x08001a78                TAMP_STAMP_IRQHandler
                0x08001a78                CAN2_RX1_IRQHandler
                0x08001a78                EXTI3_IRQHandler
                0x08001a78                TIM8_TRG_COM_TIM14_IRQHandler
                0x08001a78                TIM1_UP_TIM10_IRQHandler
                0x08001a78                TIM8_UP_TIM13_IRQHandler
                0x08001a78                I2C3_ER_IRQHandler
                0x08001a78                EXTI0_IRQHandler
                0x08001a78                I2C2_EV_IRQHandler
                0x08001a78                DMA1_Stream2_IRQHandler
                0x08001a78                CAN1_RX0_IRQHandler
                0x08001a78                FPU_IRQHandler
                0x08001a78                OTG_HS_WKUP_IRQHandler
                0x08001a78                CAN2_SCE_IRQHandler
                0x08001a78                DMA2_Stream2_IRQHandler
                0x08001a78                SPI1_IRQHandler
                0x08001a78                TIM1_BRK_TIM9_IRQHandler
                0x08001a78                DCMI_IRQHandler
                0x08001a78                CAN2_RX0_IRQHandler
                0x08001a78                DMA2_Stream3_IRQHandler
                0x08001a78                USART6_IRQHandler
                0x08001a78                USART3_IRQHandler
                0x08001a78                CAN1_RX1_IRQHandler
                0x08001a78                UART5_IRQHandler
                0x08001a78                TIM4_IRQHandler
                0x08001a78                I2C1_EV_IRQHandler
                0x08001a78                DMA1_Stream6_IRQHandler
                0x08001a78                DMA1_Stream1_IRQHandler
                0x08001a78                UART4_IRQHandler
                0x08001a78                TIM3_IRQHandler
                0x08001a78                RCC_IRQHandler
                0x08001a78                TIM8_BRK_TIM12_IRQHandler
                0x08001a78                Default_Handler
                0x08001a78                EXTI15_10_IRQHandler
                0x08001a78                ADC_IRQHandler
                0x08001a78                DMA1_Stream7_IRQHandler
                0x08001a78                TIM7_IRQHandler
                0x08001a78                CAN2_TX_IRQHandler
                0x08001a78                TIM5_IRQHandler
                0x08001a78                DMA2_Stream7_IRQHandler
                0x08001a78                I2C3_EV_IRQHandler
                0x08001a78                EXTI9_5_IRQHandler
                0x08001a78                RTC_WKUP_IRQHandler
                0x08001a78                ETH_WKUP_IRQHandler
                0x08001a78                SPI2_IRQHandler
                0x08001a78                OTG_HS_EP1_IN_IRQHandler
                0x08001a78                DMA1_Stream0_IRQHandler
                0x08001a78                CAN1_TX_IRQHandler
                0x08001a78                EXTI4_IRQHandler
                0x08001a78                FSMC_IRQHandler
                0x08001a78                ETH_IRQHandler
                0x08001a78                OTG_HS_EP1_OUT_IRQHandler
                0x08001a78                WWDG_IRQHandler
                0x08001a78                OTG_FS_WKUP_IRQHandler
                0x08001a78                TIM1_TRG_COM_TIM11_IRQHandler
                0x08001a78                OTG_HS_IRQHandler
                0x08001a78                EXTI1_IRQHandler
                0x08001a78                USART2_IRQHandler
                0x08001a78                I2C2_ER_IRQHandler
                0x08001a78                DMA2_Stream1_IRQHandler
                0x08001a78                CAN1_SCE_IRQHandler
                0x08001a78                FLASH_IRQHandler
                0x08001a78                DMA2_Stream4_IRQHandler
                0x08001a78                USART1_IRQHandler
                0x08001a78                SPI3_IRQHandler
                0x08001a78                DMA1_Stream4_IRQHandler
                0x08001a78                I2C1_ER_IRQHandler
                0x08001a78                DMA2_Stream6_IRQHandler
                0x08001a78                DMA1_Stream3_IRQHandler
 *fill*         0x08001a7a        0x2 
 .text.HAL_Init
                0x08001a7c       0x44 ./Drivers/STM32F4xx_HAL_Driver/Src/stm32f4xx_hal.o
                0x08001a7c                HAL_Init
 .text.HAL_IncTick
                0x08001ac0       0x28 ./Drivers/STM32F4xx_HAL_Driver/Src/stm32f4xx_hal.o
                0x08001ac0                HAL_IncTick
 .text.HAL_GetTick
                0x08001ae8       0x18 ./Drivers/STM32F4xx_HAL_Driver/Src/stm32f4xx_hal.o
                0x08001ae8                HAL_GetTick
 .text.HAL_Delay
                0x08001b00       0x48 ./Drivers/STM32F4xx_HAL_Driver/Src/stm32f4xx_hal.o
                0x08001b00                HAL_Delay
 .text.HAL_ADC_Init
                0x08001b48       0x86 ./Drivers/STM32F4xx_HAL_Driver/Src/stm32f4xx_hal_adc.o
                0x08001b48                HAL_ADC_Init
 *fill*         0x08001bce        0x2 
 .text.HAL_ADC_Start_DMA
                0x08001bd0      0x228 ./Drivers/STM32F4xx_HAL_Driver/Src/stm32f4xx_hal_adc.o
                0x08001bd0                HAL_ADC_Start_DMA
 .text.HAL_ADC_ConvCpltCallback
                0x08001df8       0x14 ./Drivers/STM32F4xx_HAL_Driver/Src/stm32f4xx_hal_adc.o
                0x08001df8                HAL_ADC_ConvCpltCallback
 .text.HAL_ADC_ConvHalfCpltCallback
                0x08001e0c       0x14 ./Drivers/STM32F4xx_HAL_Driver/Src/stm32f4xx_hal_adc.o
                0x08001e0c                HAL_ADC_ConvHalfCpltCallback
 .text.HAL_ADC_ErrorCallback
                0x08001e20       0x14 ./Drivers/STM32F4xx_HAL_Driver/Src/stm32f4xx_hal_adc.o
                0x08001e20                HAL_ADC_ErrorCallback
 .text.HAL_ADC_ConfigChannel
                0x08001e34      0x244 ./Drivers/STM32F4xx_HAL_Driver/Src/stm32f4xx_hal_adc.o
                0x08001e34                HAL_ADC_ConfigChannel
 .text.HAL_ADC_GetError
                0x08002078       0x18 ./Drivers/STM32F4xx_HAL_Driver/Src/stm32f4xx_hal_adc.o
                0x08002078                HAL_ADC_GetError
 .text.ADC_Init
                0x08002090      0x1f8 ./Drivers/STM32F4xx_HAL_Driver/Src/stm32f4xx_hal_adc.o
 .text.ADC_DMAConvCplt
                0x08002288       0xba ./Drivers/STM32F4xx_HAL_Driver/Src/stm32f4xx_hal_adc.o
 .text.ADC_DMAHalfConvCplt
                0x08002342       0x1c ./Drivers/STM32F4xx_HAL_Driver/Src/stm32f4xx_hal_adc.o
 .text.ADC_DMAError
                0x0800235e       0x2e ./Drivers/STM32F4xx_HAL_Driver/Src/stm32f4xx_hal_adc.o
 .text.__NVIC_SetPriorityGrouping
                0x0800238c       0x48 ./Drivers/STM32F4xx_HAL_Driver/Src/stm32f4xx_hal_cortex.o
 .text.__NVIC_GetPriorityGrouping
                0x080023d4       0x1c ./Drivers/STM32F4xx_HAL_Driver/Src/stm32f4xx_hal_cortex.o
 .text.__NVIC_EnableIRQ
                0x080023f0       0x3c ./Drivers/STM32F4xx_HAL_Driver/Src/stm32f4xx_hal_cortex.o
 .text.__NVIC_SetPriority
                0x0800242c       0x54 ./Drivers/STM32F4xx_HAL_Driver/Src/stm32f4xx_hal_cortex.o
 .text.NVIC_EncodePriority
                0x08002480       0x66 ./Drivers/STM32F4xx_HAL_Driver/Src/stm32f4xx_hal_cortex.o
 .text.HAL_NVIC_SetPriorityGrouping
                0x080024e6       0x16 ./Drivers/STM32F4xx_HAL_Driver/Src/stm32f4xx_hal_cortex.o
                0x080024e6                HAL_NVIC_SetPriorityGrouping
 .text.HAL_NVIC_SetPriority
                0x080024fc       0x38 ./Drivers/STM32F4xx_HAL_Driver/Src/stm32f4xx_hal_cortex.o
                0x080024fc                HAL_NVIC_SetPriority
 .text.HAL_NVIC_EnableIRQ
                0x08002534       0x1c ./Drivers/STM32F4xx_HAL_Driver/Src/stm32f4xx_hal_cortex.o
                0x08002534                HAL_NVIC_EnableIRQ
 .text.HAL_DMA_Init
                0x08002550      0x15c ./Drivers/STM32F4xx_HAL_Driver/Src/stm32f4xx_hal_dma.o
                0x08002550                HAL_DMA_Init
 .text.HAL_DMA_Start_IT
                0x080026ac       0xb0 ./Drivers/STM32F4xx_HAL_Driver/Src/stm32f4xx_hal_dma.o
                0x080026ac                HAL_DMA_Start_IT
 .text.HAL_DMA_IRQHandler
                0x0800275c      0x314 ./Drivers/STM32F4xx_HAL_Driver/Src/stm32f4xx_hal_dma.o
                0x0800275c                HAL_DMA_IRQHandler
 .text.DMA_SetConfig
                0x08002a70       0x5c ./Drivers/STM32F4xx_HAL_Driver/Src/stm32f4xx_hal_dma.o
 .text.DMA_CalcBaseAndBitshift
                0x08002acc       0x6c ./Drivers/STM32F4xx_HAL_Driver/Src/stm32f4xx_hal_dma.o
 .text.DMA_CheckFifoParam
                0x08002b38       0xf8 ./Drivers/STM32F4xx_HAL_Driver/Src/stm32f4xx_hal_dma.o
 .text.HAL_GPIO_Init
                0x08002c30      0x338 ./Drivers/STM32F4xx_HAL_Driver/Src/stm32f4xx_hal_gpio.o
                0x08002c30                HAL_GPIO_Init
 .text.HAL_GPIO_WritePin
                0x08002f68       0x32 ./Drivers/STM32F4xx_HAL_Driver/Src/stm32f4xx_hal_gpio.o
                0x08002f68                HAL_GPIO_WritePin
 .text.HAL_GPIO_TogglePin
                0x08002f9a       0x34 ./Drivers/STM32F4xx_HAL_Driver/Src/stm32f4xx_hal_gpio.o
                0x08002f9a                HAL_GPIO_TogglePin
 .text.HAL_PCD_Init
                0x08002fce      0x21e ./Drivers/STM32F4xx_HAL_Driver/Src/stm32f4xx_hal_pcd.o
                0x08002fce                HAL_PCD_Init
 .text.HAL_PCD_Start
                0x080031ec       0x6a ./Drivers/STM32F4xx_HAL_Driver/Src/stm32f4xx_hal_pcd.o
                0x080031ec                HAL_PCD_Start
 .text.HAL_PCD_IRQHandler
                0x08003256      0x942 ./Drivers/STM32F4xx_HAL_Driver/Src/stm32f4xx_hal_pcd.o
                0x08003256                HAL_PCD_IRQHandler
 .text.HAL_PCD_SetAddress
                0x08003b98       0x48 ./Drivers/STM32F4xx_HAL_Driver/Src/stm32f4xx_hal_pcd.o
                0x08003b98                HAL_PCD_SetAddress
 .text.HAL_PCD_EP_Open
                0x08003be0       0xd4 ./Drivers/STM32F4xx_HAL_Driver/Src/stm32f4xx_hal_pcd.o
                0x08003be0                HAL_PCD_EP_Open
 .text.HAL_PCD_EP_Close
                0x08003cb4       0x94 ./Drivers/STM32F4xx_HAL_Driver/Src/stm32f4xx_hal_pcd.o
                0x08003cb4                HAL_PCD_EP_Close
 .text.HAL_PCD_EP_Receive
                0x08003d48       0x76 ./Drivers/STM32F4xx_HAL_Driver/Src/stm32f4xx_hal_pcd.o
                0x08003d48                HAL_PCD_EP_Receive
 .text.HAL_PCD_EP_GetRxCount
                0x08003dbe       0x30 ./Drivers/STM32F4xx_HAL_Driver/Src/stm32f4xx_hal_pcd.o
                0x08003dbe                HAL_PCD_EP_GetRxCount
 .text.HAL_PCD_EP_Transmit
                0x08003dee       0x74 ./Drivers/STM32F4xx_HAL_Driver/Src/stm32f4xx_hal_pcd.o
                0x08003dee                HAL_PCD_EP_Transmit
 .text.HAL_PCD_EP_SetStall
                0x08003e62       0xc6 ./Drivers/STM32F4xx_HAL_Driver/Src/stm32f4xx_hal_pcd.o
                0x08003e62                HAL_PCD_EP_SetStall
 .text.HAL_PCD_EP_ClrStall
                0x08003f28       0xac ./Drivers/STM32F4xx_HAL_Driver/Src/stm32f4xx_hal_pcd.o
                0x08003f28                HAL_PCD_EP_ClrStall
 .text.HAL_PCD_EP_Abort
                0x08003fd4       0x62 ./Drivers/STM32F4xx_HAL_Driver/Src/stm32f4xx_hal_pcd.o
                0x08003fd4                HAL_PCD_EP_Abort
 .text.PCD_WriteEmptyTxFifo
                0x08004036      0x118 ./Drivers/STM32F4xx_HAL_Driver/Src/stm32f4xx_hal_pcd.o
 *fill*         0x0800414e        0x2 
 .text.PCD_EP_OutXfrComplete_int
                0x08004150      0x1d0 ./Drivers/STM32F4xx_HAL_Driver/Src/stm32f4xx_hal_pcd.o
 .text.PCD_EP_OutSetupPacket_int
                0x08004320       0x8c ./Drivers/STM32F4xx_HAL_Driver/Src/stm32f4xx_hal_pcd.o
 .text.HAL_PCDEx_SetTxFiFo
                0x080043ac       0x8e ./Drivers/STM32F4xx_HAL_Driver/Src/stm32f4xx_hal_pcd_ex.o
                0x080043ac                HAL_PCDEx_SetTxFiFo
 .text.HAL_PCDEx_SetRxFiFo
                0x0800443a       0x22 ./Drivers/STM32F4xx_HAL_Driver/Src/stm32f4xx_hal_pcd_ex.o
                0x0800443a                HAL_PCDEx_SetRxFiFo
 .text.HAL_PCDEx_LPM_Callback
                0x0800445c       0x18 ./Drivers/STM32F4xx_HAL_Driver/Src/stm32f4xx_hal_pcd_ex.o
                0x0800445c                HAL_PCDEx_LPM_Callback
 .text.HAL_RCC_OscConfig
                0x08004474      0x4f0 ./Drivers/STM32F4xx_HAL_Driver/Src/stm32f4xx_hal_rcc.o
                0x08004474                HAL_RCC_OscConfig
 .text.HAL_RCC_ClockConfig
                0x08004964      0x1cc ./Drivers/STM32F4xx_HAL_Driver/Src/stm32f4xx_hal_rcc.o
                0x08004964                HAL_RCC_ClockConfig
 .text.HAL_RCC_GetSysClockFreq
                0x08004b30      0x20c ./Drivers/STM32F4xx_HAL_Driver/Src/stm32f4xx_hal_rcc.o
                0x08004b30                HAL_RCC_GetSysClockFreq
 .text.HAL_RCC_GetHCLKFreq
                0x08004d3c       0x18 ./Drivers/STM32F4xx_HAL_Driver/Src/stm32f4xx_hal_rcc.o
                0x08004d3c                HAL_RCC_GetHCLKFreq
 .text.HAL_RCC_GetPCLK1Freq
                0x08004d54       0x28 ./Drivers/STM32F4xx_HAL_Driver/Src/stm32f4xx_hal_rcc.o
                0x08004d54                HAL_RCC_GetPCLK1Freq
 .text.HAL_RCC_GetClockConfig
                0x08004d7c       0x64 ./Drivers/STM32F4xx_HAL_Driver/Src/stm32f4xx_hal_rcc.o
                0x08004d7c                HAL_RCC_GetClockConfig
 .text.HAL_TIM_Base_Init
                0x08004de0       0x9e ./Drivers/STM32F4xx_HAL_Driver/Src/stm32f4xx_hal_tim.o
                0x08004de0                HAL_TIM_Base_Init
 *fill*         0x08004e7e        0x2 
 .text.HAL_TIM_Base_Start_IT
                0x08004e80       0xe0 ./Drivers/STM32F4xx_HAL_Driver/Src/stm32f4xx_hal_tim.o
                0x08004e80                HAL_TIM_Base_Start_IT
 .text.HAL_TIM_IRQHandler
                0x08004f60      0x1e0 ./Drivers/STM32F4xx_HAL_Driver/Src/stm32f4xx_hal_tim.o
                0x08004f60                HAL_TIM_IRQHandler
 .text.HAL_TIM_ConfigClockSource
                0x08005140      0x18e ./Drivers/STM32F4xx_HAL_Driver/Src/stm32f4xx_hal_tim.o
                0x08005140                HAL_TIM_ConfigClockSource
 .text.HAL_TIM_OC_DelayElapsedCallback
                0x080052ce       0x14 ./Drivers/STM32F4xx_HAL_Driver/Src/stm32f4xx_hal_tim.o
                0x080052ce                HAL_TIM_OC_DelayElapsedCallback
 .text.HAL_TIM_IC_CaptureCallback
                0x080052e2       0x14 ./Drivers/STM32F4xx_HAL_Driver/Src/stm32f4xx_hal_tim.o
                0x080052e2                HAL_TIM_IC_CaptureCallback
 .text.HAL_TIM_PWM_PulseFinishedCallback
                0x080052f6       0x14 ./Drivers/STM32F4xx_HAL_Driver/Src/stm32f4xx_hal_tim.o
                0x080052f6                HAL_TIM_PWM_PulseFinishedCallback
 .text.HAL_TIM_TriggerCallback
                0x0800530a       0x14 ./Drivers/STM32F4xx_HAL_Driver/Src/stm32f4xx_hal_tim.o
                0x0800530a                HAL_TIM_TriggerCallback
 *fill*         0x0800531e        0x2 
 .text.TIM_Base_SetConfig
                0x08005320      0x14c ./Drivers/STM32F4xx_HAL_Driver/Src/stm32f4xx_hal_tim.o
                0x08005320                TIM_Base_SetConfig
 .text.TIM_TI1_ConfigInputStage
                0x0800546c       0x5e ./Drivers/STM32F4xx_HAL_Driver/Src/stm32f4xx_hal_tim.o
 .text.TIM_TI2_ConfigInputStage
                0x080054ca       0x60 ./Drivers/STM32F4xx_HAL_Driver/Src/stm32f4xx_hal_tim.o
 .text.TIM_ITRx_SetConfig
                0x0800552a       0x36 ./Drivers/STM32F4xx_HAL_Driver/Src/stm32f4xx_hal_tim.o
 .text.TIM_ETR_SetConfig
                0x08005560       0x40 ./Drivers/STM32F4xx_HAL_Driver/Src/stm32f4xx_hal_tim.o
                0x08005560                TIM_ETR_SetConfig
 .text.HAL_TIMEx_MasterConfigSynchronization
                0x080055a0       0xf8 ./Drivers/STM32F4xx_HAL_Driver/Src/stm32f4xx_hal_tim_ex.o
                0x080055a0                HAL_TIMEx_MasterConfigSynchronization
 .text.HAL_TIMEx_CommutCallback
                0x08005698       0x14 ./Drivers/STM32F4xx_HAL_Driver/Src/stm32f4xx_hal_tim_ex.o
                0x08005698                HAL_TIMEx_CommutCallback
 .text.HAL_TIMEx_BreakCallback
                0x080056ac       0x14 ./Drivers/STM32F4xx_HAL_Driver/Src/stm32f4xx_hal_tim_ex.o
                0x080056ac                HAL_TIMEx_BreakCallback
 .text.USB_CoreInit
                0x080056c0       0xc8 ./Drivers/STM32F4xx_HAL_Driver/Src/stm32f4xx_ll_usb.o
                0x080056c0                USB_CoreInit
 .text.USB_SetTurnaroundTime
                0x08005788      0x144 ./Drivers/STM32F4xx_HAL_Driver/Src/stm32f4xx_ll_usb.o
                0x08005788                USB_SetTurnaroundTime
 .text.USB_EnableGlobalInt
                0x080058cc       0x22 ./Drivers/STM32F4xx_HAL_Driver/Src/stm32f4xx_ll_usb.o
                0x080058cc                USB_EnableGlobalInt
 .text.USB_DisableGlobalInt
                0x080058ee       0x22 ./Drivers/STM32F4xx_HAL_Driver/Src/stm32f4xx_ll_usb.o
                0x080058ee                USB_DisableGlobalInt
 .text.USB_SetCurrentMode
                0x08005910       0x98 ./Drivers/STM32F4xx_HAL_Driver/Src/stm32f4xx_ll_usb.o
                0x08005910                USB_SetCurrentMode
 .text.USB_DevInit
                0x080059a8      0x2c8 ./Drivers/STM32F4xx_HAL_Driver/Src/stm32f4xx_ll_usb.o
                0x080059a8                USB_DevInit
 .text.USB_FlushTxFifo
                0x08005c70       0x64 ./Drivers/STM32F4xx_HAL_Driver/Src/stm32f4xx_ll_usb.o
                0x08005c70                USB_FlushTxFifo
 .text.USB_FlushRxFifo
                0x08005cd4       0x5c ./Drivers/STM32F4xx_HAL_Driver/Src/stm32f4xx_ll_usb.o
                0x08005cd4                USB_FlushRxFifo
 .text.USB_SetDevSpeed
                0x08005d30       0x32 ./Drivers/STM32F4xx_HAL_Driver/Src/stm32f4xx_ll_usb.o
                0x08005d30                USB_SetDevSpeed
 .text.USB_GetDevSpeed
                0x08005d62       0x4a ./Drivers/STM32F4xx_HAL_Driver/Src/stm32f4xx_ll_usb.o
                0x08005d62                USB_GetDevSpeed
 .text.USB_ActivateEndpoint
                0x08005dac      0x10e ./Drivers/STM32F4xx_HAL_Driver/Src/stm32f4xx_ll_usb.o
                0x08005dac                USB_ActivateEndpoint
 *fill*         0x08005eba        0x2 
 .text.USB_DeactivateEndpoint
                0x08005ebc      0x1b8 ./Drivers/STM32F4xx_HAL_Driver/Src/stm32f4xx_ll_usb.o
                0x08005ebc                USB_DeactivateEndpoint
 .text.USB_EPStartXfer
                0x08006074      0x53c ./Drivers/STM32F4xx_HAL_Driver/Src/stm32f4xx_ll_usb.o
                0x08006074                USB_EPStartXfer
 .text.USB_EPStopXfer
                0x080065b0      0x154 ./Drivers/STM32F4xx_HAL_Driver/Src/stm32f4xx_ll_usb.o
                0x080065b0                USB_EPStopXfer
 .text.USB_WritePacket
                0x08006704       0x7c ./Drivers/STM32F4xx_HAL_Driver/Src/stm32f4xx_ll_usb.o
                0x08006704                USB_WritePacket
 .text.USB_ReadPacket
                0x08006780       0xb0 ./Drivers/STM32F4xx_HAL_Driver/Src/stm32f4xx_ll_usb.o
                0x08006780                USB_ReadPacket
 .text.USB_EPSetStall
                0x08006830       0xdc ./Drivers/STM32F4xx_HAL_Driver/Src/stm32f4xx_ll_usb.o
                0x08006830                USB_EPSetStall
 .text.USB_EPClearStall
                0x0800690c       0xcc ./Drivers/STM32F4xx_HAL_Driver/Src/stm32f4xx_ll_usb.o
                0x0800690c                USB_EPClearStall
 .text.USB_SetDevAddress
                0x080069d8       0x4c ./Drivers/STM32F4xx_HAL_Driver/Src/stm32f4xx_ll_usb.o
                0x080069d8                USB_SetDevAddress
 .text.USB_DevConnect
                0x08006a24       0x42 ./Drivers/STM32F4xx_HAL_Driver/Src/stm32f4xx_ll_usb.o
                0x08006a24                USB_DevConnect
 .text.USB_DevDisconnect
                0x08006a66       0x42 ./Drivers/STM32F4xx_HAL_Driver/Src/stm32f4xx_ll_usb.o
                0x08006a66                USB_DevDisconnect
 .text.USB_ReadInterrupts
                0x08006aa8       0x26 ./Drivers/STM32F4xx_HAL_Driver/Src/stm32f4xx_ll_usb.o
                0x08006aa8                USB_ReadInterrupts
 .text.USB_ReadDevAllOutEpInterrupt
                0x08006ace       0x34 ./Drivers/STM32F4xx_HAL_Driver/Src/stm32f4xx_ll_usb.o
                0x08006ace                USB_ReadDevAllOutEpInterrupt
 .text.USB_ReadDevAllInEpInterrupt
                0x08006b02       0x34 ./Drivers/STM32F4xx_HAL_Driver/Src/stm32f4xx_ll_usb.o
                0x08006b02                USB_ReadDevAllInEpInterrupt
 .text.USB_ReadDevOutEPInterrupt
                0x08006b36       0x3c ./Drivers/STM32F4xx_HAL_Driver/Src/stm32f4xx_ll_usb.o
                0x08006b36                USB_ReadDevOutEPInterrupt
 .text.USB_ReadDevInEPInterrupt
                0x08006b72       0x5c ./Drivers/STM32F4xx_HAL_Driver/Src/stm32f4xx_ll_usb.o
                0x08006b72                USB_ReadDevInEPInterrupt
 .text.USB_GetMode
                0x08006bce       0x1c ./Drivers/STM32F4xx_HAL_Driver/Src/stm32f4xx_ll_usb.o
                0x08006bce                USB_GetMode
 .text.USB_ActivateSetup
                0x08006bea       0x46 ./Drivers/STM32F4xx_HAL_Driver/Src/stm32f4xx_ll_usb.o
                0x08006bea                USB_ActivateSetup
 .text.USB_EP0_OutStart
                0x08006c30       0xbc ./Drivers/STM32F4xx_HAL_Driver/Src/stm32f4xx_ll_usb.o
                0x08006c30                USB_EP0_OutStart
 .text.USB_CoreReset
                0x08006cec       0x70 ./Drivers/STM32F4xx_HAL_Driver/Src/stm32f4xx_ll_usb.o
 .text.USBD_CDC_Init
                0x08006d5c      0x1f0 ./Middlewares/ST/STM32_USB_Device_Library/Class/CDC/Src/usbd_cdc.o
 .text.USBD_CDC_DeInit
                0x08006f4c      0x104 ./Middlewares/ST/STM32_USB_Device_Library/Class/CDC/Src/usbd_cdc.o
 .text.USBD_CDC_Setup
                0x08007050      0x1b8 ./Middlewares/ST/STM32_USB_Device_Library/Class/CDC/Src/usbd_cdc.o
 .text.USBD_CDC_DataIn
                0x08007208       0xfe ./Middlewares/ST/STM32_USB_Device_Library/Class/CDC/Src/usbd_cdc.o
 .text.USBD_CDC_DataOut
                0x08007306       0x70 ./Middlewares/ST/STM32_USB_Device_Library/Class/CDC/Src/usbd_cdc.o
 .text.USBD_CDC_EP0_RxReady
                0x08007376       0x74 ./Middlewares/ST/STM32_USB_Device_Library/Class/CDC/Src/usbd_cdc.o
 *fill*         0x080073ea        0x2 
 .text.USBD_CDC_GetFSCfgDesc
                0x080073ec       0x70 ./Middlewares/ST/STM32_USB_Device_Library/Class/CDC/Src/usbd_cdc.o
 .text.USBD_CDC_GetHSCfgDesc
                0x0800745c       0x70 ./Middlewares/ST/STM32_USB_Device_Library/Class/CDC/Src/usbd_cdc.o
 .text.USBD_CDC_GetOtherSpeedCfgDesc
                0x080074cc       0x70 ./Middlewares/ST/STM32_USB_Device_Library/Class/CDC/Src/usbd_cdc.o
 .text.USBD_CDC_GetDeviceQualifierDescriptor
                0x0800753c       0x20 ./Middlewares/ST/STM32_USB_Device_Library/Class/CDC/Src/usbd_cdc.o
                0x0800753c                USBD_CDC_GetDeviceQualifierDescriptor
 .text.USBD_CDC_RegisterInterface
                0x0800755c       0x34 ./Middlewares/ST/STM32_USB_Device_Library/Class/CDC/Src/usbd_cdc.o
                0x0800755c                USBD_CDC_RegisterInterface
 .text.USBD_CDC_SetTxBuffer
                0x08007590       0x44 ./Middlewares/ST/STM32_USB_Device_Library/Class/CDC/Src/usbd_cdc.o
                0x08007590                USBD_CDC_SetTxBuffer
 .text.USBD_CDC_SetRxBuffer
                0x080075d4       0x3a ./Middlewares/ST/STM32_USB_Device_Library/Class/CDC/Src/usbd_cdc.o
                0x080075d4                USBD_CDC_SetRxBuffer
 *fill*         0x0800760e        0x2 
 .text.USBD_CDC_TransmitPacket
                0x08007610       0x80 ./Middlewares/ST/STM32_USB_Device_Library/Class/CDC/Src/usbd_cdc.o
                0x08007610                USBD_CDC_TransmitPacket
 .text.USBD_CDC_ReceivePacket
                0x08007690       0x6c ./Middlewares/ST/STM32_USB_Device_Library/Class/CDC/Src/usbd_cdc.o
                0x08007690                USBD_CDC_ReceivePacket
 .text.USBD_Init
                0x080076fc       0x60 ./Middlewares/ST/STM32_USB_Device_Library/Core/Src/usbd_core.o
                0x080076fc                USBD_Init
 .text.USBD_RegisterClass
                0x0800775c       0x6c ./Middlewares/ST/STM32_USB_Device_Library/Core/Src/usbd_core.o
                0x0800775c                USBD_RegisterClass
 .text.USBD_Start
                0x080077c8       0x18 ./Middlewares/ST/STM32_USB_Device_Library/Core/Src/usbd_core.o
                0x080077c8                USBD_Start
 .text.USBD_RunTestMode
                0x080077e0       0x16 ./Middlewares/ST/STM32_USB_Device_Library/Core/Src/usbd_core.o
                0x080077e0                USBD_RunTestMode
 .text.USBD_SetClassConfig
                0x080077f6       0x38 ./Middlewares/ST/STM32_USB_Device_Library/Core/Src/usbd_core.o
                0x080077f6                USBD_SetClassConfig
 .text.USBD_ClrClassConfig
                0x0800782e       0x34 ./Middlewares/ST/STM32_USB_Device_Library/Core/Src/usbd_core.o
                0x0800782e                USBD_ClrClassConfig
 .text.USBD_LL_SetupStage
                0x08007862       0xaa ./Middlewares/ST/STM32_USB_Device_Library/Core/Src/usbd_core.o
                0x08007862                USBD_LL_SetupStage
 .text.USBD_LL_DataOutStage
                0x0800790c      0x178 ./Middlewares/ST/STM32_USB_Device_Library/Core/Src/usbd_core.o
                0x0800790c                USBD_LL_DataOutStage
 .text.USBD_LL_DataInStage
                0x08007a84      0x176 ./Middlewares/ST/STM32_USB_Device_Library/Core/Src/usbd_core.o
                0x08007a84                USBD_LL_DataInStage
 .text.USBD_LL_Reset
                0x08007bfa       0xa6 ./Middlewares/ST/STM32_USB_Device_Library/Core/Src/usbd_core.o
                0x08007bfa                USBD_LL_Reset
 .text.USBD_LL_SetSpeed
                0x08007ca0       0x20 ./Middlewares/ST/STM32_USB_Device_Library/Core/Src/usbd_core.o
                0x08007ca0                USBD_LL_SetSpeed
 .text.USBD_LL_Suspend
                0x08007cc0       0x38 ./Middlewares/ST/STM32_USB_Device_Library/Core/Src/usbd_core.o
                0x08007cc0                USBD_LL_Suspend
 .text.USBD_LL_Resume
                0x08007cf8       0x30 ./Middlewares/ST/STM32_USB_Device_Library/Core/Src/usbd_core.o
                0x08007cf8                USBD_LL_Resume
 .text.USBD_LL_SOF
                0x08007d28       0x40 ./Middlewares/ST/STM32_USB_Device_Library/Core/Src/usbd_core.o
                0x08007d28                USBD_LL_SOF
 .text.USBD_LL_IsoINIncomplete
                0x08007d68       0x64 ./Middlewares/ST/STM32_USB_Device_Library/Core/Src/usbd_core.o
                0x08007d68                USBD_LL_IsoINIncomplete
 .text.USBD_LL_IsoOUTIncomplete
                0x08007dcc       0x64 ./Middlewares/ST/STM32_USB_Device_Library/Core/Src/usbd_core.o
                0x08007dcc                USBD_LL_IsoOUTIncomplete
 .text.USBD_LL_DevConnected
                0x08007e30       0x16 ./Middlewares/ST/STM32_USB_Device_Library/Core/Src/usbd_core.o
                0x08007e30                USBD_LL_DevConnected
 .text.USBD_LL_DevDisconnected
                0x08007e46       0x46 ./Middlewares/ST/STM32_USB_Device_Library/Core/Src/usbd_core.o
                0x08007e46                USBD_LL_DevDisconnected
 .text.USBD_CoreFindIF
                0x08007e8c       0x1a ./Middlewares/ST/STM32_USB_Device_Library/Core/Src/usbd_core.o
                0x08007e8c                USBD_CoreFindIF
 .text.USBD_CoreFindEP
                0x08007ea6       0x1a ./Middlewares/ST/STM32_USB_Device_Library/Core/Src/usbd_core.o
                0x08007ea6                USBD_CoreFindEP
 .text.USBD_GetEpDesc
                0x08007ec0       0x70 ./Middlewares/ST/STM32_USB_Device_Library/Core/Src/usbd_core.o
                0x08007ec0                USBD_GetEpDesc
 .text.USBD_GetNextDesc
                0x08007f30       0x38 ./Middlewares/ST/STM32_USB_Device_Library/Core/Src/usbd_core.o
                0x08007f30                USBD_GetNextDesc
 .text.SWAPBYTE
                0x08007f68       0x3e ./Middlewares/ST/STM32_USB_Device_Library/Core/Src/usbd_ctlreq.o
 *fill*         0x08007fa6        0x2 
 .text.USBD_StdDevReq
                0x08007fa8       0xe4 ./Middlewares/ST/STM32_USB_Device_Library/Core/Src/usbd_ctlreq.o
                0x08007fa8                USBD_StdDevReq
 .text.USBD_StdItfReq
                0x0800808c       0xd8 ./Middlewares/ST/STM32_USB_Device_Library/Core/Src/usbd_ctlreq.o
                0x0800808c                USBD_StdItfReq
 .text.USBD_StdEPReq
                0x08008164      0x33e ./Middlewares/ST/STM32_USB_Device_Library/Core/Src/usbd_ctlreq.o
                0x08008164                USBD_StdEPReq
 *fill*         0x080084a2        0x2 
 .text.USBD_GetDescriptor
                0x080084a4      0x2d4 ./Middlewares/ST/STM32_USB_Device_Library/Core/Src/usbd_ctlreq.o
 .text.USBD_SetAddress
                0x08008778       0x88 ./Middlewares/ST/STM32_USB_Device_Library/Core/Src/usbd_ctlreq.o
 .text.USBD_SetConfig
                0x08008800      0x154 ./Middlewares/ST/STM32_USB_Device_Library/Core/Src/usbd_ctlreq.o
 .text.USBD_GetConfig
                0x08008954       0x6c ./Middlewares/ST/STM32_USB_Device_Library/Core/Src/usbd_ctlreq.o
 .text.USBD_GetStatus
                0x080089c0       0x68 ./Middlewares/ST/STM32_USB_Device_Library/Core/Src/usbd_ctlreq.o
 .text.USBD_SetFeature
                0x08008a28       0x52 ./Middlewares/ST/STM32_USB_Device_Library/Core/Src/usbd_ctlreq.o
 .text.USBD_ClrFeature
                0x08008a7a       0x44 ./Middlewares/ST/STM32_USB_Device_Library/Core/Src/usbd_ctlreq.o
 .text.USBD_ParseSetupRequest
                0x08008abe       0x74 ./Middlewares/ST/STM32_USB_Device_Library/Core/Src/usbd_ctlreq.o
                0x08008abe                USBD_ParseSetupRequest
 .text.USBD_CtlError
                0x08008b32       0x22 ./Middlewares/ST/STM32_USB_Device_Library/Core/Src/usbd_ctlreq.o
                0x08008b32                USBD_CtlError
 .text.USBD_GetString
                0x08008b54       0xa4 ./Middlewares/ST/STM32_USB_Device_Library/Core/Src/usbd_ctlreq.o
                0x08008b54                USBD_GetString
 .text.USBD_GetLen
                0x08008bf8       0x34 ./Middlewares/ST/STM32_USB_Device_Library/Core/Src/usbd_ctlreq.o
 .text.USBD_CtlSendData
                0x08008c2c       0x3c ./Middlewares/ST/STM32_USB_Device_Library/Core/Src/usbd_ioreq.o
                0x08008c2c                USBD_CtlSendData
 .text.USBD_CtlContinueSendData
                0x08008c68       0x22 ./Middlewares/ST/STM32_USB_Device_Library/Core/Src/usbd_ioreq.o
                0x08008c68                USBD_CtlContinueSendData
 .text.USBD_CtlPrepareRx
                0x08008c8a       0x42 ./Middlewares/ST/STM32_USB_Device_Library/Core/Src/usbd_ioreq.o
                0x08008c8a                USBD_CtlPrepareRx
 .text.USBD_CtlContinueRx
                0x08008ccc       0x22 ./Middlewares/ST/STM32_USB_Device_Library/Core/Src/usbd_ioreq.o
                0x08008ccc                USBD_CtlContinueRx
 .text.USBD_CtlSendStatus
                0x08008cee       0x26 ./Middlewares/ST/STM32_USB_Device_Library/Core/Src/usbd_ioreq.o
                0x08008cee                USBD_CtlSendStatus
 .text.USBD_CtlReceiveStatus
                0x08008d14       0x26 ./Middlewares/ST/STM32_USB_Device_Library/Core/Src/usbd_ioreq.o
                0x08008d14                USBD_CtlReceiveStatus
 *fill*         0x08008d3a        0x2 
 .text.__NVIC_SetPriority
                0x08008d3c       0x54 ./Middlewares/Third_Party/FreeRTOS/Source/CMSIS_RTOS_V2/cmsis_os2.o
 .text.SysTick_Handler
                0x08008d90       0x20 ./Middlewares/Third_Party/FreeRTOS/Source/CMSIS_RTOS_V2/cmsis_os2.o
                0x08008d90                SysTick_Handler
 .text.SVC_Setup
                0x08008db0       0x12 ./Middlewares/Third_Party/FreeRTOS/Source/CMSIS_RTOS_V2/cmsis_os2.o
 *fill*         0x08008dc2        0x2 
 .text.osKernelInitialize
                0x08008dc4       0x48 ./Middlewares/Third_Party/FreeRTOS/Source/CMSIS_RTOS_V2/cmsis_os2.o
                0x08008dc4                osKernelInitialize
 .text.osKernelStart
                0x08008e0c       0x4c ./Middlewares/Third_Party/FreeRTOS/Source/CMSIS_RTOS_V2/cmsis_os2.o
                0x08008e0c                osKernelStart
 .text.osThreadNew
                0x08008e58      0x124 ./Middlewares/Third_Party/FreeRTOS/Source/CMSIS_RTOS_V2/cmsis_os2.o
                0x08008e58                osThreadNew
 .text.osDelay  0x08008f7c       0x36 ./Middlewares/Third_Party/FreeRTOS/Source/CMSIS_RTOS_V2/cmsis_os2.o
                0x08008f7c                osDelay
 .text.osMessageQueueNew
                0x08008fb2       0xe6 ./Middlewares/Third_Party/FreeRTOS/Source/CMSIS_RTOS_V2/cmsis_os2.o
                0x08008fb2                osMessageQueueNew
 .text.osMessageQueuePut
                0x08009098       0xc0 ./Middlewares/Third_Party/FreeRTOS/Source/CMSIS_RTOS_V2/cmsis_os2.o
                0x08009098                osMessageQueuePut
 .text.osMessageQueueGet
                0x08009158       0xbc ./Middlewares/Third_Party/FreeRTOS/Source/CMSIS_RTOS_V2/cmsis_os2.o
                0x08009158                osMessageQueueGet
 .text.vApplicationGetIdleTaskMemory
                0x08009214       0x34 ./Middlewares/Third_Party/FreeRTOS/Source/CMSIS_RTOS_V2/cmsis_os2.o
                0x08009214                vApplicationGetIdleTaskMemory
 .text.vApplicationGetTimerTaskMemory
                0x08009248       0x34 ./Middlewares/Third_Party/FreeRTOS/Source/CMSIS_RTOS_V2/cmsis_os2.o
                0x08009248                vApplicationGetTimerTaskMemory
 .text.vListInitialise
                0x0800927c       0x40 ./Middlewares/Third_Party/FreeRTOS/Source/list.o
                0x0800927c                vListInitialise
 .text.vListInitialiseItem
                0x080092bc       0x1a ./Middlewares/Third_Party/FreeRTOS/Source/list.o
                0x080092bc                vListInitialiseItem
 .text.vListInsertEnd
                0x080092d6       0x48 ./Middlewares/Third_Party/FreeRTOS/Source/list.o
                0x080092d6                vListInsertEnd
 .text.vListInsert
                0x0800931e       0x72 ./Middlewares/Third_Party/FreeRTOS/Source/list.o
                0x0800931e                vListInsert
 .text.uxListRemove
                0x08009390       0x54 ./Middlewares/Third_Party/FreeRTOS/Source/list.o
                0x08009390                uxListRemove
 .text.xQueueGenericReset
                0x080093e4       0xd4 ./Middlewares/Third_Party/FreeRTOS/Source/queue.o
                0x080093e4                xQueueGenericReset
 .text.xQueueGenericCreateStatic
                0x080094b8       0xfa ./Middlewares/Third_Party/FreeRTOS/Source/queue.o
                0x080094b8                xQueueGenericCreateStatic
 .text.xQueueGenericCreate
                0x080095b2       0x76 ./Middlewares/Third_Party/FreeRTOS/Source/queue.o
                0x080095b2                xQueueGenericCreate
 .text.prvInitialiseNewQueue
                0x08009628       0x46 ./Middlewares/Third_Party/FreeRTOS/Source/queue.o
 *fill*         0x0800966e        0x2 
 .text.xQueueGenericSend
                0x08009670      0x204 ./Middlewares/Third_Party/FreeRTOS/Source/queue.o
                0x08009670                xQueueGenericSend
 .text.xQueueGenericSendFromISR
                0x08009874      0x13c ./Middlewares/Third_Party/FreeRTOS/Source/queue.o
                0x08009874                xQueueGenericSendFromISR
 .text.xQueueReceive
                0x080099b0      0x1c4 ./Middlewares/Third_Party/FreeRTOS/Source/queue.o
                0x080099b0                xQueueReceive
 .text.xQueueReceiveFromISR
                0x08009b74      0x104 ./Middlewares/Third_Party/FreeRTOS/Source/queue.o
                0x08009b74                xQueueReceiveFromISR
 .text.prvCopyDataToQueue
                0x08009c78       0xd4 ./Middlewares/Third_Party/FreeRTOS/Source/queue.o
 .text.prvCopyDataFromQueue
                0x08009d4c       0x4c ./Middlewares/Third_Party/FreeRTOS/Source/queue.o
 .text.prvUnlockQueue
                0x08009d98       0xa4 ./Middlewares/Third_Party/FreeRTOS/Source/queue.o
 .text.prvIsQueueEmpty
                0x08009e3c       0x2c ./Middlewares/Third_Party/FreeRTOS/Source/queue.o
 .text.prvIsQueueFull
                0x08009e68       0x30 ./Middlewares/Third_Party/FreeRTOS/Source/queue.o
 .text.vQueueAddToRegistry
                0x08009e98       0x54 ./Middlewares/Third_Party/FreeRTOS/Source/queue.o
                0x08009e98                vQueueAddToRegistry
 .text.vQueueWaitForMessageRestricted
                0x08009eec       0x68 ./Middlewares/Third_Party/FreeRTOS/Source/queue.o
                0x08009eec                vQueueWaitForMessageRestricted
 .text.xStreamBufferGenericCreate
                0x08009f54       0xbc ./Middlewares/Third_Party/FreeRTOS/Source/stream_buffer.o
                0x08009f54                xStreamBufferGenericCreate
 .text.xStreamBufferSpacesAvailable
                0x0800a010       0x68 ./Middlewares/Third_Party/FreeRTOS/Source/stream_buffer.o
                0x0800a010                xStreamBufferSpacesAvailable
 .text.xStreamBufferSendFromISR
                0x0800a078       0xe6 ./Middlewares/Third_Party/FreeRTOS/Source/stream_buffer.o
                0x0800a078                xStreamBufferSendFromISR
 .text.prvWriteMessageToBuffer
                0x0800a15e       0x7a ./Middlewares/Third_Party/FreeRTOS/Source/stream_buffer.o
 .text.xStreamBufferReceive
                0x0800a1d8      0x130 ./Middlewares/Third_Party/FreeRTOS/Source/stream_buffer.o
                0x0800a1d8                xStreamBufferReceive
 .text.prvReadMessageFromBuffer
                0x0800a308       0x64 ./Middlewares/Third_Party/FreeRTOS/Source/stream_buffer.o
 .text.prvWriteBytesToBuffer
                0x0800a36c       0xea ./Middlewares/Third_Party/FreeRTOS/Source/stream_buffer.o
 .text.prvReadBytesFromBuffer
                0x0800a456       0xfa ./Middlewares/Third_Party/FreeRTOS/Source/stream_buffer.o
 .text.prvBytesInBuffer
                0x0800a550       0x40 ./Middlewares/Third_Party/FreeRTOS/Source/stream_buffer.o
 .text.prvInitialiseNewStreamBuffer
                0x0800a590       0x68 ./Middlewares/Third_Party/FreeRTOS/Source/stream_buffer.o
 .text.xTaskCreateStatic
                0x0800a5f8       0xc0 ./Middlewares/Third_Party/FreeRTOS/Source/tasks.o
                0x0800a5f8                xTaskCreateStatic
 .text.xTaskCreate
                0x0800a6b8       0x8a ./Middlewares/Third_Party/FreeRTOS/Source/tasks.o
                0x0800a6b8                xTaskCreate
 .text.prvInitialiseNewTask
                0x0800a742      0x120 ./Middlewares/Third_Party/FreeRTOS/Source/tasks.o
 *fill*         0x0800a862        0x2 
 .text.prvAddNewTaskToReadyList
                0x0800a864       0xe0 ./Middlewares/Third_Party/FreeRTOS/Source/tasks.o
 .text.vTaskDelay
                0x0800a944       0x6c ./Middlewares/Third_Party/FreeRTOS/Source/tasks.o
                0x0800a944                vTaskDelay
 .text.vTaskStartScheduler
                0x0800a9b0       0xd0 ./Middlewares/Third_Party/FreeRTOS/Source/tasks.o
                0x0800a9b0                vTaskStartScheduler
 .text.vTaskSuspendAll
                0x0800aa80       0x1c ./Middlewares/Third_Party/FreeRTOS/Source/tasks.o
                0x0800aa80                vTaskSuspendAll
 .text.xTaskResumeAll
                0x0800aa9c      0x13c ./Middlewares/Third_Party/FreeRTOS/Source/tasks.o
                0x0800aa9c                xTaskResumeAll
 .text.xTaskGetTickCount
                0x0800abd8       0x20 ./Middlewares/Third_Party/FreeRTOS/Source/tasks.o
                0x0800abd8                xTaskGetTickCount
 .text.xTaskIncrementTick
                0x0800abf8      0x174 ./Middlewares/Third_Party/FreeRTOS/Source/tasks.o
                0x0800abf8                xTaskIncrementTick
 .text.vTaskSwitchContext
                0x0800ad6c       0xbc ./Middlewares/Third_Party/FreeRTOS/Source/tasks.o
                0x0800ad6c                vTaskSwitchContext
 .text.vTaskPlaceOnEventList
                0x0800ae28       0x4c ./Middlewares/Third_Party/FreeRTOS/Source/tasks.o
                0x0800ae28                vTaskPlaceOnEventList
 .text.vTaskPlaceOnEventListRestricted
                0x0800ae74       0x58 ./Middlewares/Third_Party/FreeRTOS/Source/tasks.o
                0x0800ae74                vTaskPlaceOnEventListRestricted
 .text.xTaskRemoveFromEventList
                0x0800aecc       0xc8 ./Middlewares/Third_Party/FreeRTOS/Source/tasks.o
                0x0800aecc                xTaskRemoveFromEventList
 .text.vTaskInternalSetTimeOutState
                0x0800af94       0x2c ./Middlewares/Third_Party/FreeRTOS/Source/tasks.o
                0x0800af94                vTaskInternalSetTimeOutState
 .text.xTaskCheckForTimeOut
                0x0800afc0       0xc8 ./Middlewares/Third_Party/FreeRTOS/Source/tasks.o
                0x0800afc0                xTaskCheckForTimeOut
 .text.vTaskMissedYield
                0x0800b088       0x18 ./Middlewares/Third_Party/FreeRTOS/Source/tasks.o
                0x0800b088                vTaskMissedYield
 .text.prvIdleTask
                0x0800b0a0       0x30 ./Middlewares/Third_Party/FreeRTOS/Source/tasks.o
 .text.prvInitialiseTaskLists
                0x0800b0d0       0x80 ./Middlewares/Third_Party/FreeRTOS/Source/tasks.o
 .text.prvCheckTasksWaitingTermination
                0x0800b150       0x5c ./Middlewares/Third_Party/FreeRTOS/Source/tasks.o
 .text.prvDeleteTCB
                0x0800b1ac       0x60 ./Middlewares/Third_Party/FreeRTOS/Source/tasks.o
 .text.prvResetNextTaskUnblockTime
                0x0800b20c       0x40 ./Middlewares/Third_Party/FreeRTOS/Source/tasks.o
 .text.xTaskGetCurrentTaskHandle
                0x0800b24c       0x20 ./Middlewares/Third_Party/FreeRTOS/Source/tasks.o
                0x0800b24c                xTaskGetCurrentTaskHandle
 .text.xTaskGetSchedulerState
                0x0800b26c       0x3c ./Middlewares/Third_Party/FreeRTOS/Source/tasks.o
                0x0800b26c                xTaskGetSchedulerState
 .text.xTaskPriorityDisinherit
                0x0800b2a8       0xe0 ./Middlewares/Third_Party/FreeRTOS/Source/tasks.o
                0x0800b2a8                xTaskPriorityDisinherit
 .text.xTaskNotifyWait
                0x0800b388       0xb4 ./Middlewares/Third_Party/FreeRTOS/Source/tasks.o
                0x0800b388                xTaskNotifyWait
 .text.xTaskGenericNotify
                0x0800b43c      0x174 ./Middlewares/Third_Party/FreeRTOS/Source/tasks.o
                0x0800b43c                xTaskGenericNotify
 .text.xTaskGenericNotifyFromISR
                0x0800b5b0      0x1c0 ./Middlewares/Third_Party/FreeRTOS/Source/tasks.o
                0x0800b5b0                xTaskGenericNotifyFromISR
 .text.xTaskNotifyStateClear
                0x0800b770       0x4c ./Middlewares/Third_Party/FreeRTOS/Source/tasks.o
                0x0800b770                xTaskNotifyStateClear
 .text.prvAddCurrentTaskToDelayedList
                0x0800b7bc       0xa8 ./Middlewares/Third_Party/FreeRTOS/Source/tasks.o
 .text.xTimerCreateTimerTask
                0x0800b864       0x94 ./Middlewares/Third_Party/FreeRTOS/Source/timers.o
                0x0800b864                xTimerCreateTimerTask
 .text.xTimerGenericCommand
                0x0800b8f8       0x9c ./Middlewares/Third_Party/FreeRTOS/Source/timers.o
                0x0800b8f8                xTimerGenericCommand
 .text.prvProcessExpiredTimer
                0x0800b994       0x9c ./Middlewares/Third_Party/FreeRTOS/Source/timers.o
 .text.prvTimerTask
                0x0800ba30       0x26 ./Middlewares/Third_Party/FreeRTOS/Source/timers.o
 *fill*         0x0800ba56        0x2 
 .text.prvProcessTimerOrBlockTask
                0x0800ba58       0x9c ./Middlewares/Third_Party/FreeRTOS/Source/timers.o
 .text.prvGetNextExpireTime
                0x0800baf4       0x48 ./Middlewares/Third_Party/FreeRTOS/Source/timers.o
 .text.prvSampleTimeNow
                0x0800bb3c       0x40 ./Middlewares/Third_Party/FreeRTOS/Source/timers.o
 .text.prvInsertTimerInActiveList
                0x0800bb7c       0x84 ./Middlewares/Third_Party/FreeRTOS/Source/timers.o
 .text.prvProcessReceivedCommands
                0x0800bc00      0x1cc ./Middlewares/Third_Party/FreeRTOS/Source/timers.o
 .text.prvSwitchTimerLists
                0x0800bdcc       0xcc ./Middlewares/Third_Party/FreeRTOS/Source/timers.o
 .text.prvCheckForValidListAndQueue
                0x0800be98       0x80 ./Middlewares/Third_Party/FreeRTOS/Source/timers.o
 .text.pxPortInitialiseStack
                0x0800bf18       0x68 ./Middlewares/Third_Party/FreeRTOS/Source/portable/GCC/ARM_CM4F/port.o
                0x0800bf18                pxPortInitialiseStack
 .text.prvTaskExitError
                0x0800bf80       0x5c ./Middlewares/Third_Party/FreeRTOS/Source/portable/GCC/ARM_CM4F/port.o
 *fill*         0x0800bfdc        0x4 
 .text.SVC_Handler
                0x0800bfe0       0x28 ./Middlewares/Third_Party/FreeRTOS/Source/portable/GCC/ARM_CM4F/port.o
                0x0800bfe0                SVC_Handler
 .text.prvPortStartFirstTask
                0x0800c008       0x28 ./Middlewares/Third_Party/FreeRTOS/Source/portable/GCC/ARM_CM4F/port.o
 .text.xPortStartScheduler
                0x0800c030      0x148 ./Middlewares/Third_Party/FreeRTOS/Source/portable/GCC/ARM_CM4F/port.o
                0x0800c030                xPortStartScheduler
 .text.vPortEnterCritical
                0x0800c178       0x64 ./Middlewares/Third_Party/FreeRTOS/Source/portable/GCC/ARM_CM4F/port.o
                0x0800c178                vPortEnterCritical
 .text.vPortExitCritical
                0x0800c1dc       0x54 ./Middlewares/Third_Party/FreeRTOS/Source/portable/GCC/ARM_CM4F/port.o
                0x0800c1dc                vPortExitCritical
 .text.PendSV_Handler
                0x0800c230       0x68 ./Middlewares/Third_Party/FreeRTOS/Source/portable/GCC/ARM_CM4F/port.o
                0x0800c230                PendSV_Handler
 .text.xPortSysTickHandler
                0x0800c298       0x44 ./Middlewares/Third_Party/FreeRTOS/Source/portable/GCC/ARM_CM4F/port.o
                0x0800c298                xPortSysTickHandler
 .text.vPortSetupTimerInterrupt
                0x0800c2dc       0x48 ./Middlewares/Third_Party/FreeRTOS/Source/portable/GCC/ARM_CM4F/port.o
                0x0800c2dc                vPortSetupTimerInterrupt
 .text.vPortEnableVFP
                0x0800c324       0x14 ./Middlewares/Third_Party/FreeRTOS/Source/portable/GCC/ARM_CM4F/port.o
 .text.vPortValidateInterruptPriority
                0x0800c338       0x84 ./Middlewares/Third_Party/FreeRTOS/Source/portable/GCC/ARM_CM4F/port.o
                0x0800c338                vPortValidateInterruptPriority
 .text.pvPortMalloc
                0x0800c3bc      0x19c ./Middlewares/Third_Party/FreeRTOS/Source/portable/MemMang/heap_4.o
                0x0800c3bc                pvPortMalloc
 .text.vPortFree
                0x0800c558       0xc8 ./Middlewares/Third_Party/FreeRTOS/Source/portable/MemMang/heap_4.o
                0x0800c558                vPortFree
 .text.prvHeapInit
                0x0800c620       0xc4 ./Middlewares/Third_Party/FreeRTOS/Source/portable/MemMang/heap_4.o
 .text.prvInsertBlockIntoFreeList
                0x0800c6e4       0xb4 ./Middlewares/Third_Party/FreeRTOS/Source/portable/MemMang/heap_4.o
 .text.MX_USB_DEVICE_Init
                0x0800c798       0x60 ./USB_DEVICE/App/usb_device.o
                0x0800c798                MX_USB_DEVICE_Init
 .text.CDC_Init_FS
                0x0800c7f8       0x28 ./USB_DEVICE/App/usbd_cdc_if.o
 .text.CDC_DeInit_FS
                0x0800c820       0x10 ./USB_DEVICE/App/usbd_cdc_if.o
 .text.CDC_Control_FS
                0x0800c830       0xbc ./USB_DEVICE/App/usbd_cdc_if.o
 .text.CDC_Receive_FS
                0x0800c8ec       0x6c ./USB_DEVICE/App/usbd_cdc_if.o
 .text.CDC_Transmit_FS
                0x0800c958       0x4c ./USB_DEVICE/App/usbd_cdc_if.o
                0x0800c958                CDC_Transmit_FS
 .text.CDC_TransmitCplt_FS
                0x0800c9a4       0x22 ./USB_DEVICE/App/usbd_cdc_if.o
 *fill*         0x0800c9c6        0x2 
 .text.USBD_FS_DeviceDescriptor
                0x0800c9c8       0x24 ./USB_DEVICE/App/usbd_desc.o
                0x0800c9c8                USBD_FS_DeviceDescriptor
 .text.USBD_FS_LangIDStrDescriptor
                0x0800c9ec       0x24 ./USB_DEVICE/App/usbd_desc.o
                0x0800c9ec                USBD_FS_LangIDStrDescriptor
 .text.USBD_FS_ProductStrDescriptor
                0x0800ca10       0x3c ./USB_DEVICE/App/usbd_desc.o
                0x0800ca10                USBD_FS_ProductStrDescriptor
 .text.USBD_FS_ManufacturerStrDescriptor
                0x0800ca4c       0x28 ./USB_DEVICE/App/usbd_desc.o
                0x0800ca4c                USBD_FS_ManufacturerStrDescriptor
 .text.USBD_FS_SerialStrDescriptor
                0x0800ca74       0x24 ./USB_DEVICE/App/usbd_desc.o
                0x0800ca74                USBD_FS_SerialStrDescriptor
 .text.USBD_FS_ConfigStrDescriptor
                0x0800ca98       0x3c ./USB_DEVICE/App/usbd_desc.o
                0x0800ca98                USBD_FS_ConfigStrDescriptor
 .text.USBD_FS_InterfaceStrDescriptor
                0x0800cad4       0x3c ./USB_DEVICE/App/usbd_desc.o
                0x0800cad4                USBD_FS_InterfaceStrDescriptor
 .text.Get_SerialNum
                0x0800cb10       0x58 ./USB_DEVICE/App/usbd_desc.o
 .text.IntToUnicode
                0x0800cb68       0x7e ./USB_DEVICE/App/usbd_desc.o
 *fill*         0x0800cbe6        0x2 
 .text.HAL_PCD_MspInit
                0x0800cbe8       0xa8 ./USB_DEVICE/Target/usbd_conf.o
                0x0800cbe8                HAL_PCD_MspInit
 .text.HAL_PCD_SetupStageCallback
                0x0800cc90       0x24 ./USB_DEVICE/Target/usbd_conf.o
                0x0800cc90                HAL_PCD_SetupStageCallback
 .text.HAL_PCD_DataOutStageCallback
                0x0800ccb4       0x36 ./USB_DEVICE/Target/usbd_conf.o
                0x0800ccb4                HAL_PCD_DataOutStageCallback
 .text.HAL_PCD_DataInStageCallback
                0x0800ccea       0x34 ./USB_DEVICE/Target/usbd_conf.o
                0x0800ccea                HAL_PCD_DataInStageCallback
 .text.HAL_PCD_SOFCallback
                0x0800cd1e       0x1c ./USB_DEVICE/Target/usbd_conf.o
                0x0800cd1e                HAL_PCD_SOFCallback
 .text.HAL_PCD_ResetCallback
                0x0800cd3a       0x50 ./USB_DEVICE/Target/usbd_conf.o
                0x0800cd3a                HAL_PCD_ResetCallback
 *fill*         0x0800cd8a        0x2 
 .text.HAL_PCD_SuspendCallback
                0x0800cd8c       0x4c ./USB_DEVICE/Target/usbd_conf.o
                0x0800cd8c                HAL_PCD_SuspendCallback
 .text.HAL_PCD_ResumeCallback
                0x0800cdd8       0x1c ./USB_DEVICE/Target/usbd_conf.o
                0x0800cdd8                HAL_PCD_ResumeCallback
 .text.HAL_PCD_ISOOUTIncompleteCallback
                0x0800cdf4       0x24 ./USB_DEVICE/Target/usbd_conf.o
                0x0800cdf4                HAL_PCD_ISOOUTIncompleteCallback
 .text.HAL_PCD_ISOINIncompleteCallback
                0x0800ce18       0x24 ./USB_DEVICE/Target/usbd_conf.o
                0x0800ce18                HAL_PCD_ISOINIncompleteCallback
 .text.HAL_PCD_ConnectCallback
                0x0800ce3c       0x1c ./USB_DEVICE/Target/usbd_conf.o
                0x0800ce3c                HAL_PCD_ConnectCallback
 .text.HAL_PCD_DisconnectCallback
                0x0800ce58       0x1c ./USB_DEVICE/Target/usbd_conf.o
                0x0800ce58                HAL_PCD_DisconnectCallback
 .text.USBD_LL_Init
                0x0800ce74       0x98 ./USB_DEVICE/Target/usbd_conf.o
                0x0800ce74                USBD_LL_Init
 .text.USBD_LL_Start
                0x0800cf0c       0x36 ./USB_DEVICE/Target/usbd_conf.o
                0x0800cf0c                USBD_LL_Start
 .text.USBD_LL_OpenEP
                0x0800cf42       0x4c ./USB_DEVICE/Target/usbd_conf.o
                0x0800cf42                USBD_LL_OpenEP
 .text.USBD_LL_CloseEP
                0x0800cf8e       0x3e ./USB_DEVICE/Target/usbd_conf.o
                0x0800cf8e                USBD_LL_CloseEP
 .text.USBD_LL_StallEP
                0x0800cfcc       0x3e ./USB_DEVICE/Target/usbd_conf.o
                0x0800cfcc                USBD_LL_StallEP
 .text.USBD_LL_ClearStallEP
                0x0800d00a       0x3e ./USB_DEVICE/Target/usbd_conf.o
                0x0800d00a                USBD_LL_ClearStallEP
 .text.USBD_LL_IsStallEP
                0x0800d048       0x58 ./USB_DEVICE/Target/usbd_conf.o
                0x0800d048                USBD_LL_IsStallEP
 .text.USBD_LL_SetUSBAddress
                0x0800d0a0       0x3e ./USB_DEVICE/Target/usbd_conf.o
                0x0800d0a0                USBD_LL_SetUSBAddress
 .text.USBD_LL_Transmit
                0x0800d0de       0x42 ./USB_DEVICE/Target/usbd_conf.o
                0x0800d0de                USBD_LL_Transmit
 .text.USBD_LL_PrepareReceive
                0x0800d120       0x42 ./USB_DEVICE/Target/usbd_conf.o
                0x0800d120                USBD_LL_PrepareReceive
 .text.USBD_LL_GetRxDataSize
                0x0800d162       0x26 ./USB_DEVICE/Target/usbd_conf.o
                0x0800d162                USBD_LL_GetRxDataSize
 .text.USBD_static_malloc
                0x0800d188       0x1c ./USB_DEVICE/Target/usbd_conf.o
                0x0800d188                USBD_static_malloc
 .text.USBD_static_free
                0x0800d1a4       0x14 ./USB_DEVICE/Target/usbd_conf.o
                0x0800d1a4                USBD_static_free
 .text.USBD_Get_USB_Status
                0x0800d1b8       0x58 ./USB_DEVICE/Target/usbd_conf.o
                0x0800d1b8                USBD_Get_USB_Status
 .text.std      0x0800d210       0x6c C:/ST/STM32CubeIDE_2.1.1/STM32CubeIDE/plugins/com.st.stm32cube.ide.mcu.externaltools.gnu-tools-for-stm32.14.3.rel1.win32_1.0.100.202602081740/tools/bin/../lib/gcc/arm-none-eabi/14.3.1/../../../../arm-none-eabi/lib/thumb/v7e-m+fp/hard\libc_nano.a(libc_a-findfp.o)
 .text.stdio_exit_handler
                0x0800d27c       0x18 C:/ST/STM32CubeIDE_2.1.1/STM32CubeIDE/plugins/com.st.stm32cube.ide.mcu.externaltools.gnu-tools-for-stm32.14.3.rel1.win32_1.0.100.202602081740/tools/bin/../lib/gcc/arm-none-eabi/14.3.1/../../../../arm-none-eabi/lib/thumb/v7e-m+fp/hard\libc_nano.a(libc_a-findfp.o)
 .text.cleanup_stdio
                0x0800d294       0x40 C:/ST/STM32CubeIDE_2.1.1/STM32CubeIDE/plugins/com.st.stm32cube.ide.mcu.externaltools.gnu-tools-for-stm32.14.3.rel1.win32_1.0.100.202602081740/tools/bin/../lib/gcc/arm-none-eabi/14.3.1/../../../../arm-none-eabi/lib/thumb/v7e-m+fp/hard\libc_nano.a(libc_a-findfp.o)
 .text.global_stdio_init.part.0
                0x0800d2d4       0x40 C:/ST/STM32CubeIDE_2.1.1/STM32CubeIDE/plugins/com.st.stm32cube.ide.mcu.externaltools.gnu-tools-for-stm32.14.3.rel1.win32_1.0.100.202602081740/tools/bin/../lib/gcc/arm-none-eabi/14.3.1/../../../../arm-none-eabi/lib/thumb/v7e-m+fp/hard\libc_nano.a(libc_a-findfp.o)
 .text.__sfp_lock_acquire
                0x0800d314        0xc C:/ST/STM32CubeIDE_2.1.1/STM32CubeIDE/plugins/com.st.stm32cube.ide.mcu.externaltools.gnu-tools-for-stm32.14.3.rel1.win32_1.0.100.202602081740/tools/bin/../lib/gcc/arm-none-eabi/14.3.1/../../../../arm-none-eabi/lib/thumb/v7e-m+fp/hard\libc_nano.a(libc_a-findfp.o)
                0x0800d314                __sfp_lock_acquire
 .text.__sfp_lock_release
                0x0800d320        0xc C:/ST/STM32CubeIDE_2.1.1/STM32CubeIDE/plugins/com.st.stm32cube.ide.mcu.externaltools.gnu-tools-for-stm32.14.3.rel1.win32_1.0.100.202602081740/tools/bin/../lib/gcc/arm-none-eabi/14.3.1/../../../../arm-none-eabi/lib/thumb/v7e-m+fp/hard\libc_nano.a(libc_a-findfp.o)
                0x0800d320                __sfp_lock_release
 .text.__sinit  0x0800d32c       0x30 C:/ST/STM32CubeIDE_2.1.1/STM32CubeIDE/plugins/com.st.stm32cube.ide.mcu.externaltools.gnu-tools-for-stm32.14.3.rel1.win32_1.0.100.202602081740/tools/bin/../lib/gcc/arm-none-eabi/14.3.1/../../../../arm-none-eabi/lib/thumb/v7e-m+fp/hard\libc_nano.a(libc_a-findfp.o)
                0x0800d32c                __sinit
 .text._fwalk_sglue
                0x0800d35c       0x3c C:/ST/STM32CubeIDE_2.1.1/STM32CubeIDE/plugins/com.st.stm32cube.ide.mcu.externaltools.gnu-tools-for-stm32.14.3.rel1.win32_1.0.100.202602081740/tools/bin/../lib/gcc/arm-none-eabi/14.3.1/../../../../arm-none-eabi/lib/thumb/v7e-m+fp/hard\libc_nano.a(libc_a-fwalk.o)
                0x0800d35c                _fwalk_sglue
 .text.printf   0x0800d398       0x24 C:/ST/STM32CubeIDE_2.1.1/STM32CubeIDE/plugins/com.st.stm32cube.ide.mcu.externaltools.gnu-tools-for-stm32.14.3.rel1.win32_1.0.100.202602081740/tools/bin/../lib/gcc/arm-none-eabi/14.3.1/../../../../arm-none-eabi/lib/thumb/v7e-m+fp/hard\libc_nano.a(libc_a-printf.o)
                0x0800d398                iprintf
                0x0800d398                printf
 .text._puts_r  0x0800d3bc       0xaa C:/ST/STM32CubeIDE_2.1.1/STM32CubeIDE/plugins/com.st.stm32cube.ide.mcu.externaltools.gnu-tools-for-stm32.14.3.rel1.win32_1.0.100.202602081740/tools/bin/../lib/gcc/arm-none-eabi/14.3.1/../../../../arm-none-eabi/lib/thumb/v7e-m+fp/hard\libc_nano.a(libc_a-puts.o)
                0x0800d3bc                _puts_r
 *fill*         0x0800d466        0x2 
 .text.puts     0x0800d468       0x10 C:/ST/STM32CubeIDE_2.1.1/STM32CubeIDE/plugins/com.st.stm32cube.ide.mcu.externaltools.gnu-tools-for-stm32.14.3.rel1.win32_1.0.100.202602081740/tools/bin/../lib/gcc/arm-none-eabi/14.3.1/../../../../arm-none-eabi/lib/thumb/v7e-m+fp/hard\libc_nano.a(libc_a-puts.o)
                0x0800d468                puts
 .text.sscanf   0x0800d478       0x58 C:/ST/STM32CubeIDE_2.1.1/STM32CubeIDE/plugins/com.st.stm32cube.ide.mcu.externaltools.gnu-tools-for-stm32.14.3.rel1.win32_1.0.100.202602081740/tools/bin/../lib/gcc/arm-none-eabi/14.3.1/../../../../arm-none-eabi/lib/thumb/v7e-m+fp/hard\libc_nano.a(libc_a-sscanf.o)
                0x0800d478                siscanf
                0x0800d478                sscanf
 .text.__sread  0x0800d4d0       0x22 C:/ST/STM32CubeIDE_2.1.1/STM32CubeIDE/plugins/com.st.stm32cube.ide.mcu.externaltools.gnu-tools-for-stm32.14.3.rel1.win32_1.0.100.202602081740/tools/bin/../lib/gcc/arm-none-eabi/14.3.1/../../../../arm-none-eabi/lib/thumb/v7e-m+fp/hard\libc_nano.a(libc_a-stdio.o)
                0x0800d4d0                __sread
 .text.__seofread
                0x0800d4f2        0x4 C:/ST/STM32CubeIDE_2.1.1/STM32CubeIDE/plugins/com.st.stm32cube.ide.mcu.externaltools.gnu-tools-for-stm32.14.3.rel1.win32_1.0.100.202602081740/tools/bin/../lib/gcc/arm-none-eabi/14.3.1/../../../../arm-none-eabi/lib/thumb/v7e-m+fp/hard\libc_nano.a(libc_a-stdio.o)
                0x0800d4f2                __seofread
 .text.__swrite
                0x0800d4f6       0x38 C:/ST/STM32CubeIDE_2.1.1/STM32CubeIDE/plugins/com.st.stm32cube.ide.mcu.externaltools.gnu-tools-for-stm32.14.3.rel1.win32_1.0.100.202602081740/tools/bin/../lib/gcc/arm-none-eabi/14.3.1/../../../../arm-none-eabi/lib/thumb/v7e-m+fp/hard\libc_nano.a(libc_a-stdio.o)
                0x0800d4f6                __swrite
 .text.__sseek  0x0800d52e       0x26 C:/ST/STM32CubeIDE_2.1.1/STM32CubeIDE/plugins/com.st.stm32cube.ide.mcu.externaltools.gnu-tools-for-stm32.14.3.rel1.win32_1.0.100.202602081740/tools/bin/../lib/gcc/arm-none-eabi/14.3.1/../../../../arm-none-eabi/lib/thumb/v7e-m+fp/hard\libc_nano.a(libc_a-stdio.o)
                0x0800d52e                __sseek
 .text.__sclose
                0x0800d554        0x8 C:/ST/STM32CubeIDE_2.1.1/STM32CubeIDE/plugins/com.st.stm32cube.ide.mcu.externaltools.gnu-tools-for-stm32.14.3.rel1.win32_1.0.100.202602081740/tools/bin/../lib/gcc/arm-none-eabi/14.3.1/../../../../arm-none-eabi/lib/thumb/v7e-m+fp/hard\libc_nano.a(libc_a-stdio.o)
                0x0800d554                __sclose
 .text.__swbuf_r
                0x0800d55c       0x7c C:/ST/STM32CubeIDE_2.1.1/STM32CubeIDE/plugins/com.st.stm32cube.ide.mcu.externaltools.gnu-tools-for-stm32.14.3.rel1.win32_1.0.100.202602081740/tools/bin/../lib/gcc/arm-none-eabi/14.3.1/../../../../arm-none-eabi/lib/thumb/v7e-m+fp/hard\libc_nano.a(libc_a-wbuf.o)
                0x0800d55c                __swbuf_r
 .text.__swsetup_r
                0x0800d5d8       0xa8 C:/ST/STM32CubeIDE_2.1.1/STM32CubeIDE/plugins/com.st.stm32cube.ide.mcu.externaltools.gnu-tools-for-stm32.14.3.rel1.win32_1.0.100.202602081740/tools/bin/../lib/gcc/arm-none-eabi/14.3.1/../../../../arm-none-eabi/lib/thumb/v7e-m+fp/hard\libc_nano.a(libc_a-wsetup.o)
                0x0800d5d8                __swsetup_r
 .text.memset   0x0800d680       0x10 C:/ST/STM32CubeIDE_2.1.1/STM32CubeIDE/plugins/com.st.stm32cube.ide.mcu.externaltools.gnu-tools-for-stm32.14.3.rel1.win32_1.0.100.202602081740/tools/bin/../lib/gcc/arm-none-eabi/14.3.1/../../../../arm-none-eabi/lib/thumb/v7e-m+fp/hard\libc_nano.a(libc_a-memset.o)
                0x0800d680                memset
 .text._close_r
                0x0800d690       0x20 C:/ST/STM32CubeIDE_2.1.1/STM32CubeIDE/plugins/com.st.stm32cube.ide.mcu.externaltools.gnu-tools-for-stm32.14.3.rel1.win32_1.0.100.202602081740/tools/bin/../lib/gcc/arm-none-eabi/14.3.1/../../../../arm-none-eabi/lib/thumb/v7e-m+fp/hard\libc_nano.a(libc_a-closer.o)
                0x0800d690                _close_r
 .text._lseek_r
                0x0800d6b0       0x24 C:/ST/STM32CubeIDE_2.1.1/STM32CubeIDE/plugins/com.st.stm32cube.ide.mcu.externaltools.gnu-tools-for-stm32.14.3.rel1.win32_1.0.100.202602081740/tools/bin/../lib/gcc/arm-none-eabi/14.3.1/../../../../arm-none-eabi/lib/thumb/v7e-m+fp/hard\libc_nano.a(libc_a-lseekr.o)
                0x0800d6b0                _lseek_r
 .text._read_r  0x0800d6d4       0x24 C:/ST/STM32CubeIDE_2.1.1/STM32CubeIDE/plugins/com.st.stm32cube.ide.mcu.externaltools.gnu-tools-for-stm32.14.3.rel1.win32_1.0.100.202602081740/tools/bin/../lib/gcc/arm-none-eabi/14.3.1/../../../../arm-none-eabi/lib/thumb/v7e-m+fp/hard\libc_nano.a(libc_a-readr.o)
                0x0800d6d4                _read_r
 .text._write_r
                0x0800d6f8       0x24 C:/ST/STM32CubeIDE_2.1.1/STM32CubeIDE/plugins/com.st.stm32cube.ide.mcu.externaltools.gnu-tools-for-stm32.14.3.rel1.win32_1.0.100.202602081740/tools/bin/../lib/gcc/arm-none-eabi/14.3.1/../../../../arm-none-eabi/lib/thumb/v7e-m+fp/hard\libc_nano.a(libc_a-writer.o)
                0x0800d6f8                _write_r
 .text.__errno  0x0800d71c        0xc C:/ST/STM32CubeIDE_2.1.1/STM32CubeIDE/plugins/com.st.stm32cube.ide.mcu.externaltools.gnu-tools-for-stm32.14.3.rel1.win32_1.0.100.202602081740/tools/bin/../lib/gcc/arm-none-eabi/14.3.1/../../../../arm-none-eabi/lib/thumb/v7e-m+fp/hard\libc_nano.a(libc_a-errno.o)
                0x0800d71c                __errno
 .text.__libc_init_array
                0x0800d728       0x48 C:/ST/STM32CubeIDE_2.1.1/STM32CubeIDE/plugins/com.st.stm32cube.ide.mcu.externaltools.gnu-tools-for-stm32.14.3.rel1.win32_1.0.100.202602081740/tools/bin/../lib/gcc/arm-none-eabi/14.3.1/../../../../arm-none-eabi/lib/thumb/v7e-m+fp/hard\libc_nano.a(libc_a-init.o)
                0x0800d728                __libc_init_array
 .text.__retarget_lock_init_recursive
                0x0800d770        0x2 C:/ST/STM32CubeIDE_2.1.1/STM32CubeIDE/plugins/com.st.stm32cube.ide.mcu.externaltools.gnu-tools-for-stm32.14.3.rel1.win32_1.0.100.202602081740/tools/bin/../lib/gcc/arm-none-eabi/14.3.1/../../../../arm-none-eabi/lib/thumb/v7e-m+fp/hard\libc_nano.a(libc_a-lock.o)
                0x0800d770                __retarget_lock_init_recursive
 .text.__retarget_lock_acquire_recursive
                0x0800d772        0x2 C:/ST/STM32CubeIDE_2.1.1/STM32CubeIDE/plugins/com.st.stm32cube.ide.mcu.externaltools.gnu-tools-for-stm32.14.3.rel1.win32_1.0.100.202602081740/tools/bin/../lib/gcc/arm-none-eabi/14.3.1/../../../../arm-none-eabi/lib/thumb/v7e-m+fp/hard\libc_nano.a(libc_a-lock.o)
                0x0800d772                __retarget_lock_acquire_recursive
 .text.__retarget_lock_release_recursive
                0x0800d774        0x2 C:/ST/STM32CubeIDE_2.1.1/STM32CubeIDE/plugins/com.st.stm32cube.ide.mcu.externaltools.gnu-tools-for-stm32.14.3.rel1.win32_1.0.100.202602081740/tools/bin/../lib/gcc/arm-none-eabi/14.3.1/../../../../arm-none-eabi/lib/thumb/v7e-m+fp/hard\libc_nano.a(libc_a-lock.o)
                0x0800d774                __retarget_lock_release_recursive
 .text.memcpy   0x0800d776       0x1c C:/ST/STM32CubeIDE_2.1.1/STM32CubeIDE/plugins/com.st.stm32cube.ide.mcu.externaltools.gnu-tools-for-stm32.14.3.rel1.win32_1.0.100.202602081740/tools/bin/../lib/gcc/arm-none-eabi/14.3.1/../../../../arm-none-eabi/lib/thumb/v7e-m+fp/hard\libc_nano.a(libc_a-memcpy-stub.o)
                0x0800d776                memcpy
 *fill*         0x0800d792        0x2 
 .text._free_r  0x0800d794       0x94 C:/ST/STM32CubeIDE_2.1.1/STM32CubeIDE/plugins/com.st.stm32cube.ide.mcu.externaltools.gnu-tools-for-stm32.14.3.rel1.win32_1.0.100.202602081740/tools/bin/../lib/gcc/arm-none-eabi/14.3.1/../../../../arm-none-eabi/lib/thumb/v7e-m+fp/hard\libc_nano.a(libc_a-freer.o)
                0x0800d794                _free_r
 .text.sbrk_aligned
                0x0800d828       0x44 C:/ST/STM32CubeIDE_2.1.1/STM32CubeIDE/plugins/com.st.stm32cube.ide.mcu.externaltools.gnu-tools-for-stm32.14.3.rel1.win32_1.0.100.202602081740/tools/bin/../lib/gcc/arm-none-eabi/14.3.1/../../../../arm-none-eabi/lib/thumb/v7e-m+fp/hard\libc_nano.a(libc_a-mallocr.o)
 .text._malloc_r
                0x0800d86c      0x100 C:/ST/STM32CubeIDE_2.1.1/STM32CubeIDE/plugins/com.st.stm32cube.ide.mcu.externaltools.gnu-tools-for-stm32.14.3.rel1.win32_1.0.100.202602081740/tools/bin/../lib/gcc/arm-none-eabi/14.3.1/../../../../arm-none-eabi/lib/thumb/v7e-m+fp/hard\libc_nano.a(libc_a-mallocr.o)
                0x0800d86c                _malloc_r
 .text.__malloc_lock
                0x0800d96c        0xc C:/ST/STM32CubeIDE_2.1.1/STM32CubeIDE/plugins/com.st.stm32cube.ide.mcu.externaltools.gnu-tools-for-stm32.14.3.rel1.win32_1.0.100.202602081740/tools/bin/../lib/gcc/arm-none-eabi/14.3.1/../../../../arm-none-eabi/lib/thumb/v7e-m+fp/hard\libc_nano.a(libc_a-mlock.o)
                0x0800d96c                __malloc_lock
 .text.__malloc_unlock
                0x0800d978        0xc C:/ST/STM32CubeIDE_2.1.1/STM32CubeIDE/plugins/com.st.stm32cube.ide.mcu.externaltools.gnu-tools-for-stm32.14.3.rel1.win32_1.0.100.202602081740/tools/bin/../lib/gcc/arm-none-eabi/14.3.1/../../../../arm-none-eabi/lib/thumb/v7e-m+fp/hard\libc_nano.a(libc_a-mlock.o)
                0x0800d978                __malloc_unlock
 .text._sungetc_r
                0x0800d984       0x7a C:/ST/STM32CubeIDE_2.1.1/STM32CubeIDE/plugins/com.st.stm32cube.ide.mcu.externaltools.gnu-tools-for-stm32.14.3.rel1.win32_1.0.100.202602081740/tools/bin/../lib/gcc/arm-none-eabi/14.3.1/../../../../arm-none-eabi/lib/thumb/v7e-m+fp/hard\libc_nano.a(libc_a-nano-svfscanf.o)
                0x0800d984                _sungetc_r
 .text.__ssrefill_r
                0x0800d9fe       0x3a C:/ST/STM32CubeIDE_2.1.1/STM32CubeIDE/plugins/com.st.stm32cube.ide.mcu.externaltools.gnu-tools-for-stm32.14.3.rel1.win32_1.0.100.202602081740/tools/bin/../lib/gcc/arm-none-eabi/14.3.1/../../../../arm-none-eabi/lib/thumb/v7e-m+fp/hard\libc_nano.a(libc_a-nano-svfscanf.o)
                0x0800d9fe                __ssrefill_r
 .text.__ssvfscanf_r
                0x0800da38      0x2fc C:/ST/STM32CubeIDE_2.1.1/STM32CubeIDE/plugins/com.st.stm32cube.ide.mcu.externaltools.gnu-tools-for-stm32.14.3.rel1.win32_1.0.100.202602081740/tools/bin/../lib/gcc/arm-none-eabi/14.3.1/../../../../arm-none-eabi/lib/thumb/v7e-m+fp/hard\libc_nano.a(libc_a-nano-svfscanf.o)
                0x0800da38                __ssvfiscanf_r
                0x0800da38                __ssvfscanf_r
 .text.__sfputc_r
                0x0800dd34       0x2e C:/ST/STM32CubeIDE_2.1.1/STM32CubeIDE/plugins/com.st.stm32cube.ide.mcu.externaltools.gnu-tools-for-stm32.14.3.rel1.win32_1.0.100.202602081740/tools/bin/../lib/gcc/arm-none-eabi/14.3.1/../../../../arm-none-eabi/lib/thumb/v7e-m+fp/hard\libc_nano.a(libc_a-nano-vfprintf.o)
 .text.__sfputs_r
                0x0800dd62       0x24 C:/ST/STM32CubeIDE_2.1.1/STM32CubeIDE/plugins/com.st.stm32cube.ide.mcu.externaltools.gnu-tools-for-stm32.14.3.rel1.win32_1.0.100.202602081740/tools/bin/../lib/gcc/arm-none-eabi/14.3.1/../../../../arm-none-eabi/lib/thumb/v7e-m+fp/hard\libc_nano.a(libc_a-nano-vfprintf.o)
                0x0800dd62                __sfputs_r
 *fill*         0x0800dd86        0x2 
 .text._vfprintf_r
                0x0800dd88      0x228 C:/ST/STM32CubeIDE_2.1.1/STM32CubeIDE/plugins/com.st.stm32cube.ide.mcu.externaltools.gnu-tools-for-stm32.14.3.rel1.win32_1.0.100.202602081740/tools/bin/../lib/gcc/arm-none-eabi/14.3.1/../../../../arm-none-eabi/lib/thumb/v7e-m+fp/hard\libc_nano.a(libc_a-nano-vfprintf.o)
                0x0800dd88                _vfprintf_r
                0x0800dd88                _vfiprintf_r
 .text._printf_common
                0x0800dfb0       0xda C:/ST/STM32CubeIDE_2.1.1/STM32CubeIDE/plugins/com.st.stm32cube.ide.mcu.externaltools.gnu-tools-for-stm32.14.3.rel1.win32_1.0.100.202602081740/tools/bin/../lib/gcc/arm-none-eabi/14.3.1/../../../../arm-none-eabi/lib/thumb/v7e-m+fp/hard\libc_nano.a(libc_a-nano-vfprintf_i.o)
                0x0800dfb0                _printf_common
 *fill*         0x0800e08a        0x2 
 .text._printf_i
                0x0800e08c      0x24c C:/ST/STM32CubeIDE_2.1.1/STM32CubeIDE/plugins/com.st.stm32cube.ide.mcu.externaltools.gnu-tools-for-stm32.14.3.rel1.win32_1.0.100.202602081740/tools/bin/../lib/gcc/arm-none-eabi/14.3.1/../../../../arm-none-eabi/lib/thumb/v7e-m+fp/hard\libc_nano.a(libc_a-nano-vfprintf_i.o)
                0x0800e08c                _printf_i
 .text._scanf_chars
                0x0800e2d8       0xb4 C:/ST/STM32CubeIDE_2.1.1/STM32CubeIDE/plugins/com.st.stm32cube.ide.mcu.externaltools.gnu-tools-for-stm32.14.3.rel1.win32_1.0.100.202602081740/tools/bin/../lib/gcc/arm-none-eabi/14.3.1/../../../../arm-none-eabi/lib/thumb/v7e-m+fp/hard\libc_nano.a(libc_a-nano-vfscanf_i.o)
                0x0800e2d8                _scanf_chars
 .text._scanf_i
                0x0800e38c      0x1e4 C:/ST/STM32CubeIDE_2.1.1/STM32CubeIDE/plugins/com.st.stm32cube.ide.mcu.externaltools.gnu-tools-for-stm32.14.3.rel1.win32_1.0.100.202602081740/tools/bin/../lib/gcc/arm-none-eabi/14.3.1/../../../../arm-none-eabi/lib/thumb/v7e-m+fp/hard\libc_nano.a(libc_a-nano-vfscanf_i.o)
                0x0800e38c                _scanf_i
 .text.__sflush_r
                0x0800e570      0x104 C:/ST/STM32CubeIDE_2.1.1/STM32CubeIDE/plugins/com.st.stm32cube.ide.mcu.externaltools.gnu-tools-for-stm32.14.3.rel1.win32_1.0.100.202602081740/tools/bin/../lib/gcc/arm-none-eabi/14.3.1/../../../../arm-none-eabi/lib/thumb/v7e-m+fp/hard\libc_nano.a(libc_a-fflush.o)
                0x0800e570                __sflush_r
 .text._fflush_r
                0x0800e674       0x50 C:/ST/STM32CubeIDE_2.1.1/STM32CubeIDE/plugins/com.st.stm32cube.ide.mcu.externaltools.gnu-tools-for-stm32.14.3.rel1.win32_1.0.100.202602081740/tools/bin/../lib/gcc/arm-none-eabi/14.3.1/../../../../arm-none-eabi/lib/thumb/v7e-m+fp/hard\libc_nano.a(libc_a-fflush.o)
                0x0800e674                _fflush_r
 .text.__swhatbuf_r
                0x0800e6c4       0x48 C:/ST/STM32CubeIDE_2.1.1/STM32CubeIDE/plugins/com.st.stm32cube.ide.mcu.externaltools.gnu-tools-for-stm32.14.3.rel1.win32_1.0.100.202602081740/tools/bin/../lib/gcc/arm-none-eabi/14.3.1/../../../../arm-none-eabi/lib/thumb/v7e-m+fp/hard\libc_nano.a(libc_a-makebuf.o)
                0x0800e6c4                __swhatbuf_r
 .text.__smakebuf_r
                0x0800e70c       0x72 C:/ST/STM32CubeIDE_2.1.1/STM32CubeIDE/plugins/com.st.stm32cube.ide.mcu.externaltools.gnu-tools-for-stm32.14.3.rel1.win32_1.0.100.202602081740/tools/bin/../lib/gcc/arm-none-eabi/14.3.1/../../../../arm-none-eabi/lib/thumb/v7e-m+fp/hard\libc_nano.a(libc_a-makebuf.o)
                0x0800e70c                __smakebuf_r
 .text.__sccl   0x0800e77e       0x72 C:/ST/STM32CubeIDE_2.1.1/STM32CubeIDE/plugins/com.st.stm32cube.ide.mcu.externaltools.gnu-tools-for-stm32.14.3.rel1.win32_1.0.100.202602081740/tools/bin/../lib/gcc/arm-none-eabi/14.3.1/../../../../arm-none-eabi/lib/thumb/v7e-m+fp/hard\libc_nano.a(libc_a-sccl.o)
                0x0800e77e                __sccl
 .text.__submore
                0x0800e7f0       0x74 C:/ST/STM32CubeIDE_2.1.1/STM32CubeIDE/plugins/com.st.stm32cube.ide.mcu.externaltools.gnu-tools-for-stm32.14.3.rel1.win32_1.0.100.202602081740/tools/bin/../lib/gcc/arm-none-eabi/14.3.1/../../../../arm-none-eabi/lib/thumb/v7e-m+fp/hard\libc_nano.a(libc_a-ungetc.o)
                0x0800e7f0                __submore
 .text._fstat_r
                0x0800e864       0x24 C:/ST/STM32CubeIDE_2.1.1/STM32CubeIDE/plugins/com.st.stm32cube.ide.mcu.externaltools.gnu-tools-for-stm32.14.3.rel1.win32_1.0.100.202602081740/tools/bin/../lib/gcc/arm-none-eabi/14.3.1/../../../../arm-none-eabi/lib/thumb/v7e-m+fp/hard\libc_nano.a(libc_a-fstatr.o)
                0x0800e864                _fstat_r
 .text._isatty_r
                0x0800e888       0x20 C:/ST/STM32CubeIDE_2.1.1/STM32CubeIDE/plugins/com.st.stm32cube.ide.mcu.externaltools.gnu-tools-for-stm32.14.3.rel1.win32_1.0.100.202602081740/tools/bin/../lib/gcc/arm-none-eabi/14.3.1/../../../../arm-none-eabi/lib/thumb/v7e-m+fp/hard\libc_nano.a(libc_a-isattyr.o)
                0x0800e888                _isatty_r
 .text._sbrk_r  0x0800e8a8       0x20 C:/ST/STM32CubeIDE_2.1.1/STM32CubeIDE/plugins/com.st.stm32cube.ide.mcu.externaltools.gnu-tools-for-stm32.14.3.rel1.win32_1.0.100.202602081740/tools/bin/../lib/gcc/arm-none-eabi/14.3.1/../../../../arm-none-eabi/lib/thumb/v7e-m+fp/hard\libc_nano.a(libc_a-sbrkr.o)
                0x0800e8a8                _sbrk_r
 .text._realloc_r
                0x0800e8c8       0x5c C:/ST/STM32CubeIDE_2.1.1/STM32CubeIDE/plugins/com.st.stm32cube.ide.mcu.externaltools.gnu-tools-for-stm32.14.3.rel1.win32_1.0.100.202602081740/tools/bin/../lib/gcc/arm-none-eabi/14.3.1/../../../../arm-none-eabi/lib/thumb/v7e-m+fp/hard\libc_nano.a(libc_a-reallocr.o)
                0x0800e8c8                _realloc_r
 .text._strtol_l.isra.0
                0x0800e924       0xf4 C:/ST/STM32CubeIDE_2.1.1/STM32CubeIDE/plugins/com.st.stm32cube.ide.mcu.externaltools.gnu-tools-for-stm32.14.3.rel1.win32_1.0.100.202602081740/tools/bin/../lib/gcc/arm-none-eabi/14.3.1/../../../../arm-none-eabi/lib/thumb/v7e-m+fp/hard\libc_nano.a(libc_a-strtol.o)
 .text._strtol_r
                0x0800ea18        0x4 C:/ST/STM32CubeIDE_2.1.1/STM32CubeIDE/plugins/com.st.stm32cube.ide.mcu.externaltools.gnu-tools-for-stm32.14.3.rel1.win32_1.0.100.202602081740/tools/bin/../lib/gcc/arm-none-eabi/14.3.1/../../../../arm-none-eabi/lib/thumb/v7e-m+fp/hard\libc_nano.a(libc_a-strtol.o)
                0x0800ea18                _strtol_r
 .text._strtoul_l.isra.0
                0x0800ea1c       0xdc C:/ST/STM32CubeIDE_2.1.1/STM32CubeIDE/plugins/com.st.stm32cube.ide.mcu.externaltools.gnu-tools-for-stm32.14.3.rel1.win32_1.0.100.202602081740/tools/bin/../lib/gcc/arm-none-eabi/14.3.1/../../../../arm-none-eabi/lib/thumb/v7e-m+fp/hard\libc_nano.a(libc_a-strtoul.o)
 .text._strtoul_r
                0x0800eaf8        0x4 C:/ST/STM32CubeIDE_2.1.1/STM32CubeIDE/plugins/com.st.stm32cube.ide.mcu.externaltools.gnu-tools-for-stm32.14.3.rel1.win32_1.0.100.202602081740/tools/bin/../lib/gcc/arm-none-eabi/14.3.1/../../../../arm-none-eabi/lib/thumb/v7e-m+fp/hard\libc_nano.a(libc_a-strtoul.o)
                0x0800eaf8                _strtoul_r
 .text._malloc_usable_size_r
                0x0800eafc       0x10 C:/ST/STM32CubeIDE_2.1.1/STM32CubeIDE/plugins/com.st.stm32cube.ide.mcu.externaltools.gnu-tools-for-stm32.14.3.rel1.win32_1.0.100.202602081740/tools/bin/../lib/gcc/arm-none-eabi/14.3.1/../../../../arm-none-eabi/lib/thumb/v7e-m+fp/hard\libc_nano.a(libc_a-msizer.o)
                0x0800eafc                _malloc_usable_size_r
 *(.glue_7)
 .glue_7        0x0800eb0c        0x0 linker stubs
 *(.glue_7t)
 .glue_7t       0x0800eb0c        0x0 linker stubs
 *(.eh_frame)
 .eh_frame      0x0800eb0c        0x0 C:/ST/STM32CubeIDE_2.1.1/STM32CubeIDE/plugins/com.st.stm32cube.ide.mcu.externaltools.gnu-tools-for-stm32.14.3.rel1.win32_1.0.100.202602081740/tools/bin/../lib/gcc/arm-none-eabi/14.3.1/thumb/v7e-m+fp/hard/crtbegin.o
 *(.init)
 .init          0x0800eb0c        0x4 C:/ST/STM32CubeIDE_2.1.1/STM32CubeIDE/plugins/com.st.stm32cube.ide.mcu.externaltools.gnu-tools-for-stm32.14.3.rel1.win32_1.0.100.202602081740/tools/bin/../lib/gcc/arm-none-eabi/14.3.1/thumb/v7e-m+fp/hard/crti.o
                0x0800eb0c                _init
 .init          0x0800eb10        0x8 C:/ST/STM32CubeIDE_2.1.1/STM32CubeIDE/plugins/com.st.stm32cube.ide.mcu.externaltools.gnu-tools-for-stm32.14.3.rel1.win32_1.0.100.202602081740/tools/bin/../lib/gcc/arm-none-eabi/14.3.1/thumb/v7e-m+fp/hard/crtn.o
 *(.fini)
 .fini          0x0800eb18        0x4 C:/ST/STM32CubeIDE_2.1.1/STM32CubeIDE/plugins/com.st.stm32cube.ide.mcu.externaltools.gnu-tools-for-stm32.14.3.rel1.win32_1.0.100.202602081740/tools/bin/../lib/gcc/arm-none-eabi/14.3.1/thumb/v7e-m+fp/hard/crti.o