Archive member included to satisfy reference by file (symbol)

C:/ST/STM32CubeIDE_2.1.1/STM32CubeIDE/plugins/com.st.stm32cube.ide.mcu.externaltools.gnu-tools-for-stm32.14.3.rel1.win32_1.0.100.202602081740/tools/bin/../lib/gcc/arm-none-eabi/14.3.1/../../../../arm-none-eabi/lib/thumb/v7e-m+fp/hard\libc_nano.a(libc_a-exit.o)
                              C:/ST/STM32CubeIDE_2.1.1/STM32CubeIDE/plugins/com.st.stm32cube.ide.mcu.externaltools.gnu-tools-for-stm32.14.3.rel1.win32_1.0.100.202602081740/tools/bin/../lib/gcc/arm-none-eabi/14.3.1/../../../../arm-none-eabi/lib/thumb/v7e-m+fp/hard/crt0.o (exit)
C:/ST/STM32CubeIDE_2.1.1/STM32CubeIDE/plugins/com.st.stm32cube.ide.mcu.externaltools.gnu-tools-for-stm32.14.3.rel1.win32_1.0.100.202602081740/tools/bin/../lib/gcc/arm-none-eabi/14.3.1/../../../../arm-none-eabi/lib/thumb/v7e-m+fp/hard\libc_nano.a(libc_a-fflush.o)
                              ./Core/Src/main.o (fflush)
C:/ST/STM32CubeIDE_2.1.1/STM32CubeIDE/plugins/com.st.stm32cube.ide.mcu.externaltools.gnu-tools-for-stm32.14.3.rel1.win32_1.0.100.202602081740/tools/bin/../lib/gcc/arm-none-eabi/14.3.1/../../../../arm-none-eabi/lib/thumb/v7e-m+fp/hard\libc_nano.a(libc_a-findfp.o)
                              C:/ST/STM32CubeIDE_2.1.1/STM32CubeIDE/plugins/com.st.stm32cube.ide.mcu.externaltools.gnu-tools-for-stm32.14.3.rel1.win32_1.0.100.202602081740/tools/bin/../lib/gcc/arm-none-eabi/14.3.1/../../../../arm-none-eabi/lib/thumb/v7e-m+fp/hard\libc_nano.a(libc_a-fflush.o) (__sglue)
C:/ST/STM32CubeIDE_2.1.1/STM32CubeIDE/plugins/com.st.stm32cube.ide.mcu.externaltools.gnu-tools-for-stm32.14.3.rel1.win32_1.0.100.202602081740/tools/bin/../lib/gcc/arm-none-eabi/14.3.1/../../../../arm-none-eabi/lib/thumb/v7e-m+fp/hard\libc_nano.a(libc_a-fwalk.o)
                              C:/ST/STM32CubeIDE_2.1.1/STM32CubeIDE/plugins/com.st.stm32cube.ide.mcu.externaltools.gnu-tools-for-stm32.14.3.rel1.win32_1.0.100.202602081740/tools/bin/../lib/gcc/arm-none-eabi/14.3.1/../../../../arm-none-eabi/lib/thumb/v7e-m+fp/hard\libc_nano.a(libc_a-fflush.o) (_fwalk_sglue)
C:/ST/STM32CubeIDE_2.1.1/STM32CubeIDE/plugins/com.st.stm32cube.ide.mcu.externaltools.gnu-tools-for-stm32.14.3.rel1.win32_1.0.100.202602081740/tools/bin/../lib/gcc/arm-none-eabi/14.3.1/../../../../arm-none-eabi/lib/thumb/v7e-m+fp/hard\libc_nano.a(libc_a-printf.o)
                              ./Core/Src/main.o (printf)
C:/ST/STM32CubeIDE_2.1.1/STM32CubeIDE/plugins/com.st.stm32cube.ide.mcu.externaltools.gnu-tools-for-stm32.14.3.rel1.win32_1.0.100.202602081740/tools/bin/../lib/gcc/arm-none-eabi/14.3.1/../../../../arm-none-eabi/lib/thumb/v7e-m+fp/hard\libc_nano.a(libc_a-putchar.o)
                              ./Core/Src/main.o (putchar)
C:/ST/STM32CubeIDE_2.1.1/STM32CubeIDE/plugins/com.st.stm32cube.ide.mcu.externaltools.gnu-tools-for-stm32.14.3.rel1.win32_1.0.100.202602081740/tools/bin/../lib/gcc/arm-none-eabi/14.3.1/../../../../arm-none-eabi/lib/thumb/v7e-m+fp/hard\libc_nano.a(libc_a-puts.o)
                              ./Core/Src/main.o (puts)
C:/ST/STM32CubeIDE_2.1.1/STM32CubeIDE/plugins/com.st.stm32cube.ide.mcu.externaltools.gnu-tools-for-stm32.14.3.rel1.win32_1.0.100.202602081740/tools/bin/../lib/gcc/arm-none-eabi/14.3.1/../../../../arm-none-eabi/lib/thumb/v7e-m+fp/hard\libc_nano.a(libc_a-sscanf.o)
                              ./Core/Src/main.o (sscanf)
C:/ST/STM32CubeIDE_2.1.1/STM32CubeIDE/plugins/com.st.stm32cube.ide.mcu.externaltools.gnu-tools-for-stm32.14.3.rel1.win32_1.0.100.202602081740/tools/bin/../lib/gcc/arm-none-eabi/14.3.1/../../../../arm-none-eabi/lib/thumb/v7e-m+fp/hard\libc_nano.a(libc_a-stdio.o)
                              C:/ST/STM32CubeIDE_2.1.1/STM32CubeIDE/plugins/com.st.stm32cube.ide.mcu.externaltools.gnu-tools-for-stm32.14.3.rel1.win32_1.0.100.202602081740/tools/bin/../lib/gcc/arm-none-eabi/14.3.1/../../../../arm-none-eabi/lib/thumb/v7e-m+fp/hard\libc_nano.a(libc_a-findfp.o) (__sread)
C:/ST/STM32CubeIDE_2.1.1/STM32CubeIDE/plugins/com.st.stm32cube.ide.mcu.externaltools.gnu-tools-for-stm32.14.3.rel1.win32_1.0.100.202602081740/tools/bin/../lib/gcc/arm-none-eabi/14.3.1/../../../../arm-none-eabi/lib/thumb/v7e-m+fp/hard\libc_nano.a(libc_a-wbuf.o)
                              C:/ST/STM32CubeIDE_2.1.1/STM32CubeIDE/plugins/com.st.stm32cube.ide.mcu.externaltools.gnu-tools-for-stm32.14.3.rel1.win32_1.0.100.202602081740/tools/bin/../lib/gcc/arm-none-eabi/14.3.1/../../../../arm-none-eabi/lib/thumb/v7e-m+fp/hard\libc_nano.a(libc_a-puts.o) (__swbuf_r)
C:/ST/STM32CubeIDE_2.1.1/STM32CubeIDE/plugins/com.st.stm32cube.ide.mcu.externaltools.gnu-tools-for-stm32.14.3.rel1.win32_1.0.100.202602081740/tools/bin/../lib/gcc/arm-none-eabi/14.3.1/../../../../arm-none-eabi/lib/thumb/v7e-m+fp/hard\libc_nano.a(libc_a-wsetup.o)
[...]
Memory Configuration

Name             Origin             Length             Attributes
CCMRAM           0x10000000         0x00010000         xrw
RAM              0x20000000         0x00020000         xrw
FLASH            0x08000000         0x00080000         xr
*default*        0x00000000         0xffffffff

Linker script and memory map

LOAD C:/ST/STM32CubeIDE_2.1.1/STM32CubeIDE/plugins/com.st.stm32cube.ide.mcu.externaltools.gnu-tools-for-stm32.14.3.rel1.win32_1.0.100.202602081740/tools/bin/../lib/gcc/arm-none-eabi/14.3.1/thumb/v7e-m+fp/hard/crti.o
LOAD C:/ST/STM32CubeIDE_2.1.1/STM32CubeIDE/plugins/com.st.stm32cube.ide.mcu.externaltools.gnu-tools-for-stm32.14.3.rel1.win32_1.0.100.202602081740/tools/bin/../lib/gcc/arm-none-eabi/14.3.1/thumb/v7e-m+fp/hard/crtbegin.o
LOAD C:/ST/STM32CubeIDE_2.1.1/STM32CubeIDE/plugins/com.st.stm32cube.ide.mcu.externaltools.gnu-tools-for-stm32.14.3.rel1.win32_1.0.100.202602081740/tools/bin/../lib/gcc/arm-none-eabi/14.3.1/../../../../arm-none-eabi/lib/thumb/v7e-m+fp/hard/crt0.o
LOAD ./Core/Src/freertos.o
LOAD ./Core/Src/main.o
LOAD ./Core/Src/retarget_usb.o
LOAD ./Core/Src/stm32f4xx_hal_msp.o
LOAD ./Core/Src/stm32f4xx_hal_timebase_tim.o
LOAD ./Core/Src/stm32f4xx_it.o
LOAD ./Core/Src/syscalls.o
LOAD ./Core/Src/sysmem.o
LOAD ./Core/Src/system_stm32f4xx.o
LOAD ./Core/Startup/startup_stm32f407vetx.o
LOAD ./Drivers/STM32F4xx_HAL_Driver/Src/stm32f4xx_hal.o
LOAD ./Drivers/STM32F4xx_HAL_Driver/Src/stm32f4xx_hal_adc.o
LOAD ./Drivers/STM32F4xx_HAL_Driver/Src/stm32f4xx_hal_adc_ex.o
LOAD ./Drivers/STM32F4xx_HAL_Driver/Src/stm32f4xx_hal_cortex.o
LOAD ./Drivers/STM32F4xx_HAL_Driver/Src/stm32f4xx_hal_dma.o
LOAD ./Drivers/STM32F4xx_HAL_Driver/Src/stm32f4xx_hal_dma_ex.o
LOAD ./Drivers/STM32F4xx_HAL_Driver/Src/stm32f4xx_hal_exti.o
LOAD ./Drivers/STM32F4xx_HAL_Driver/Src/stm32f4xx_hal_flash.o
LOAD ./Drivers/STM32F4xx_HAL_Driver/Src/stm32f4xx_hal_flash_ex.o
LOAD ./Drivers/STM32F4xx_HAL_Driver/Src/stm32f4xx_hal_flash_ramfunc.o
LOAD ./Drivers/STM32F4xx_HAL_Driver/Src/stm32f4xx_hal_gpio.o
LOAD ./Drivers/STM32F4xx_HAL_Driver/Src/stm32f4xx_hal_pcd.o
LOAD ./Drivers/STM32F4xx_HAL_Driver/Src/stm32f4xx_hal_pcd_ex.o
LOAD ./Drivers/STM32F4xx_HAL_Driver/Src/stm32f4xx_hal_pwr.o
LOAD ./Drivers/STM32F4xx_HAL_Driver/Src/stm32f4xx_hal_pwr_ex.o
LOAD ./Drivers/STM32F4xx_HAL_Driver/Src/stm32f4xx_hal_rcc.o
LOAD ./Drivers/STM32F4xx_HAL_Driver/Src/stm32f4xx_hal_rcc_ex.o
LOAD ./Drivers/STM32F4xx_HAL_Driver/Src/stm32f4xx_hal_tim.o
LOAD ./Drivers/STM32F4xx_HAL_Driver/Src/stm32f4xx_hal_tim_ex.o
LOAD ./Drivers/STM32F4xx_HAL_Driver/Src/stm32f4xx_ll_usb.o
LOAD ./Middlewares/ST/STM32_USB_Device_Library/Class/CDC/Src/usbd_cdc.o
LOAD ./Middlewares/ST/STM32_USB_Device_Library/Core/Src/usbd_core.o
LOAD ./Middlewares/ST/STM32_USB_Device_Library/Core/Src/usbd_ctlreq.o
LOAD ./Middlewares/ST/STM32_USB_Device_Library/Core/Src/usbd_ioreq.o
LOAD ./Middlewares/Third_Party/FreeRTOS/Source/CMSIS_RTOS_V2/cmsis_os2.o
LOAD ./Middlewares/Third_Party/FreeRTOS/Source/croutine.o
LOAD ./Middlewares/Third_Party/FreeRTOS/Source/event_groups.o
LOAD ./Middlewares/Third_Party/FreeRTOS/Source/list.o
LOAD ./Middlewares/Third_Party/FreeRTOS/Source/queue.o
LOAD ./Middlewares/Third_Party/FreeRTOS/Source/stream_buffer.o
LOAD ./Middlewares/Third_Party/FreeRTOS/Source/tasks.o
LOAD ./Middlewares/Third_Party/FreeRTOS/Source/timers.o
LOAD ./Middlewares/Third_Party/FreeRTOS/Source/portable/GCC/ARM_CM4F/port.o
LOAD ./Middlewares/Third_Party/FreeRTOS/Source/portable/MemMang/heap_4.o
LOAD ./USB_DEVICE/App/usb_device.o
LOAD ./USB_DEVICE/App/usbd_cdc_if.o
LOAD ./USB_DEVICE/App/usbd_desc.o
LOAD ./USB_DEVICE/Target/usbd_conf.o
START GROUP
LOAD C:/ST/STM32CubeIDE_2.1.1/STM32CubeIDE/plugins/com.st.stm32cube.ide.mcu.externaltools.gnu-tools-for-stm32.14.3.rel1.win32_1.0.100.202602081740/tools/bin/../lib/gcc/arm-none-eabi/14.3.1/../../../../arm-none-eabi/lib/thumb/v7e-m+fp/hard\libc_nano.a
LOAD C:/ST/STM32CubeIDE_2.1.1/STM32CubeIDE/plugins/com.st.stm32cube.ide.mcu.externaltools.gnu-tools-for-stm32.14.3.rel1.win32_1.0.100.202602081740/tools/bin/../lib/gcc/arm-none-eabi/14.3.1/../../../../arm-none-eabi/lib/thumb/v7e-m+fp/hard\libm.a
END GROUP
START GROUP
LOAD C:/ST/STM32CubeIDE_2.1.1/STM32CubeIDE/plugins/com.st.stm32cube.ide.mcu.externaltools.gnu-tools-for-stm32.14.3.rel1.win32_1.0.100.202602081740/tools/bin/../lib/gcc/arm-none-eabi/14.3.1/thumb/v7e-m+fp/hard\libgcc.a
LOAD C:/ST/STM32CubeIDE_2.1.1/STM32CubeIDE/plugins/com.st.stm32cube.ide.mcu.externaltools.gnu-tools-for-stm32.14.3.rel1.win32_1.0.100.202602081740/tools/bin/../lib/gcc/arm-none-eabi/14.3.1/../../../../arm-none-eabi/lib/thumb/v7e-m+fp/hard\libc_nano.a
END GROUP
START GROUP
LOAD C:/ST/STM32CubeIDE_2.1.1/STM32CubeIDE/plugins/com.st.stm32cube.ide.mcu.externaltools.gnu-tools-for-stm32.14.3.rel1.win32_1.0.100.202602081740/tools/bin/../lib/gcc/arm-none-eabi/14.3.1/thumb/v7e-m+fp/hard\libgcc.a
LOAD C:/ST/STM32CubeIDE_2.1.1/STM32CubeIDE/plugins/com.st.stm32cube.ide.mcu.externaltools.gnu-tools-for-stm32.14.3.rel1.win32_1.0.100.202602081740/tools/bin/../lib/gcc/arm-none-eabi/14.3.1/../../../../arm-none-eabi/lib/thumb/v7e-m+fp/hard\libc_nano.a
LOAD C:/ST/STM32CubeIDE_2.1.1/STM32CubeIDE/plugins/com.st.stm32cube.ide.mcu.externaltools.gnu-tools-for-stm32.14.3.rel1.win32_1.0.100.202602081740/tools/bin/../lib/gcc/arm-none-eabi/14.3.1/../../../../arm-none-eabi/lib/thumb/v7e-m+fp/hard\libnosys.a
END GROUP
START GROUP
LOAD C:/ST/STM32CubeIDE_2.1.1/STM32CubeIDE/plugins/com.st.stm32cube.ide.mcu.externaltools.gnu-tools-for-stm32.14.3.rel1.win32_1.0.100.202602081740/tools/bin/../lib/gcc/arm-none-eabi/14.3.1/thumb/v7e-m+fp/hard\libgcc.a
LOAD C:/ST/STM32CubeIDE_2.1.1/STM32CubeIDE/plugins/com.st.stm32cube.ide.mcu.externaltools.gnu-tools-for-stm32.14.3.rel1.win32_1.0.100.202602081740/tools/bin/../lib/gcc/arm-none-eabi/14.3.1/../../../../arm-none-eabi/lib/thumb/v7e-m+fp/hard\libc_nano.a
LOAD C:/ST/STM32CubeIDE_2.1.1/STM32CubeIDE/plugins/com.st.stm32cube.ide.mcu.externaltools.gnu-tools-for-stm32.14.3.rel1.win32_1.0.100.202602081740/tools/bin/../lib/gcc/arm-none-eabi/14.3.1/../../../../arm-none-eabi/lib/thumb/v7e-m+fp/hard\libnosys.a
END GROUP
LOAD C:/ST/STM32CubeIDE_2.1.1/STM32CubeIDE/plugins/com.st.stm32cube.ide.mcu.externaltools.gnu-tools-for-stm32.14.3.rel1.win32_1.0.100.202602081740/tools/bin/../lib/gcc/arm-none-eabi/14.3.1/thumb/v7e-m+fp/hard/crtend.o
LOAD C:/ST/STM32CubeIDE_2.1.1/STM32CubeIDE/plugins/com.st.stm32cube.ide.mcu.externaltools.gnu-tools-for-stm32.14.3.rel1.win32_1.0.100.202602081740/tools/bin/../lib/gcc/arm-none-eabi/14.3.1/thumb/v7e-m+fp/hard/crtn.o
                0x20020000                        _estack = (ORIGIN (RAM) + LENGTH (RAM))
                0x00000200                        _Min_Heap_Size = 0x200
                0x00000400                        _Min_Stack_Size = 0x400

.isr_vector     0x08000000      0x188
                0x08000000                        . = ALIGN (0x4)
 *(.isr_vector)
 .isr_vector    0x08000000      0x188 ./Core/Startup/startup_stm32f407vetx.o
                0x08000000                g_pfnVectors
                0x08000188                        . = ALIGN (0x4)

.text           0x08000190     0xf7d0
                0x08000190                        . = ALIGN (0x4)
 *(.text)
 .text          0x08000190       0x40 C:/ST/STM32CubeIDE_2.1.1/STM32CubeIDE/plugins/com.st.stm32cube.ide.mcu.externaltools.gnu-tools-for-stm32.14.3.rel1.win32_1.0.100.202602081740/tools/bin/../lib/gcc/arm-none-eabi/14.3.1/thumb/v7e-m+fp/hard/crtbegin.o
 .text          0x080001d0       0x10 C:/ST/STM32CubeIDE_2.1.1/STM32CubeIDE/plugins/com.st.stm32cube.ide.mcu.externaltools.gnu-tools-for-stm32.14.3.rel1.win32_1.0.100.202602081740/tools/bin/../lib/gcc/arm-none-eabi/14.3.1/../../../../arm-none-eabi/lib/thumb/v7e-m+fp/hard\libc_nano.a(libc_a-strlen.o)
                0x080001d0                strlen
 .text          0x080001e0       0xa0 C:/ST/STM32CubeIDE_2.1.1/STM32CubeIDE/plugins/com.st.stm32cube.ide.mcu.externaltools.gnu-tools-for-stm32.14.3.rel1.win32_1.0.100.202602081740/tools/bin/../lib/gcc/arm-none-eabi/14.3.1/../../../../arm-none-eabi/lib/thumb/v7e-m+fp/hard\libc_nano.a(libc_a-memchr.o)
                0x080001e0                memchr
 .text          0x08000280       0x30 C:/ST/STM32CubeIDE_2.1.1/STM32CubeIDE/plugins/com.st.stm32cube.ide.mcu.externaltools.gnu-tools-for-stm32.14.3.rel1.win32_1.0.100.202602081740/tools/bin/../lib/gcc/arm-none-eabi/14.3.1/thumb/v7e-m+fp/hard\libgcc.a(_aeabi_uldivmod.o)
                0x08000280                __aeabi_uldivmod
 .text          0x080002b0      0x2f8 C:/ST/STM32CubeIDE_2.1.1/STM32CubeIDE/plugins/com.st.stm32cube.ide.mcu.externaltools.gnu-tools-for-stm32.14.3.rel1.win32_1.0.100.202602081740/tools/bin/../lib/gcc/arm-none-eabi/14.3.1/thumb/v7e-m+fp/hard\libgcc.a(_udivmoddi4.o)
                0x080002b0                __udivmoddi4
 .text          0x080005a8        0x4 C:/ST/STM32CubeIDE_2.1.1/STM32CubeIDE/plugins/com.st.stm32cube.ide.mcu.externaltools.gnu-tools-for-stm32.14.3.rel1.win32_1.0.100.202602081740/tools/bin/../lib/gcc/arm-none-eabi/14.3.1/thumb/v7e-m+fp/hard\libgcc.a(_dvmd_tls.o)
                0x080005a8                __aeabi_idiv0
                0x080005a8                __aeabi_ldiv0
 *(.text*)
 .text.__NVIC_SystemReset
                0x080005ac       0x2c ./Core/Src/main.o
 .text.MotorContexts_Init
                0x080005d8      0x2a0 ./Core/Src/main.o
                0x080005d8                MotorContexts_Init
 .text.tmc_sw_spi_transfer
                0x08000878       0x94 ./Core/Src/main.o
 .text.tmc5160_write
                0x0800090c       0x6e ./Core/Src/main.o
                0x0800090c                tmc5160_write
 .text.tmc5160_read
                0x0800097a       0xd0 ./Core/Src/main.o
                0x0800097a                tmc5160_read
 *fill*         0x08000a4a        0x2 
 .text.DiagnoseSPIControllers
                0x08000a4c      0x17c ./Core/Src/main.o
                0x08000a4c                DiagnoseSPIControllers
 .text.ConfigureSPIControllers
                0x08000bc8      0x180 ./Core/Src/main.o
                0x08000bc8                ConfigureSPIControllers
 .text.HandleUsbCommand
                0x08000d48      0x294 ./Core/Src/main.o
                0x08000d48                HandleUsbCommand
 .text.encodeCommand
                0x08000fdc       0x42 ./Core/Src/main.o
                0x08000fdc                encodeCommand
 .text.decodeSpeed
                0x0800101e       0x42 ./Core/Src/main.o
                0x0800101e                decodeSpeed
 .text.decodeCommand
                0x08001060       0x1e ./Core/Src/main.o
                0x08001060                decodeCommand
 .text.decodeTarget
                0x0800107e       0x1a ./Core/Src/main.o
                0x0800107e                decodeTarget
 .text.MotorController_HandlePosMove
                0x08001098       0xc2 ./Core/Src/main.o
 *fill*         0x0800115a        0x2 
 .text.main     0x0800115c      0x134 ./Core/Src/main.o
                0x0800115c                main
 .text.SystemClock_Config
                0x08001290       0xd4 ./Core/Src/main.o
                0x08001290                SystemClock_Config
 .text.MX_ADC1_Init
                0x08001364       0xf8 ./Core/Src/main.o
 .text.MX_TIM2_Init
                0x0800145c       0x98 ./Core/Src/main.o
 .text.MX_DMA_Init
                0x080014f4       0x40 ./Core/Src/main.o
 .text.MX_GPIO_Init
                0x08001534      0x238 ./Core/Src/main.o
 .text.RecordResetCauseAndReboot
                0x0800176c       0x6c ./Core/Src/main.o
                0x0800176c                RecordResetCauseAndReboot
 .text.vApplicationStackOverflowHook
                0x080017d8       0x1a ./Core/Src/main.o
                0x080017d8                vApplicationStackOverflowHook
 *fill*         0x080017f2        0x2 
 .text.vApplicationMallocFailedHook
                0x080017f4       0x14 ./Core/Src/main.o
                0x080017f4                vApplicationMallocFailedHook
 .text.ReportPreviousReset
                0x08001808       0x84 ./Core/Src/main.o
                0x08001808                ReportPreviousReset
 .text.StartTask1
                0x0800188c      0x124 ./Core/Src/main.o
                0x0800188c                StartTask1
 .text.StartTask2
                0x080019b0       0xe0 ./Core/Src/main.o
                0x080019b0                StartTask2
 .text.StartTask03
                0x08001a90      0x234 ./Core/Src/main.o
                0x08001a90                StartTask03
 .text.StartTask04
                0x08001cc4      0x180 ./Core/Src/main.o
                0x08001cc4                StartTask04
 .text.HAL_TIM_PeriodElapsedCallback
                0x08001e44      0x198 ./Core/Src/main.o
                0x08001e44                HAL_TIM_PeriodElapsedCallback
 .text.Error_Handler
                0x08001fdc        0xc ./Core/Src/main.o
                0x08001fdc                Error_Handler
 .text._write   0x08001fe8       0x58 ./Core/Src/retarget_usb.o
                0x08001fe8                _write
 .text.HAL_MspInit
                0x08002040       0x58 ./Core/Src/stm32f4xx_hal_msp.o
                0x08002040                HAL_MspInit
 .text.HAL_ADC_MspInit
                0x08002098      0x100 ./Core/Src/stm32f4xx_hal_msp.o
                0x08002098                HAL_ADC_MspInit
 .text.HAL_TIM_Base_MspInit
                0x08002198       0x4c ./Core/Src/stm32f4xx_hal_msp.o
                0x08002198                HAL_TIM_Base_MspInit
 .text.HAL_InitTick
                0x080021e4       0xf8 ./Core/Src/stm32f4xx_hal_timebase_tim.o
                0x080021e4                HAL_InitTick
 .text.NMI_Handler
                0x080022dc        0x8 ./Core/Src/stm32f4xx_it.o
                0x080022dc                NMI_Handler
 .text.HardFault_Handler
                0x080022e4       0x14 ./Core/Src/stm32f4xx_it.o
                0x080022e4                HardFault_Handler
 .text.MemManage_Handler
                0x080022f8        0x8 ./Core/Src/stm32f4xx_it.o
                0x080022f8                MemManage_Handler
 .text.BusFault_Handler
                0x08002300        0x8 ./Core/Src/stm32f4xx_it.o
                0x08002300                BusFault_Handler
 .text.UsageFault_Handler
                0x08002308        0x8 ./Core/Src/stm32f4xx_it.o
                0x08002308                UsageFault_Handler
 .text.DebugMon_Handler
                0x08002310        0xe ./Core/Src/stm32f4xx_it.o
                0x08002310                DebugMon_Handler
 *fill*         0x0800231e        0x2 
 .text.ADC_IRQHandler
                0x08002320       0x14 ./Core/Src/stm32f4xx_it.o
                0x08002320                ADC_IRQHandler
 .text.TIM2_IRQHandler
                0x08002334       0x14 ./Core/Src/stm32f4xx_it.o
                0x08002334                TIM2_IRQHandler
 .text.TIM6_DAC_IRQHandler
                0x08002348       0x14 ./Core/Src/stm32f4xx_it.o
                0x08002348                TIM6_DAC_IRQHandler
 .text.DMA2_Stream0_IRQHandler
                0x0800235c       0x14 ./Core/Src/stm32f4xx_it.o
                0x0800235c                DMA2_Stream0_IRQHandler
 .text.OTG_FS_IRQHandler
                0x08002370       0x14 ./Core/Src/stm32f4xx_it.o
                0x08002370                OTG_FS_IRQHandler
 .text._read    0x08002384       0x3a ./Core/Src/syscalls.o
                0x08002384                _read
 .text._close   0x080023be       0x18 ./Core/Src/syscalls.o
                0x080023be                _close
 .text._fstat   0x080023d6       0x20 ./Core/Src/syscalls.o
                0x080023d6                _fstat
 .text._isatty  0x080023f6       0x16 ./Core/Src/syscalls.o
                0x080023f6                _isatty
 .text._lseek   0x0800240c       0x1a ./Core/Src/syscalls.o
                0x0800240c                _lseek
 *fill*         0x08002426        0x2 
 .text._sbrk    0x08002428       0x6c ./Core/Src/sysmem.o
                0x08002428                _sbrk
 .text.SystemInit
                0x08002494       0x24 ./Core/Src/system_stm32f4xx.o
                0x08002494                SystemInit
 .text.Reset_Handler
                0x080024b8       0x50 ./Core/Startup/startup_stm32f407vetx.o
                0x080024b8                Reset_Handler
 .text.Default_Handler
                0x08002508        0x2 ./Core/Startup/startup_stm32f407vetx.o
                0x08002508                RTC_Alarm_IRQHandler
                0x08002508                HASH_RNG_IRQHandler
                0x08002508                EXTI2_IRQHandler
                0x08002508                TIM8_CC_IRQHandler
                0x08002508                TIM1_CC_IRQHandler
                0x08002508                DMA2_Stream5_IRQHandler
                0x08002508                DMA1_Stream5_IRQHandler
                0x08002508                PVD_IRQHandler
                0x08002508                SDIO_IRQHandler
                0x08002508                TAMP_STAMP_IRQHandler
                0x08002508                CAN2_RX1_IRQHandler
                0x08002508                EXTI3_IRQHandler
                0x08002508                TIM8_TRG_COM_TIM14_IRQHandler
                0x08002508                TIM1_UP_TIM10_IRQHandler
                0x08002508                TIM8_UP_TIM13_IRQHandler
                0x08002508                I2C3_ER_IRQHandler
                0x08002508                EXTI0_IRQHandler
                0x08002508                I2C2_EV_IRQHandler
                0x08002508                DMA1_Stream2_IRQHandler
                0x08002508                CAN1_RX0_IRQHandler
                0x08002508                FPU_IRQHandler
                0x08002508                OTG_HS_WKUP_IRQHandler
                0x08002508                CAN2_SCE_IRQHandler
                0x08002508                DMA2_Stream2_IRQHandler
                0x08002508                SPI1_IRQHandler
                0x08002508                TIM1_BRK_TIM9_IRQHandler
                0x08002508                DCMI_IRQHandler
                0x08002508                CAN2_RX0_IRQHandler
                0x08002508                DMA2_Stream3_IRQHandler
                0x08002508                USART6_IRQHandler
                0x08002508                USART3_IRQHandler
                0x08002508                CAN1_RX1_IRQHandler
                0x08002508                UART5_IRQHandler
                0x08002508                TIM4_IRQHandler
                0x08002508                I2C1_EV_IRQHandler
                0x08002508                DMA1_Stream6_IRQHandler
                0x08002508                DMA1_Stream1_IRQHandler
                0x08002508                UART4_IRQHandler
                0x08002508                TIM3_IRQHandler
                0x08002508                RCC_IRQHandler
                0x08002508                TIM8_BRK_TIM12_IRQHandler
                0x08002508                Default_Handler
                0x08002508                EXTI15_10_IRQHandler
                0x08002508                DMA1_Stream7_IRQHandler
                0x08002508                TIM7_IRQHandler
                0x08002508                CAN2_TX_IRQHandler
                0x08002508                TIM5_IRQHandler
                0x08002508                DMA2_Stream7_IRQHandler
                0x08002508                I2C3_EV_IRQHandler
                0x08002508                EXTI9_5_IRQHandler
                0x08002508                RTC_WKUP_IRQHandler
                0x08002508                ETH_WKUP_IRQHandler
                0x08002508                SPI2_IRQHandler
                0x08002508                OTG_HS_EP1_IN_IRQHandler
                0x08002508                DMA1_Stream0_IRQHandler
                0x08002508                CAN1_TX_IRQHandler
                0x08002508                EXTI4_IRQHandler
                0x08002508                FSMC_IRQHandler
                0x08002508                ETH_IRQHandler
                0x08002508                OTG_HS_EP1_OUT_IRQHandler
                0x08002508                WWDG_IRQHandler
                0x08002508                OTG_FS_WKUP_IRQHandler
                0x08002508                TIM1_TRG_COM_TIM11_IRQHandler
                0x08002508                OTG_HS_IRQHandler
                0x08002508                EXTI1_IRQHandler
                0x08002508                USART2_IRQHandler
                0x08002508                I2C2_ER_IRQHandler
                0x08002508                DMA2_Stream1_IRQHandler
                0x08002508                CAN1_SCE_IRQHandler
                0x08002508                FLASH_IRQHandler
                0x08002508                DMA2_Stream4_IRQHandler
                0x08002508                USART1_IRQHandler
                0x08002508                SPI3_IRQHandler
                0x08002508                DMA1_Stream4_IRQHandler
                0x08002508                I2C1_ER_IRQHandler
                0x08002508                DMA2_Stream6_IRQHandler
                0x08002508                DMA1_Stream3_IRQHandler
 *fill*         0x0800250a        0x2 
 .text.HAL_Init
                0x0800250c       0x44 ./Drivers/STM32F4xx_HAL_Driver/Src/stm32f4xx_hal.o
                0x0800250c                HAL_Init
 .text.HAL_IncTick
                0x08002550       0x28 ./Drivers/STM32F4xx_HAL_Driver/Src/stm32f4xx_hal.o
                0x08002550                HAL_IncTick
 .text.HAL_GetTick
                0x08002578       0x18 ./Drivers/STM32F4xx_HAL_Driver/Src/stm32f4xx_hal.o
                0x08002578                HAL_GetTick
 .text.HAL_Delay
                0x08002590       0x48 ./Drivers/STM32F4xx_HAL_Driver/Src/stm32f4xx_hal.o
                0x08002590                HAL_Delay
 .text.HAL_ADC_Init
                0x080025d8       0x86 ./Drivers/STM32F4xx_HAL_Driver/Src/stm32f4xx_hal_adc.o
                0x080025d8                HAL_ADC_Init
 .text.HAL_ADC_IRQHandler
                0x0800265e      0x220 ./Drivers/STM32F4xx_HAL_Driver/Src/stm32f4xx_hal_adc.o
                0x0800265e                HAL_ADC_IRQHandler
 *fill*         0x0800287e        0x2 
 .text.HAL_ADC_Start_DMA
                0x08002880      0x228 ./Drivers/STM32F4xx_HAL_Driver/Src/stm32f4xx_hal_adc.o
                0x08002880                HAL_ADC_Start_DMA
 .text.HAL_ADC_ConvCpltCallback
                0x08002aa8       0x14 ./Drivers/STM32F4xx_HAL_Driver/Src/stm32f4xx_hal_adc.o
                0x08002aa8                HAL_ADC_ConvCpltCallback
 .text.HAL_ADC_ConvHalfCpltCallback
                0x08002abc       0x14 ./Drivers/STM32F4xx_HAL_Driver/Src/stm32f4xx_hal_adc.o
                0x08002abc                HAL_ADC_ConvHalfCpltCallback
 .text.HAL_ADC_LevelOutOfWindowCallback
                0x08002ad0       0x14 ./Drivers/STM32F4xx_HAL_Driver/Src/stm32f4xx_hal_adc.o
                0x08002ad0                HAL_ADC_LevelOutOfWindowCallback
 .text.HAL_ADC_ErrorCallback
                0x08002ae4       0x14 ./Drivers/STM32F4xx_HAL_Driver/Src/stm32f4xx_hal_adc.o
                0x08002ae4                HAL_ADC_ErrorCallback
 .text.HAL_ADC_ConfigChannel
                0x08002af8      0x244 ./Drivers/STM32F4xx_HAL_Driver/Src/stm32f4xx_hal_adc.o
                0x08002af8                HAL_ADC_ConfigChannel
 .text.HAL_ADC_GetError
                0x08002d3c       0x18 ./Drivers/STM32F4xx_HAL_Driver/Src/stm32f4xx_hal_adc.o
                0x08002d3c                HAL_ADC_GetError
 .text.ADC_Init
                0x08002d54      0x1f8 ./Drivers/STM32F4xx_HAL_Driver/Src/stm32f4xx_hal_adc.o
 .text.ADC_DMAConvCplt
                0x08002f4c       0xba ./Drivers/STM32F4xx_HAL_Driver/Src/stm32f4xx_hal_adc.o
 .text.ADC_DMAHalfConvCplt
                0x08003006       0x1c ./Drivers/STM32F4xx_HAL_Driver/Src/stm32f4xx_hal_adc.o
 .text.ADC_DMAError
                0x08003022       0x2e ./Drivers/STM32F4xx_HAL_Driver/Src/stm32f4xx_hal_adc.o
 .text.HAL_ADCEx_InjectedConvCpltCallback
                0x08003050       0x14 ./Drivers/STM32F4xx_HAL_Driver/Src/stm32f4xx_hal_adc_ex.o
                0x08003050                HAL_ADCEx_InjectedConvCpltCallback
 .text.__NVIC_SetPriorityGrouping
                0x08003064       0x48 ./Drivers/STM32F4xx_HAL_Driver/Src/stm32f4xx_hal_cortex.o
 .text.__NVIC_GetPriorityGrouping
                0x080030ac       0x1c ./Drivers/STM32F4xx_HAL_Driver/Src/stm32f4xx_hal_cortex.o
 .text.__NVIC_EnableIRQ
                0x080030c8       0x3c ./Drivers/STM32F4xx_HAL_Driver/Src/stm32f4xx_hal_cortex.o
 .text.__NVIC_SetPriority
                0x08003104       0x54 ./Drivers/STM32F4xx_HAL_Driver/Src/stm32f4xx_hal_cortex.o
 .text.NVIC_EncodePriority
                0x08003158       0x66 ./Drivers/STM32F4xx_HAL_Driver/Src/stm32f4xx_hal_cortex.o
 .text.HAL_NVIC_SetPriorityGrouping
                0x080031be       0x16 ./Drivers/STM32F4xx_HAL_Driver/Src/stm32f4xx_hal_cortex.o
                0x080031be                HAL_NVIC_SetPriorityGrouping
 .text.HAL_NVIC_SetPriority
                0x080031d4       0x38 ./Drivers/STM32F4xx_HAL_Driver/Src/stm32f4xx_hal_cortex.o
                0x080031d4                HAL_NVIC_SetPriority
 .text.HAL_NVIC_EnableIRQ
                0x0800320c       0x1c ./Drivers/STM32F4xx_HAL_Driver/Src/stm32f4xx_hal_cortex.o
                0x0800320c                HAL_NVIC_EnableIRQ
 .text.HAL_DMA_Init
                0x08003228      0x15c ./Drivers/STM32F4xx_HAL_Driver/Src/stm32f4xx_hal_dma.o
                0x08003228                HAL_DMA_Init
 .text.HAL_DMA_Start_IT
                0x08003384       0xb0 ./Drivers/STM32F4xx_HAL_Driver/Src/stm32f4xx_hal_dma.o
                0x08003384                HAL_DMA_Start_IT
 .text.HAL_DMA_IRQHandler
                0x08003434      0x314 ./Drivers/STM32F4xx_HAL_Driver/Src/stm32f4xx_hal_dma.o
                0x08003434                HAL_DMA_IRQHandler
 .text.DMA_SetConfig
                0x08003748       0x5c ./Drivers/STM32F4xx_HAL_Driver/Src/stm32f4xx_hal_dma.o
 .text.DMA_CalcBaseAndBitshift
                0x080037a4       0x6c ./Drivers/STM32F4xx_HAL_Driver/Src/stm32f4xx_hal_dma.o
 .text.DMA_CheckFifoParam
                0x08003810       0xf8 ./Drivers/STM32F4xx_HAL_Driver/Src/stm32f4xx_hal_dma.o
 .text.HAL_GPIO_Init
                0x08003908      0x338 ./Drivers/STM32F4xx_HAL_Driver/Src/stm32f4xx_hal_gpio.o
                0x08003908                HAL_GPIO_Init
 .text.HAL_GPIO_ReadPin
                0x08003c40       0x30 ./Drivers/STM32F4xx_HAL_Driver/Src/stm32f4xx_hal_gpio.o
                0x08003c40                HAL_GPIO_ReadPin
 .text.HAL_GPIO_WritePin
                0x08003c70       0x32 ./Drivers/STM32F4xx_HAL_Driver/Src/stm32f4xx_hal_gpio.o
                0x08003c70                HAL_GPIO_WritePin
 .text.HAL_PCD_Init
                0x08003ca2      0x21e ./Drivers/STM32F4xx_HAL_Driver/Src/stm32f4xx_hal_pcd.o
                0x08003ca2                HAL_PCD_Init
 .text.HAL_PCD_Start
                0x08003ec0       0x6a ./Drivers/STM32F4xx_HAL_Driver/Src/stm32f4xx_hal_pcd.o
                0x08003ec0                HAL_PCD_Start
 .text.HAL_PCD_IRQHandler
                0x08003f2a      0x942 ./Drivers/STM32F4xx_HAL_Driver/Src/stm32f4xx_hal_pcd.o
                0x08003f2a                HAL_PCD_IRQHandler
 .text.HAL_PCD_SetAddress
                0x0800486c       0x48 ./Drivers/STM32F4xx_HAL_Driver/Src/stm32f4xx_hal_pcd.o
                0x0800486c                HAL_PCD_SetAddress
 .text.HAL_PCD_EP_Open
                0x080048b4       0xd4 ./Drivers/STM32F4xx_HAL_Driver/Src/stm32f4xx_hal_pcd.o
                0x080048b4                HAL_PCD_EP_Open
 .text.HAL_PCD_EP_Close
                0x08004988       0x94 ./Drivers/STM32F4xx_HAL_Driver/Src/stm32f4xx_hal_pcd.o
                0x08004988                HAL_PCD_EP_Close
 .text.HAL_PCD_EP_Receive
                0x08004a1c       0x76 ./Drivers/STM32F4xx_HAL_Driver/Src/stm32f4xx_hal_pcd.o
                0x08004a1c                HAL_PCD_EP_Receive
 .text.HAL_PCD_EP_GetRxCount
                0x08004a92       0x30 ./Drivers/STM32F4xx_HAL_Driver/Src/stm32f4xx_hal_pcd.o
                0x08004a92                HAL_PCD_EP_GetRxCount
 .text.HAL_PCD_EP_Transmit
                0x08004ac2       0x74 ./Drivers/STM32F4xx_HAL_Driver/Src/stm32f4xx_hal_pcd.o
                0x08004ac2                HAL_PCD_EP_Transmit
 .text.HAL_PCD_EP_SetStall
                0x08004b36       0xc6 ./Drivers/STM32F4xx_HAL_Driver/Src/stm32f4xx_hal_pcd.o
                0x08004b36                HAL_PCD_EP_SetStall
 .text.HAL_PCD_EP_ClrStall
                0x08004bfc       0xac ./Drivers/STM32F4xx_HAL_Driver/Src/stm32f4xx_hal_pcd.o
                0x08004bfc                HAL_PCD_EP_ClrStall
 .text.HAL_PCD_EP_Abort
                0x08004ca8       0x62 ./Drivers/STM32F4xx_HAL_Driver/Src/stm32f4xx_hal_pcd.o
                0x08004ca8                HAL_PCD_EP_Abort
 .text.PCD_WriteEmptyTxFifo
                0x08004d0a      0x118 ./Drivers/STM32F4xx_HAL_Driver/Src/stm32f4xx_hal_pcd.o
 *fill*         0x08004e22        0x2 
 .text.PCD_EP_OutXfrComplete_int
                0x08004e24      0x1d0 ./Drivers/STM32F4xx_HAL_Driver/Src/stm32f4xx_hal_pcd.o
 .text.PCD_EP_OutSetupPacket_int
                0x08004ff4       0x8c ./Drivers/STM32F4xx_HAL_Driver/Src/stm32f4xx_hal_pcd.o
 .text.HAL_PCDEx_SetTxFiFo
                0x08005080       0x8e ./Drivers/STM32F4xx_HAL_Driver/Src/stm32f4xx_hal_pcd_ex.o
                0x08005080                HAL_PCDEx_SetTxFiFo
 .text.HAL_PCDEx_SetRxFiFo
                0x0800510e       0x22 ./Drivers/STM32F4xx_HAL_Driver/Src/stm32f4xx_hal_pcd_ex.o
                0x0800510e                HAL_PCDEx_SetRxFiFo
 .text.HAL_PCDEx_LPM_Callback
                0x08005130       0x18 ./Drivers/STM32F4xx_HAL_Driver/Src/stm32f4xx_hal_pcd_ex.o
                0x08005130                HAL_PCDEx_LPM_Callback
 .text.HAL_RCC_OscConfig
                0x08005148      0x4f0 ./Drivers/STM32F4xx_HAL_Driver/Src/stm32f4xx_hal_rcc.o
                0x08005148                HAL_RCC_OscConfig
 .text.HAL_RCC_ClockConfig
                0x08005638      0x1cc ./Drivers/STM32F4xx_HAL_Driver/Src/stm32f4xx_hal_rcc.o
                0x08005638                HAL_RCC_ClockConfig
 .text.HAL_RCC_GetSysClockFreq
                0x08005804      0x20c ./Drivers/STM32F4xx_HAL_Driver/Src/stm32f4xx_hal_rcc.o
                0x08005804                HAL_RCC_GetSysClockFreq
 .text.HAL_RCC_GetHCLKFreq
                0x08005a10       0x18 ./Drivers/STM32F4xx_HAL_Driver/Src/stm32f4xx_hal_rcc.o
                0x08005a10                HAL_RCC_GetHCLKFreq
 .text.HAL_RCC_GetPCLK1Freq
                0x08005a28       0x28 ./Drivers/STM32F4xx_HAL_Driver/Src/stm32f4xx_hal_rcc.o
                0x08005a28                HAL_RCC_GetPCLK1Freq
 .text.HAL_RCC_GetClockConfig
                0x08005a50       0x64 ./Drivers/STM32F4xx_HAL_Driver/Src/stm32f4xx_hal_rcc.o
                0x08005a50                HAL_RCC_GetClockConfig
 .text.HAL_TIM_Base_Init
                0x08005ab4       0x9e ./Drivers/STM32F4xx_HAL_Driver/Src/stm32f4xx_hal_tim.o
                0x08005ab4                HAL_TIM_Base_Init
 *fill*         0x08005b52        0x2 
 .text.HAL_TIM_Base_Start_IT
                0x08005b54       0xe0 ./Drivers/STM32F4xx_HAL_Driver/Src/stm32f4xx_hal_tim.o
                0x08005b54                HAL_TIM_Base_Start_IT
 .text.HAL_TIM_IRQHandler
                0x08005c34      0x1e0 ./Drivers/STM32F4xx_HAL_Driver/Src/stm32f4xx_hal_tim.o
                0x08005c34                HAL_TIM_IRQHandler
 .text.HAL_TIM_ConfigClockSource
                0x08005e14      0x18e ./Drivers/STM32F4xx_HAL_Driver/Src/stm32f4xx_hal_tim.o
                0x08005e14                HAL_TIM_ConfigClockSource
 .text.HAL_TIM_OC_DelayElapsedCallback
                0x08005fa2       0x14 ./Drivers/STM32F4xx_HAL_Driver/Src/stm32f4xx_hal_tim.o
                0x08005fa2                HAL_TIM_OC_DelayElapsedCallback
 .text.HAL_TIM_IC_CaptureCallback
                0x08005fb6       0x14 ./Drivers/STM32F4xx_HAL_Driver/Src/stm32f4xx_hal_tim.o
                0x08005fb6                HAL_TIM_IC_CaptureCallback
 .text.HAL_TIM_PWM_PulseFinishedCallback
                0x08005fca       0x14 ./Drivers/STM32F4xx_HAL_Driver/Src/stm32f4xx_hal_tim.o
                0x08005fca                HAL_TIM_PWM_PulseFinishedCallback
 .text.HAL_TIM_TriggerCallback
                0x08005fde       0x14 ./Drivers/STM32F4xx_HAL_Driver/Src/stm32f4xx_hal_tim.o
                0x08005fde                HAL_TIM_TriggerCallback
 *fill*         0x08005ff2        0x2 
 .text.TIM_Base_SetConfig
                0x08005ff4      0x14c ./Drivers/STM32F4xx_HAL_Driver/Src/stm32f4xx_hal_tim.o
                0x08005ff4                TIM_Base_SetConfig
 .text.TIM_TI1_ConfigInputStage
                0x08006140       0x5e ./Drivers/STM32F4xx_HAL_Driver/Src/stm32f4xx_hal_tim.o
 .text.TIM_TI2_ConfigInputStage
                0x0800619e       0x60 ./Drivers/STM32F4xx_HAL_Driver/Src/stm32f4xx_hal_tim.o
 .text.TIM_ITRx_SetConfig
                0x080061fe       0x36 ./Drivers/STM32F4xx_HAL_Driver/Src/stm32f4xx_hal_tim.o
 .text.TIM_ETR_SetConfig
                0x08006234       0x40 ./Drivers/STM32F4xx_HAL_Driver/Src/stm32f4xx_hal_tim.o
                0x08006234                TIM_ETR_SetConfig
 .text.HAL_TIMEx_MasterConfigSynchronization
                0x08006274       0xf8 ./Drivers/STM32F4xx_HAL_Driver/Src/stm32f4xx_hal_tim_ex.o
                0x08006274                HAL_TIMEx_MasterConfigSynchronization
 .text.HAL_TIMEx_CommutCallback
                0x0800636c       0x14 ./Drivers/STM32F4xx_HAL_Driver/Src/stm32f4xx_hal_tim_ex.o
                0x0800636c                HAL_TIMEx_CommutCallback
 .text.HAL_TIMEx_BreakCallback
                0x08006380       0x14 ./Drivers/STM32F4xx_HAL_Driver/Src/stm32f4xx_hal_tim_ex.o
                0x08006380                HAL_TIMEx_BreakCallback
 .text.USB_CoreInit
                0x08006394       0xc8 ./Drivers/STM32F4xx_HAL_Driver/Src/stm32f4xx_ll_usb.o
                0x08006394                USB_CoreInit
 .text.USB_SetTurnaroundTime
                0x0800645c      0x144 ./Drivers/STM32F4xx_HAL_Driver/Src/stm32f4xx_ll_usb.o
                0x0800645c                USB_SetTurnaroundTime
 .text.USB_EnableGlobalInt
                0x080065a0       0x22 ./Drivers/STM32F4xx_HAL_Driver/Src/stm32f4xx_ll_usb.o
                0x080065a0                USB_EnableGlobalInt
 .text.USB_DisableGlobalInt
                0x080065c2       0x22 ./Drivers/STM32F4xx_HAL_Driver/Src/stm32f4xx_ll_usb.o
                0x080065c2                USB_DisableGlobalInt
 .text.USB_SetCurrentMode
                0x080065e4       0x98 ./Drivers/STM32F4xx_HAL_Driver/Src/stm32f4xx_ll_usb.o
                0x080065e4                USB_SetCurrentMode
 .text.USB_DevInit
                0x0800667c      0x2c8 ./Drivers/STM32F4xx_HAL_Driver/Src/stm32f4xx_ll_usb.o
                0x0800667c                USB_DevInit
 .text.USB_FlushTxFifo
                0x08006944       0x64 ./Drivers/STM32F4xx_HAL_Driver/Src/stm32f4xx_ll_usb.o
                0x08006944                USB_FlushTxFifo
 .text.USB_FlushRxFifo
                0x080069a8       0x5c ./Drivers/STM32F4xx_HAL_Driver/Src/stm32f4xx_ll_usb.o
                0x080069a8                USB_FlushRxFifo
 .text.USB_SetDevSpeed
                0x08006a04       0x32 ./Drivers/STM32F4xx_HAL_Driver/Src/stm32f4xx_ll_usb.o
                0x08006a04                USB_SetDevSpeed
 .text.USB_GetDevSpeed
                0x08006a36       0x4a ./Drivers/STM32F4xx_HAL_Driver/Src/stm32f4xx_ll_usb.o
                0x08006a36                USB_GetDevSpeed
 .text.USB_ActivateEndpoint
                0x08006a80      0x10e ./Drivers/STM32F4xx_HAL_Driver/Src/stm32f4xx_ll_usb.o
                0x08006a80                USB_ActivateEndpoint
 *fill*         0x08006b8e        0x2 
 .text.USB_DeactivateEndpoint
                0x08006b90      0x1b8 ./Drivers/STM32F4xx_HAL_Driver/Src/stm32f4xx_ll_usb.o
                0x08006b90                USB_DeactivateEndpoint
 .text.USB_EPStartXfer
                0x08006d48      0x53c ./Drivers/STM32F4xx_HAL_Driver/Src/stm32f4xx_ll_usb.o
                0x08006d48                USB_EPStartXfer
 .text.USB_EPStopXfer
                0x08007284      0x154 ./Drivers/STM32F4xx_HAL_Driver/Src/stm32f4xx_ll_usb.o
                0x08007284                USB_EPStopXfer
 .text.USB_WritePacket
                0x080073d8       0x7c ./Drivers/STM32F4xx_HAL_Driver/Src/stm32f4xx_ll_usb.o
                0x080073d8                USB_WritePacket
 .text.USB_ReadPacket
                0x08007454       0xb0 ./Drivers/STM32F4xx_HAL_Driver/Src/stm32f4xx_ll_usb.o
                0x08007454                USB_ReadPacket
 .text.USB_EPSetStall
                0x08007504       0xdc ./Drivers/STM32F4xx_HAL_Driver/Src/stm32f4xx_ll_usb.o
                0x08007504                USB_EPSetStall
 .text.USB_EPClearStall
                0x080075e0       0xcc ./Drivers/STM32F4xx_HAL_Driver/Src/stm32f4xx_ll_usb.o
                0x080075e0                USB_EPClearStall
 .text.USB_SetDevAddress
                0x080076ac       0x4c ./Drivers/STM32F4xx_HAL_Driver/Src/stm32f4xx_ll_usb.o
                0x080076ac                USB_SetDevAddress
 .text.USB_DevConnect
                0x080076f8       0x42 ./Drivers/STM32F4xx_HAL_Driver/Src/stm32f4xx_ll_usb.o
                0x080076f8                USB_DevConnect
 .text.USB_DevDisconnect
                0x0800773a       0x42 ./Drivers/STM32F4xx_HAL_Driver/Src/stm32f4xx_ll_usb.o
                0x0800773a                USB_DevDisconnect
 .text.USB_ReadInterrupts
                0x0800777c       0x26 ./Drivers/STM32F4xx_HAL_Driver/Src/stm32f4xx_ll_usb.o
                0x0800777c                USB_ReadInterrupts
 .text.USB_ReadDevAllOutEpInterrupt
                0x080077a2       0x34 ./Drivers/STM32F4xx_HAL_Driver/Src/stm32f4xx_ll_usb.o
                0x080077a2                USB_ReadDevAllOutEpInterrupt
 .text.USB_ReadDevAllInEpInterrupt
                0x080077d6       0x34 ./Drivers/STM32F4xx_HAL_Driver/Src/stm32f4xx_ll_usb.o
                0x080077d6                USB_ReadDevAllInEpInterrupt
 .text.USB_ReadDevOutEPInterrupt
                0x0800780a       0x3c ./Drivers/STM32F4xx_HAL_Driver/Src/stm32f4xx_ll_usb.o
                0x0800780a                USB_ReadDevOutEPInterrupt
 .text.USB_ReadDevInEPInterrupt
                0x08007846       0x5c ./Drivers/STM32F4xx_HAL_Driver/Src/stm32f4xx_ll_usb.o
                0x08007846                USB_ReadDevInEPInterrupt
 .text.USB_GetMode
                0x080078a2       0x1c ./Drivers/STM32F4xx_HAL_Driver/Src/stm32f4xx_ll_usb.o
                0x080078a2                USB_GetMode
 .text.USB_ActivateSetup
                0x080078be       0x46 ./Drivers/STM32F4xx_HAL_Driver/Src/stm32f4xx_ll_usb.o
                0x080078be                USB_ActivateSetup
 .text.USB_EP0_OutStart
                0x08007904       0xbc ./Drivers/STM32F4xx_HAL_Driver/Src/stm32f4xx_ll_usb.o
                0x08007904                USB_EP0_OutStart
 .text.USB_CoreReset
                0x080079c0       0x70 ./Drivers/STM32F4xx_HAL_Driver/Src/stm32f4xx_ll_usb.o
 .text.USBD_CDC_Init
                0x08007a30      0x1f0 ./Middlewares/ST/STM32_USB_Device_Library/Class/CDC/Src/usbd_cdc.o
 .text.USBD_CDC_DeInit
                0x08007c20      0x104 ./Middlewares/ST/STM32_USB_Device_Library/Class/CDC/Src/usbd_cdc.o
 .text.USBD_CDC_Setup
                0x08007d24      0x1b8 ./Middlewares/ST/STM32_USB_Device_Library/Class/CDC/Src/usbd_cdc.o
 .text.USBD_CDC_DataIn
                0x08007edc       0xfe ./Middlewares/ST/STM32_USB_Device_Library/Class/CDC/Src/usbd_cdc.o
 .text.USBD_CDC_DataOut
                0x08007fda       0x70 ./Middlewares/ST/STM32_USB_Device_Library/Class/CDC/Src/usbd_cdc.o
 .text.USBD_CDC_EP0_RxReady
                0x0800804a       0x74 ./Middlewares/ST/STM32_USB_Device_Library/Class/CDC/Src/usbd_cdc.o
 *fill*         0x080080be        0x2 
 .text.USBD_CDC_GetFSCfgDesc
                0x080080c0       0x70 ./Middlewares/ST/STM32_USB_Device_Library/Class/CDC/Src/usbd_cdc.o
 .text.USBD_CDC_GetHSCfgDesc
                0x08008130       0x70 ./Middlewares/ST/STM32_USB_Device_Library/Class/CDC/Src/usbd_cdc.o
 .text.USBD_CDC_GetOtherSpeedCfgDesc
                0x080081a0       0x70 ./Middlewares/ST/STM32_USB_Device_Library/Class/CDC/Src/usbd_cdc.o
 .text.USBD_CDC_GetDeviceQualifierDescriptor
                0x08008210       0x20 ./Middlewares/ST/STM32_USB_Device_Library/Class/CDC/Src/usbd_cdc.o
                0x08008210                USBD_CDC_GetDeviceQualifierDescriptor
 .text.USBD_CDC_RegisterInterface
                0x08008230       0x34 ./Middlewares/ST/STM32_USB_Device_Library/Class/CDC/Src/usbd_cdc.o
                0x08008230                USBD_CDC_RegisterInterface
 .text.USBD_CDC_SetTxBuffer
                0x08008264       0x44 ./Middlewares/ST/STM32_USB_Device_Library/Class/CDC/Src/usbd_cdc.o
                0x08008264                USBD_CDC_SetTxBuffer
 .text.USBD_CDC_SetRxBuffer
                0x080082a8       0x3a ./Middlewares/ST/STM32_USB_Device_Library/Class/CDC/Src/usbd_cdc.o
                0x080082a8                USBD_CDC_SetRxBuffer
 *fill*         0x080082e2        0x2 
 .text.USBD_CDC_TransmitPacket
                0x080082e4       0x80 ./Middlewares/ST/STM32_USB_Device_Library/Class/CDC/Src/usbd_cdc.o
                0x080082e4                USBD_CDC_TransmitPacket
 .text.USBD_CDC_ReceivePacket
                0x08008364       0x6c ./Middlewares/ST/STM32_USB_Device_Library/Class/CDC/Src/usbd_cdc.o
                0x08008364                USBD_CDC_ReceivePacket
 .text.USBD_Init
                0x080083d0       0x60 ./Middlewares/ST/STM32_USB_Device_Library/Core/Src/usbd_core.o
                0x080083d0                USBD_Init
 .text.USBD_RegisterClass
                0x08008430       0x6c ./Middlewares/ST/STM32_USB_Device_Library/Core/Src/usbd_core.o
                0x08008430                USBD_RegisterClass
 .text.USBD_Start
                0x0800849c       0x18 ./Middlewares/ST/STM32_USB_Device_Library/Core/Src/usbd_core.o
                0x0800849c                USBD_Start
 .text.USBD_RunTestMode
                0x080084b4       0x16 ./Middlewares/ST/STM32_USB_Device_Library/Core/Src/usbd_core.o
                0x080084b4                USBD_RunTestMode
 .text.USBD_SetClassConfig
                0x080084ca       0x38 ./Middlewares/ST/STM32_USB_Device_Library/Core/Src/usbd_core.o
                0x080084ca                USBD_SetClassConfig
 .text.USBD_ClrClassConfig
                0x08008502       0x34 ./Middlewares/ST/STM32_USB_Device_Library/Core/Src/usbd_core.o
                0x08008502                USBD_ClrClassConfig
 .text.USBD_LL_SetupStage
                0x08008536       0xaa ./Middlewares/ST/STM32_USB_Device_Library/Core/Src/usbd_core.o
                0x08008536                USBD_LL_SetupStage
 .text.USBD_LL_DataOutStage
                0x080085e0      0x178 ./Middlewares/ST/STM32_USB_Device_Library/Core/Src/usbd_core.o
                0x080085e0                USBD_LL_DataOutStage
 .text.USBD_LL_DataInStage
                0x08008758      0x176 ./Middlewares/ST/STM32_USB_Device_Library/Core/Src/usbd_core.o
                0x08008758                USBD_LL_DataInStage
 .text.USBD_LL_Reset
                0x080088ce       0xa6 ./Middlewares/ST/STM32_USB_Device_Library/Core/Src/usbd_core.o
                0x080088ce                USBD_LL_Reset
 .text.USBD_LL_SetSpeed
                0x08008974       0x20 ./Middlewares/ST/STM32_USB_Device_Library/Core/Src/usbd_core.o
                0x08008974                USBD_LL_SetSpeed
 .text.USBD_LL_Suspend
                0x08008994       0x38 ./Middlewares/ST/STM32_USB_Device_Library/Core/Src/usbd_core.o
                0x08008994                USBD_LL_Suspend
 .text.USBD_LL_Resume
                0x080089cc       0x30 ./Middlewares/ST/STM32_USB_Device_Library/Core/Src/usbd_core.o
                0x080089cc                USBD_LL_Resume
 .text.USBD_LL_SOF
                0x080089fc       0x40 ./Middlewares/ST/STM32_USB_Device_Library/Core/Src/usbd_core.o
                0x080089fc                USBD_LL_SOF
 .text.USBD_LL_IsoINIncomplete
                0x08008a3c       0x64 ./Middlewares/ST/STM32_USB_Device_Library/Core/Src/usbd_core.o
                0x08008a3c                USBD_LL_IsoINIncomplete
 .text.USBD_LL_IsoOUTIncomplete
                0x08008aa0       0x64 ./Middlewares/ST/STM32_USB_Device_Library/Core/Src/usbd_core.o
                0x08008aa0                USBD_LL_IsoOUTIncomplete
 .text.USBD_LL_DevConnected
                0x08008b04       0x16 ./Middlewares/ST/STM32_USB_Device_Library/Core/Src/usbd_core.o
                0x08008b04                USBD_LL_DevConnected
 .text.USBD_LL_DevDisconnected
                0x08008b1a       0x46 ./Middlewares/ST/STM32_USB_Device_Library/Core/Src/usbd_core.o
                0x08008b1a                USBD_LL_DevDisconnected
 .text.USBD_CoreFindIF
                0x08008b60       0x1a ./Middlewares/ST/STM32_USB_Device_Library/Core/Src/usbd_core.o
                0x08008b60                USBD_CoreFindIF
 .text.USBD_CoreFindEP
                0x08008b7a       0x1a ./Middlewares/ST/STM32_USB_Device_Library/Core/Src/usbd_core.o
                0x08008b7a                USBD_CoreFindEP
 .text.USBD_GetEpDesc
                0x08008b94       0x70 ./Middlewares/ST/STM32_USB_Device_Library/Core/Src/usbd_core.o
                0x08008b94                USBD_GetEpDesc
 .text.USBD_GetNextDesc
                0x08008c04       0x38 ./Middlewares/ST/STM32_USB_Device_Library/Core/Src/usbd_core.o
                0x08008c04                USBD_GetNextDesc
 .text.SWAPBYTE
                0x08008c3c       0x3e ./Middlewares/ST/STM32_USB_Device_Library/Core/Src/usbd_ctlreq.o
 *fill*         0x08008c7a        0x2 
 .text.USBD_StdDevReq
                0x08008c7c       0xe4 ./Middlewares/ST/STM32_USB_Device_Library/Core/Src/usbd_ctlreq.o
                0x08008c7c                USBD_StdDevReq
 .text.USBD_StdItfReq
                0x08008d60       0xd8 ./Middlewares/ST/STM32_USB_Device_Library/Core/Src/usbd_ctlreq.o
                0x08008d60                USBD_StdItfReq
 .text.USBD_StdEPReq
                0x08008e38      0x33e ./Middlewares/ST/STM32_USB_Device_Library/Core/Src/usbd_ctlreq.o
                0x08008e38                USBD_StdEPReq
 *fill*         0x08009176        0x2 
 .text.USBD_GetDescriptor
                0x08009178      0x2d4 ./Middlewares/ST/STM32_USB_Device_Library/Core/Src/usbd_ctlreq.o
 .text.USBD_SetAddress
                0x0800944c       0x88 ./Middlewares/ST/STM32_USB_Device_Library/Core/Src/usbd_ctlreq.o
 .text.USBD_SetConfig
                0x080094d4      0x154 ./Middlewares/ST/STM32_USB_Device_Library/Core/Src/usbd_ctlreq.o
 .text.USBD_GetConfig
                0x08009628       0x6c ./Middlewares/ST/STM32_USB_Device_Library/Core/Src/usbd_ctlreq.o
 .text.USBD_GetStatus
                0x08009694       0x68 ./Middlewares/ST/STM32_USB_Device_Library/Core/Src/usbd_ctlreq.o
 .text.USBD_SetFeature
                0x080096fc       0x52 ./Middlewares/ST/STM32_USB_Device_Library/Core/Src/usbd_ctlreq.o
 .text.USBD_ClrFeature
                0x0800974e       0x44 ./Middlewares/ST/STM32_USB_Device_Library/Core/Src/usbd_ctlreq.o
 .text.USBD_ParseSetupRequest
                0x08009792       0x74 ./Middlewares/ST/STM32_USB_Device_Library/Core/Src/usbd_ctlreq.o
                0x08009792                USBD_ParseSetupRequest
 .text.USBD_CtlError
                0x08009806       0x22 ./Middlewares/ST/STM32_USB_Device_Library/Core/Src/usbd_ctlreq.o
                0x08009806                USBD_CtlError
 .text.USBD_GetString
                0x08009828       0xa4 ./Middlewares/ST/STM32_USB_Device_Library/Core/Src/usbd_ctlreq.o
                0x08009828                USBD_GetString
 .text.USBD_GetLen
                0x080098cc       0x34 ./Middlewares/ST/STM32_USB_Device_Library/Core/Src/usbd_ctlreq.o
 .text.USBD_CtlSendData
                0x08009900       0x3c ./Middlewares/ST/STM32_USB_Device_Library/Core/Src/usbd_ioreq.o
                0x08009900                USBD_CtlSendData
 .text.USBD_CtlContinueSendData
                0x0800993c       0x22 ./Middlewares/ST/STM32_USB_Device_Library/Core/Src/usbd_ioreq.o
                0x0800993c                USBD_CtlContinueSendData
 .text.USBD_CtlPrepareRx
                0x0800995e       0x42 ./Middlewares/ST/STM32_USB_Device_Library/Core/Src/usbd_ioreq.o
                0x0800995e                USBD_CtlPrepareRx
 .text.USBD_CtlContinueRx
                0x080099a0       0x22 ./Middlewares/ST/STM32_USB_Device_Library/Core/Src/usbd_ioreq.o
                0x080099a0                USBD_CtlContinueRx
 .text.USBD_CtlSendStatus
                0x080099c2       0x26 ./Middlewares/ST/STM32_USB_Device_Library/Core/Src/usbd_ioreq.o
                0x080099c2                USBD_CtlSendStatus
 .text.USBD_CtlReceiveStatus
                0x080099e8       0x26 ./Middlewares/ST/STM32_USB_Device_Library/Core/Src/usbd_ioreq.o
                0x080099e8                USBD_CtlReceiveStatus
 *fill*         0x08009a0e        0x2 
 .text.__NVIC_SetPriority
                0x08009a10       0x54 ./Middlewares/Third_Party/FreeRTOS/Source/CMSIS_RTOS_V2/cmsis_os2.o
 .text.SysTick_Handler
                0x08009a64       0x20 ./Middlewares/Third_Party/FreeRTOS/Source/CMSIS_RTOS_V2/cmsis_os2.o
                0x08009a64                SysTick_Handler
 .text.SVC_Setup
                0x08009a84       0x12 ./Middlewares/Third_Party/FreeRTOS/Source/CMSIS_RTOS_V2/cmsis_os2.o
 *fill*         0x08009a96        0x2 
 .text.osKernelInitialize
                0x08009a98       0x48 ./Middlewares/Third_Party/FreeRTOS/Source/CMSIS_RTOS_V2/cmsis_os2.o
                0x08009a98                osKernelInitialize
 .text.osKernelStart
                0x08009ae0       0x4c ./Middlewares/Third_Party/FreeRTOS/Source/CMSIS_RTOS_V2/cmsis_os2.o
                0x08009ae0                osKernelStart
 .text.osThreadNew
                0x08009b2c      0x124 ./Middlewares/Third_Party/FreeRTOS/Source/CMSIS_RTOS_V2/cmsis_os2.o
                0x08009b2c                osThreadNew
 .text.osDelay  0x08009c50       0x36 ./Middlewares/Third_Party/FreeRTOS/Source/CMSIS_RTOS_V2/cmsis_os2.o
                0x08009c50                osDelay
 .text.osMessageQueueNew
                0x08009c86       0xe6 ./Middlewares/Third_Party/FreeRTOS/Source/CMSIS_RTOS_V2/cmsis_os2.o
                0x08009c86                osMessageQueueNew
 .text.osMessageQueuePut
                0x08009d6c       0xc0 ./Middlewares/Third_Party/FreeRTOS/Source/CMSIS_RTOS_V2/cmsis_os2.o
                0x08009d6c                osMessageQueuePut
 .text.osMessageQueueGet
                0x08009e2c       0xbc ./Middlewares/Third_Party/FreeRTOS/Source/CMSIS_RTOS_V2/cmsis_os2.o
                0x08009e2c                osMessageQueueGet
 .text.vApplicationGetIdleTaskMemory
                0x08009ee8       0x34 ./Middlewares/Third_Party/FreeRTOS/Source/CMSIS_RTOS_V2/cmsis_os2.o
                0x08009ee8                vApplicationGetIdleTaskMemory
 .text.vApplicationGetTimerTaskMemory
                0x08009f1c       0x34 ./Middlewares/Third_Party/FreeRTOS/Source/CMSIS_RTOS_V2/cmsis_os2.o
                0x08009f1c                vApplicationGetTimerTaskMemory
 .text.vListInitialise
                0x08009f50       0x40 ./Middlewares/Third_Party/FreeRTOS/Source/list.o
                0x08009f50                vListInitialise
 .text.vListInitialiseItem
                0x08009f90       0x1a ./Middlewares/Third_Party/FreeRTOS/Source/list.o
                0x08009f90                vListInitialiseItem
 .text.vListInsertEnd
                0x08009faa       0x48 ./Middlewares/Third_Party/FreeRTOS/Source/list.o
                0x08009faa                vListInsertEnd
 .text.vListInsert
                0x08009ff2       0x72 ./Middlewares/Third_Party/FreeRTOS/Source/list.o
                0x08009ff2                vListInsert
 .text.uxListRemove
                0x0800a064       0x54 ./Middlewares/Third_Party/FreeRTOS/Source/list.o
                0x0800a064                uxListRemove
 .text.xQueueGenericReset
                0x0800a0b8       0xd4 ./Middlewares/Third_Party/FreeRTOS/Source/queue.o
                0x0800a0b8                xQueueGenericReset
 .text.xQueueGenericCreateStatic
                0x0800a18c       0xfa ./Middlewares/Third_Party/FreeRTOS/Source/queue.o
                0x0800a18c                xQueueGenericCreateStatic
 .text.xQueueGenericCreate
                0x0800a286       0x76 ./Middlewares/Third_Party/FreeRTOS/Source/queue.o
                0x0800a286                xQueueGenericCreate
 .text.prvInitialiseNewQueue
                0x0800a2fc       0x46 ./Middlewares/Third_Party/FreeRTOS/Source/queue.o
 *fill*         0x0800a342        0x2 
 .text.xQueueGenericSend
                0x0800a344      0x204 ./Middlewares/Third_Party/FreeRTOS/Source/queue.o
                0x0800a344                xQueueGenericSend
 .text.xQueueGenericSendFromISR
                0x0800a548      0x13c ./Middlewares/Third_Party/FreeRTOS/Source/queue.o
                0x0800a548                xQueueGenericSendFromISR
 .text.xQueueReceive
                0x0800a684      0x1c4 ./Middlewares/Third_Party/FreeRTOS/Source/queue.o
                0x0800a684                xQueueReceive
 .text.xQueueReceiveFromISR
                0x0800a848      0x104 ./Middlewares/Third_Party/FreeRTOS/Source/queue.o
                0x0800a848                xQueueReceiveFromISR
 .text.prvCopyDataToQueue
                0x0800a94c       0xd4 ./Middlewares/Third_Party/FreeRTOS/Source/queue.o
 .text.prvCopyDataFromQueue
                0x0800aa20       0x4c ./Middlewares/Third_Party/FreeRTOS/Source/queue.o
 .text.prvUnlockQueue
                0x0800aa6c       0xa4 ./Middlewares/Third_Party/FreeRTOS/Source/queue.o
 .text.prvIsQueueEmpty
                0x0800ab10       0x2c ./Middlewares/Third_Party/FreeRTOS/Source/queue.o
 .text.prvIsQueueFull
                0x0800ab3c       0x30 ./Middlewares/Third_Party/FreeRTOS/Source/queue.o
 .text.vQueueAddToRegistry
                0x0800ab6c       0x54 ./Middlewares/Third_Party/FreeRTOS/Source/queue.o
                0x0800ab6c                vQueueAddToRegistry
 .text.vQueueWaitForMessageRestricted
                0x0800abc0       0x68 ./Middlewares/Third_Party/FreeRTOS/Source/queue.o
                0x0800abc0                vQueueWaitForMessageRestricted
 .text.xStreamBufferGenericCreate
                0x0800ac28       0xbc ./Middlewares/Third_Party/FreeRTOS/Source/stream_buffer.o
                0x0800ac28                xStreamBufferGenericCreate
 .text.xStreamBufferSpacesAvailable
                0x0800ace4       0x68 ./Middlewares/Third_Party/FreeRTOS/Source/stream_buffer.o
                0x0800ace4                xStreamBufferSpacesAvailable
 .text.xStreamBufferSendFromISR
                0x0800ad4c       0xe6 ./Middlewares/Third_Party/FreeRTOS/Source/stream_buffer.o
                0x0800ad4c                xStreamBufferSendFromISR
 .text.prvWriteMessageToBuffer
                0x0800ae32       0x7a ./Middlewares/Third_Party/FreeRTOS/Source/stream_buffer.o
 .text.xStreamBufferReceive
                0x0800aeac      0x130 ./Middlewares/Third_Party/FreeRTOS/Source/stream_buffer.o
                0x0800aeac                xStreamBufferReceive
 .text.prvReadMessageFromBuffer
                0x0800afdc       0x64 ./Middlewares/Third_Party/FreeRTOS/Source/stream_buffer.o
 .text.prvWriteBytesToBuffer
                0x0800b040       0xea ./Middlewares/Third_Party/FreeRTOS/Source/stream_buffer.o
 .text.prvReadBytesFromBuffer
                0x0800b12a       0xfa ./Middlewares/Third_Party/FreeRTOS/Source/stream_buffer.o
 .text.prvBytesInBuffer
                0x0800b224       0x40 ./Middlewares/Third_Party/FreeRTOS/Source/stream_buffer.o
 .text.prvInitialiseNewStreamBuffer
                0x0800b264       0x68 ./Middlewares/Third_Party/FreeRTOS/Source/stream_buffer.o
 .text.xTaskCreateStatic
                0x0800b2cc       0xc0 ./Middlewares/Third_Party/FreeRTOS/Source/tasks.o
                0x0800b2cc                xTaskCreateStatic
 .text.xTaskCreate
                0x0800b38c       0x8a ./Middlewares/Third_Party/FreeRTOS/Source/tasks.o
                0x0800b38c                xTaskCreate
 .text.prvInitialiseNewTask
                0x0800b416      0x120 ./Middlewares/Third_Party/FreeRTOS/Source/tasks.o
 *fill*         0x0800b536        0x2 
 .text.prvAddNewTaskToReadyList
                0x0800b538       0xe0 ./Middlewares/Third_Party/FreeRTOS/Source/tasks.o
 .text.vTaskDelay
                0x0800b618       0x6c ./Middlewares/Third_Party/FreeRTOS/Source/tasks.o
                0x0800b618                vTaskDelay
 .text.vTaskStartScheduler
                0x0800b684       0xd0 ./Middlewares/Third_Party/FreeRTOS/Source/tasks.o
                0x0800b684                vTaskStartScheduler
 .text.vTaskSuspendAll
                0x0800b754       0x1c ./Middlewares/Third_Party/FreeRTOS/Source/tasks.o
                0x0800b754                vTaskSuspendAll
 .text.xTaskResumeAll
                0x0800b770      0x13c ./Middlewares/Third_Party/FreeRTOS/Source/tasks.o
                0x0800b770                xTaskResumeAll
 .text.xTaskGetTickCount
                0x0800b8ac       0x20 ./Middlewares/Third_Party/FreeRTOS/Source/tasks.o
                0x0800b8ac                xTaskGetTickCount
 .text.xTaskIncrementTick
                0x0800b8cc      0x174 ./Middlewares/Third_Party/FreeRTOS/Source/tasks.o
                0x0800b8cc                xTaskIncrementTick
 .text.vTaskSwitchContext
                0x0800ba40      0x108 ./Middlewares/Third_Party/FreeRTOS/Source/tasks.o
                0x0800ba40                vTaskSwitchContext
 .text.vTaskPlaceOnEventList
                0x0800bb48       0x4c ./Middlewares/Third_Party/FreeRTOS/Source/tasks.o
                0x0800bb48                vTaskPlaceOnEventList
 .text.vTaskPlaceOnEventListRestricted
                0x0800bb94       0x58 ./Middlewares/Third_Party/FreeRTOS/Source/tasks.o
                0x0800bb94                vTaskPlaceOnEventListRestricted
 .text.xTaskRemoveFromEventList
                0x0800bbec       0xc8 ./Middlewares/Third_Party/FreeRTOS/Source/tasks.o
                0x0800bbec                xTaskRemoveFromEventList
 .text.vTaskInternalSetTimeOutState
                0x0800bcb4       0x2c ./Middlewares/Third_Party/FreeRTOS/Source/tasks.o
                0x0800bcb4                vTaskInternalSetTimeOutState
 .text.xTaskCheckForTimeOut
                0x0800bce0       0xc8 ./Middlewares/Third_Party/FreeRTOS/Source/tasks.o
                0x0800bce0                xTaskCheckForTimeOut
 .text.vTaskMissedYield
                0x0800bda8       0x18 ./Middlewares/Third_Party/FreeRTOS/Source/tasks.o
                0x0800bda8                vTaskMissedYield
 .text.prvIdleTask
                0x0800bdc0       0x30 ./Middlewares/Third_Party/FreeRTOS/Source/tasks.o
 .text.prvInitialiseTaskLists
                0x0800bdf0       0x80 ./Middlewares/Third_Party/FreeRTOS/Source/tasks.o
 .text.prvCheckTasksWaitingTermination
                0x0800be70       0x5c ./Middlewares/Third_Party/FreeRTOS/Source/tasks.o
 .text.prvTaskCheckFreeStackSpace
                0x0800becc       0x38 ./Middlewares/Third_Party/FreeRTOS/Source/tasks.o
 .text.uxTaskGetStackHighWaterMark
                0x0800bf04       0x38 ./Middlewares/Third_Party/FreeRTOS/Source/tasks.o
                0x0800bf04                uxTaskGetStackHighWaterMark
 .text.prvDeleteTCB
                0x0800bf3c       0x60 ./Middlewares/Third_Party/FreeRTOS/Source/tasks.o
 .text.prvResetNextTaskUnblockTime
                0x0800bf9c       0x40 ./Middlewares/Third_Party/FreeRTOS/Source/tasks.o
 .text.xTaskGetCurrentTaskHandle
                0x0800bfdc       0x20 ./Middlewares/Third_Party/FreeRTOS/Source/tasks.o
                0x0800bfdc                xTaskGetCurrentTaskHandle
 .text.xTaskGetSchedulerState
                0x0800bffc       0x3c ./Middlewares/Third_Party/FreeRTOS/Source/tasks.o
                0x0800bffc                xTaskGetSchedulerState
 .text.xTaskPriorityDisinherit
                0x0800c038       0xe0 ./Middlewares/Third_Party/FreeRTOS/Source/tasks.o
                0x0800c038                xTaskPriorityDisinherit
 .text.xTaskNotifyWait
                0x0800c118       0xb4 ./Middlewares/Third_Party/FreeRTOS/Source/tasks.o
                0x0800c118                xTaskNotifyWait
 .text.xTaskGenericNotify
                0x0800c1cc      0x174 ./Middlewares/Third_Party/FreeRTOS/Source/tasks.o
                0x0800c1cc                xTaskGenericNotify
 .text.xTaskGenericNotifyFromISR
                0x0800c340      0x1c0 ./Middlewares/Third_Party/FreeRTOS/Source/tasks.o
                0x0800c340                xTaskGenericNotifyFromISR
 .text.xTaskNotifyStateClear
                0x0800c500       0x4c ./Middlewares/Third_Party/FreeRTOS/Source/tasks.o
                0x0800c500                xTaskNotifyStateClear
 .text.prvAddCurrentTaskToDelayedList
                0x0800c54c       0xa8 ./Middlewares/Third_Party/FreeRTOS/Source/tasks.o
 .text.xTimerCreateTimerTask
                0x0800c5f4       0x94 ./Middlewares/Third_Party/FreeRTOS/Source/timers.o
                0x0800c5f4                xTimerCreateTimerTask
 .text.xTimerGenericCommand
                0x0800c688       0x9c ./Middlewares/Third_Party/FreeRTOS/Source/timers.o
                0x0800c688                xTimerGenericCommand
 .text.prvProcessExpiredTimer
                0x0800c724       0x9c ./Middlewares/Third_Party/FreeRTOS/Source/timers.o
 .text.prvTimerTask
                0x0800c7c0       0x26 ./Middlewares/Third_Party/FreeRTOS/Source/timers.o
 *fill*         0x0800c7e6        0x2 
 .text.prvProcessTimerOrBlockTask
                0x0800c7e8       0x9c ./Middlewares/Third_Party/FreeRTOS/Source/timers.o
 .text.prvGetNextExpireTime
                0x0800c884       0x48 ./Middlewares/Third_Party/FreeRTOS/Source/timers.o
 .text.prvSampleTimeNow
                0x0800c8cc       0x40 ./Middlewares/Third_Party/FreeRTOS/Source/timers.o
 .text.prvInsertTimerInActiveList
                0x0800c90c       0x84 ./Middlewares/Third_Party/FreeRTOS/Source/timers.o
 .text.prvProcessReceivedCommands
                0x0800c990      0x1cc ./Middlewares/Third_Party/FreeRTOS/Source/timers.o
 .text.prvSwitchTimerLists
                0x0800cb5c       0xcc ./Middlewares/Third_Party/FreeRTOS/Source/timers.o
 .text.prvCheckForValidListAndQueue
                0x0800cc28       0x80 ./Middlewares/Third_Party/FreeRTOS/Source/timers.o
 .text.pxPortInitialiseStack
                0x0800cca8       0x68 ./Middlewares/Third_Party/FreeRTOS/Source/portable/GCC/ARM_CM4F/port.o
                0x0800cca8                pxPortInitialiseStack
 .text.prvTaskExitError
                0x0800cd10       0x5c ./Middlewares/Third_Party/FreeRTOS/Source/portable/GCC/ARM_CM4F/port.o
 *fill*         0x0800cd6c        0x4 
 .text.SVC_Handler
                0x0800cd70       0x28 ./Middlewares/Third_Party/FreeRTOS/Source/portable/GCC/ARM_CM4F/port.o
                0x0800cd70                SVC_Handler
 .text.prvPortStartFirstTask
                0x0800cd98       0x28 ./Middlewares/Third_Party/FreeRTOS/Source/portable/GCC/ARM_CM4F/port.o
 .text.xPortStartScheduler
                0x0800cdc0      0x148 ./Middlewares/Third_Party/FreeRTOS/Source/portable/GCC/ARM_CM4F/port.o
                0x0800cdc0                xPortStartScheduler
 .text.vPortEnterCritical
                0x0800cf08       0x64 ./Middlewares/Third_Party/FreeRTOS/Source/portable/GCC/ARM_CM4F/port.o
                0x0800cf08                vPortEnterCritical
 .text.vPortExitCritical
                0x0800cf6c       0x54 ./Middlewares/Third_Party/FreeRTOS/Source/portable/GCC/ARM_CM4F/port.o
                0x0800cf6c                vPortExitCritical
 .text.PendSV_Handler
                0x0800cfc0       0x68 ./Middlewares/Third_Party/FreeRTOS/Source/portable/GCC/ARM_CM4F/port.o
                0x0800cfc0                PendSV_Handler
 .text.xPortSysTickHandler
                0x0800d028       0x44 ./Middlewares/Third_Party/FreeRTOS/Source/portable/GCC/ARM_CM4F/port.o
                0x0800d028                xPortSysTickHandler
 .text.vPortSetupTimerInterrupt
                0x0800d06c       0x48 ./Middlewares/Third_Party/FreeRTOS/Source/portable/GCC/ARM_CM4F/port.o
                0x0800d06c                vPortSetupTimerInterrupt
 .text.vPortEnableVFP
                0x0800d0b4       0x14 ./Middlewares/Third_Party/FreeRTOS/Source/portable/GCC/ARM_CM4F/port.o
 .text.vPortValidateInterruptPriority
                0x0800d0c8       0x84 ./Middlewares/Third_Party/FreeRTOS/Source/portable/GCC/ARM_CM4F/port.o
                0x0800d0c8                vPortValidateInterruptPriority
 .text.pvPortMalloc
                0x0800d14c      0x1a8 ./Middlewares/Third_Party/FreeRTOS/Source/portable/MemMang/heap_4.o
                0x0800d14c                pvPortMalloc
 .text.vPortFree
                0x0800d2f4       0xc8 ./Middlewares/Third_Party/FreeRTOS/Source/portable/MemMang/heap_4.o
                0x0800d2f4                vPortFree
 .text.prvHeapInit
                0x0800d3bc       0xc4 ./Middlewares/Third_Party/FreeRTOS/Source/portable/MemMang/heap_4.o
 .text.prvInsertBlockIntoFreeList
                0x0800d480       0xb4 ./Middlewares/Third_Party/FreeRTOS/Source/portable/MemMang/heap_4.o
 .text.MX_USB_DEVICE_Init
                0x0800d534       0x60 ./USB_DEVICE/App/usb_device.o
                0x0800d534                MX_USB_DEVICE_Init
 .text.CDC_Init_FS
                0x0800d594       0x28 ./USB_DEVICE/App/usbd_cdc_if.o
 .text.CDC_DeInit_FS
                0x0800d5bc       0x10 ./USB_DEVICE/App/usbd_cdc_if.o
 .text.CDC_Control_FS
                0x0800d5cc       0xbc ./USB_DEVICE/App/usbd_cdc_if.o
 .text.CDC_Receive_FS
                0x0800d688       0x6c ./USB_DEVICE/App/usbd_cdc_if.o
 .text.CDC_Transmit_FS
                0x0800d6f4       0x4c ./USB_DEVICE/App/usbd_cdc_if.o
                0x0800d6f4                CDC_Transmit_FS
 .text.CDC_TransmitCplt_FS
                0x0800d740       0x22 ./USB_DEVICE/App/usbd_cdc_if.o
 *fill*         0x0800d762        0x2 
 .text.USBD_FS_DeviceDescriptor
                0x0800d764       0x24 ./USB_DEVICE/App/usbd_desc.o
                0x0800d764                USBD_FS_DeviceDescriptor
 .text.USBD_FS_LangIDStrDescriptor
                0x0800d788       0x24 ./USB_DEVICE/App/usbd_desc.o
                0x0800d788                USBD_FS_LangIDStrDescriptor
 .text.USBD_FS_ProductStrDescriptor
                0x0800d7ac       0x3c ./USB_DEVICE/App/usbd_desc.o
                0x0800d7ac                USBD_FS_ProductStrDescriptor
 .text.USBD_FS_ManufacturerStrDescriptor
                0x0800d7e8       0x28 ./USB_DEVICE/App/usbd_desc.o
                0x0800d7e8                USBD_FS_ManufacturerStrDescriptor
 .text.USBD_FS_SerialStrDescriptor
                0x0800d810       0x24 ./USB_DEVICE/App/usbd_desc.o
                0x0800d810                USBD_FS_SerialStrDescriptor
 .text.USBD_FS_ConfigStrDescriptor
                0x0800d834       0x3c ./USB_DEVICE/App/usbd_desc.o
                0x0800d834                USBD_FS_ConfigStrDescriptor
 .text.USBD_FS_InterfaceStrDescriptor
                0x0800d870       0x3c ./USB_DEVICE/App/usbd_desc.o
                0x0800d870                USBD_FS_InterfaceStrDescriptor
 .text.Get_SerialNum
                0x0800d8ac       0x58 ./USB_DEVICE/App/usbd_desc.o
 .text.IntToUnicode
                0x0800d904       0x7e ./USB_DEVICE/App/usbd_desc.o
 *fill*         0x0800d982        0x2 
 .text.HAL_PCD_MspInit
                0x0800d984       0xa8 ./USB_DEVICE/Target/usbd_conf.o
                0x0800d984                HAL_PCD_MspInit
 .text.HAL_PCD_SetupStageCallback
                0x0800da2c       0x24 ./USB_DEVICE/Target/usbd_conf.o
                0x0800da2c                HAL_PCD_SetupStageCallback
 .text.HAL_PCD_DataOutStageCallback
                0x0800da50       0x36 ./USB_DEVICE/Target/usbd_conf.o
                0x0800da50                HAL_PCD_DataOutStageCallback
 .text.HAL_PCD_DataInStageCallback
                0x0800da86       0x34 ./USB_DEVICE/Target/usbd_conf.o
                0x0800da86                HAL_PCD_DataInStageCallback
 .text.HAL_PCD_SOFCallback
                0x0800daba       0x1c ./USB_DEVICE/Target/usbd_conf.o
                0x0800daba                HAL_PCD_SOFCallback
 .text.HAL_PCD_ResetCallback
                0x0800dad6       0x50 ./USB_DEVICE/Target/usbd_conf.o
                0x0800dad6                HAL_PCD_ResetCallback
 *fill*         0x0800db26        0x2 
 .text.HAL_PCD_SuspendCallback
                0x0800db28       0x4c ./USB_DEVICE/Target/usbd_conf.o
                0x0800db28                HAL_PCD_SuspendCallback
 .text.HAL_PCD_ResumeCallback
                0x0800db74       0x1c ./USB_DEVICE/Target/usbd_conf.o
                0x0800db74                HAL_PCD_ResumeCallback
 .text.HAL_PCD_ISOOUTIncompleteCallback
                0x0800db90       0x24 ./USB_DEVICE/Target/usbd_conf.o
                0x0800db90                HAL_PCD_ISOOUTIncompleteCallback
 .text.HAL_PCD_ISOINIncompleteCallback
                0x0800dbb4       0x24 ./USB_DEVICE/Target/usbd_conf.o
                0x0800dbb4                HAL_PCD_ISOINIncompleteCallback
 .text.HAL_PCD_ConnectCallback
                0x0800dbd8       0x1c ./USB_DEVICE/Target/usbd_conf.o
                0x0800dbd8                HAL_PCD_ConnectCallback
 .text.HAL_PCD_DisconnectCallback
                0x0800dbf4       0x1c ./USB_DEVICE/Target/usbd_conf.o
                0x0800dbf4                HAL_PCD_DisconnectCallback
 .text.USBD_LL_Init
                0x0800dc10       0x98 ./USB_DEVICE/Target/usbd_conf.o
                0x0800dc10                USBD_LL_Init
 .text.USBD_LL_Start
                0x0800dca8       0x36 ./USB_DEVICE/Target/usbd_conf.o
                0x0800dca8                USBD_LL_Start
 .text.USBD_LL_OpenEP
                0x0800dcde       0x4c ./USB_DEVICE/Target/usbd_conf.o
                0x0800dcde                USBD_LL_OpenEP
 .text.USBD_LL_CloseEP
                0x0800dd2a       0x3e ./USB_DEVICE/Target/usbd_conf.o
                0x0800dd2a                USBD_LL_CloseEP
 .text.USBD_LL_StallEP
                0x0800dd68       0x3e ./USB_DEVICE/Target/usbd_conf.o
                0x0800dd68                USBD_LL_StallEP
 .text.USBD_LL_ClearStallEP
                0x0800dda6       0x3e ./USB_DEVICE/Target/usbd_conf.o
                0x0800dda6                USBD_LL_ClearStallEP
 .text.USBD_LL_IsStallEP
                0x0800dde4       0x58 ./USB_DEVICE/Target/usbd_conf.o
                0x0800dde4                USBD_LL_IsStallEP
 .text.USBD_LL_SetUSBAddress
                0x0800de3c       0x3e ./USB_DEVICE/Target/usbd_conf.o
                0x0800de3c                USBD_LL_SetUSBAddress
 .text.USBD_LL_Transmit
                0x0800de7a       0x42 ./USB_DEVICE/Target/usbd_conf.o
                0x0800de7a                USBD_LL_Transmit
 .text.USBD_LL_PrepareReceive
                0x0800debc       0x42 ./USB_DEVICE/Target/usbd_conf.o
                0x0800debc                USBD_LL_PrepareReceive
 .text.USBD_LL_GetRxDataSize
                0x0800defe       0x26 ./USB_DEVICE/Target/usbd_conf.o
                0x0800defe                USBD_LL_GetRxDataSize
 .text.USBD_static_malloc
                0x0800df24       0x1c ./USB_DEVICE/Target/usbd_conf.o
                0x0800df24                USBD_static_malloc
 .text.USBD_static_free
                0x0800df40       0x14 ./USB_DEVICE/Target/usbd_conf.o
                0x0800df40                USBD_static_free
 .text.USBD_Get_USB_Status
                0x0800df54       0x58 ./USB_DEVICE/Target/usbd_conf.o
                0x0800df54                USBD_Get_USB_Status
 .text.__sflush_r
                0x0800dfac      0x104 C:/ST/STM32CubeIDE_2.1.1/STM32CubeIDE/plugins/com.st.stm32cube.ide.mcu.externaltools.gnu-tools-for-stm32.14.3.rel1.win32_1.0.100.202602081740/tools/bin/../lib/gcc/arm-none-eabi/14.3.1/../../../../arm-none-eabi/lib/thumb/v7e-m+fp/hard\libc_nano.a(libc_a-fflush.o)
                0x0800dfac                __sflush_r
 .text._fflush_r
                0x0800e0b0       0x50 C:/ST/STM32CubeIDE_2.1.1/STM32CubeIDE/plugins/com.st.stm32cube.ide.mcu.externaltools.gnu-tools-for-stm32.14.3.rel1.win32_1.0.100.202602081740/tools/bin/../lib/gcc/arm-none-eabi/14.3.1/../../../../arm-none-eabi/lib/thumb/v7e-m+fp/hard\libc_nano.a(libc_a-fflush.o)
                0x0800e0b0                _fflush_r
 .text.fflush   0x0800e100       0x28 C:/ST/STM32CubeIDE_2.1.1/STM32CubeIDE/plugins/com.st.stm32cube.ide.mcu.externaltools.gnu-tools-for-stm32.14.3.rel1.win32_1.0.100.202602081740/tools/bin/../lib/gcc/arm-none-eabi/14.3.1/../../../../arm-none-eabi/lib/thumb/v7e-m+fp/hard\libc_nano.a(libc_a-fflush.o)
                0x0800e100                fflush
 .text.std      0x0800e128       0x6c C:/ST/STM32CubeIDE_2.1.1/STM32CubeIDE/plugins/com.st.stm32cube.ide.mcu.externaltools.gnu-tools-for-stm32.14.3.rel1.win32_1.0.100.202602081740/tools/bin/../lib/gcc/arm-none-eabi/14.3.1/../../../../arm-none-eabi/lib/thumb/v7e-m+fp/hard\libc_nano.a(libc_a-findfp.o)
 .text.stdio_exit_handler
                0x0800e194       0x18 C:/ST/STM32CubeIDE_2.1.1/STM32CubeIDE/plugins/com.st.stm32cube.ide.mcu.externaltools.gnu-tools-for-stm32.14.3.rel1.win32_1.0.100.202602081740/tools/bin/../lib/gcc/arm-none-eabi/14.3.1/../../../../arm-none-eabi/lib/thumb/v7e-m+fp/hard\libc_nano.a(libc_a-findfp.o)
 .text.cleanup_stdio
                0x0800e1ac       0x40 C:/ST/STM32CubeIDE_2.1.1/STM32CubeIDE/plugins/com.st.stm32cube.ide.mcu.externaltools.gnu-tools-for-stm32.14.3.rel1.win32_1.0.100.202602081740/tools/bin/../lib/gcc/arm-none-eabi/14.3.1/../../../../arm-none-eabi/lib/thumb/v7e-m+fp/hard\libc_nano.a(libc_a-findfp.o)
 .text.global_stdio_init.part.0
                0x0800e1ec       0x40 C:/ST/STM32CubeIDE_2.1.1/STM32CubeIDE/plugins/com.st.stm32cube.ide.mcu.externaltools.gnu-tools-for-stm32.14.3.rel1.win32_1.0.100.202602081740/tools/bin/../lib/gcc/arm-none-eabi/14.3.1/../../../../arm-none-eabi/lib/thumb/v7e-m+fp/hard\libc_nano.a(libc_a-findfp.o)
 .text.__sfp_lock_acquire
                0x0800e22c        0xc C:/ST/STM32CubeIDE_2.1.1/STM32CubeIDE/plugins/com.st.stm32cube.ide.mcu.externaltools.gnu-tools-for-stm32.14.3.rel1.win32_1.0.100.202602081740/tools/bin/../lib/gcc/arm-none-eabi/14.3.1/../../../../arm-none-eabi/lib/thumb/v7e-m+fp/hard\libc_nano.a(libc_a-findfp.o)
                0x0800e22c                __sfp_lock_acquire
 .text.__sfp_lock_release
                0x0800e238        0xc C:/ST/STM32CubeIDE_2.1.1/STM32CubeIDE/plugins/com.st.stm32cube.ide.mcu.externaltools.gnu-tools-for-stm32.14.3.rel1.win32_1.0.100.202602081740/tools/bin/../lib/gcc/arm-none-eabi/14.3.1/../../../../arm-none-eabi/lib/thumb/v7e-m+fp/hard\libc_nano.a(libc_a-findfp.o)
                0x0800e238                __sfp_lock_release
 .text.__sinit  0x0800e244       0x30 C:/ST/STM32CubeIDE_2.1.1/STM32CubeIDE/plugins/com.st.stm32cube.ide.mcu.externaltools.gnu-tools-for-stm32.14.3.rel1.win32_1.0.100.202602081740/tools/bin/../lib/gcc/arm-none-eabi/14.3.1/../../../../arm-none-eabi/lib/thumb/v7e-m+fp/hard\libc_nano.a(libc_a-findfp.o)
                0x0800e244                __sinit
 .text._fwalk_sglue
                0x0800e274       0x3c C:/ST/STM32CubeIDE_2.1.1/STM32CubeIDE/plugins/com.st.stm32cube.ide.mcu.externaltools.gnu-tools-for-stm32.14.3.rel1.win32_1.0.100.202602081740/tools/bin/../lib/gcc/arm-none-eabi/14.3.1/../../../../arm-none-eabi/lib/thumb/v7e-m+fp/hard\libc_nano.a(libc_a-fwalk.o)
                0x0800e274                _fwalk_sglue
 .text.printf   0x0800e2b0       0x24 C:/ST/STM32CubeIDE_2.1.1/STM32CubeIDE/plugins/com.st.stm32cube.ide.mcu.externaltools.gnu-tools-for-stm32.14.3.rel1.win32_1.0.100.202602081740/tools/bin/../lib/gcc/arm-none-eabi/14.3.1/../../../../arm-none-eabi/lib/thumb/v7e-m+fp/hard\libc_nano.a(libc_a-printf.o)
                0x0800e2b0                iprintf
                0x0800e2b0                printf
 .text.putchar  0x0800e2d4       0x10 C:/ST/STM32CubeIDE_2.1.1/STM32CubeIDE/plugins/com.st.stm32cube.ide.mcu.externaltools.gnu-tools-for-stm32.14.3.rel1.win32_1.0.100.202602081740/tools/bin/../lib/gcc/arm-none-eabi/14.3.1/../../../../arm-none-eabi/lib/thumb/v7e-m+fp/hard\libc_nano.a(libc_a-putchar.o)
                0x0800e2d4                putchar
 .text._puts_r  0x0800e2e4       0xaa C:/ST/STM32CubeIDE_2.1.1/STM32CubeIDE/plugins/com.st.stm32cube.ide.mcu.externaltools.gnu-tools-for-stm32.14.3.rel1.win32_1.0.100.202602081740/tools/bin/../lib/gcc/arm-none-eabi/14.3.1/../../../../arm-none-eabi/lib/thumb/v7e-m+fp/hard\libc_nano.a(libc_a-puts.o)
                0x0800e2e4                _puts_r
 *fill*         0x0800e38e        0x2 
 .text.puts     0x0800e390       0x10 C:/ST/STM32CubeIDE_2.1.1/STM32CubeIDE/plugins/com.st.stm32cube.ide.mcu.externaltools.gnu-tools-for-stm32.14.3.rel1.win32_1.0.100.202602081740/tools/bin/../lib/gcc/arm-none-eabi/14.3.1/../../../../arm-none-eabi/lib/thumb/v7e-m+fp/hard\libc_nano.a(libc_a-puts.o)
                0x0800e390                puts
 .text.sscanf   0x0800e3a0       0x58 C:/ST/STM32CubeIDE_2.1.1/STM32CubeIDE/plugins/com.st.stm32cube.ide.mcu.externaltools.gnu-tools-for-stm32.14.3.rel1.win32_1.0.100.202602081740/tools/bin/../lib/gcc/arm-none-eabi/14.3.1/../../../../arm-none-eabi/lib/thumb/v7e-m+fp/hard\libc_nano.a(libc_a-sscanf.o)
                0x0800e3a0                siscanf
                0x0800e3a0                sscanf
 .text.__sread  0x0800e3f8       0x22 C:/ST/STM32CubeIDE_2.1.1/STM32CubeIDE/plugins/com.st.stm32cube.ide.mcu.externaltools.gnu-tools-for-stm32.14.3.rel1.win32_1.0.100.202602081740/tools/bin/../lib/gcc/arm-none-eabi/14.3.1/../../../../arm-none-eabi/lib/thumb/v7e-m+fp/hard\libc_nano.a(libc_a-stdio.o)
                0x0800e3f8                __sread
 .text.__seofread
                0x0800e41a        0x4 C:/ST/STM32CubeIDE_2.1.1/STM32CubeIDE/plugins/com.st.stm32cube.ide.mcu.externaltools.gnu-tools-for-stm32.14.3.rel1.win32_1.0.100.202602081740/tools/bin/../lib/gcc/arm-none-eabi/14.3.1/../../../../arm-none-eabi/lib/thumb/v7e-m+fp/hard\libc_nano.a(libc_a-stdio.o)
                0x0800e41a                __seofread
 .text.__swrite
                0x0800e41e       0x38 C:/ST/STM32CubeIDE_2.1.1/STM32CubeIDE/plugins/com.st.stm32cube.ide.mcu.externaltools.gnu-tools-for-stm32.14.3.rel1.win32_1.0.100.202602081740/tools/bin/../lib/gcc/arm-none-eabi/14.3.1/../../../../arm-none-eabi/lib/thumb/v7e-m+fp/hard\libc_nano.a(libc_a-stdio.o)
                0x0800e41e                __swrite
 .text.__sseek  0x0800e456       0x26 C:/ST/STM32CubeIDE_2.1.1/STM32CubeIDE/plugins/com.st.stm32cube.ide.mcu.externaltools.gnu-tools-for-stm32.14.3.rel1.win32_1.0.100.202602081740/tools/bin/../lib/gcc/arm-none-eabi/14.3.1/../../../../arm-none-eabi/lib/thumb/v7e-m+fp/hard\libc_nano.a(libc_a-stdio.o)
                0x0800e456                __sseek
 .text.__sclose
                0x0800e47c        0x8 C:/ST/STM32CubeIDE_2.1.1/STM32CubeIDE/plugins/com.st.stm32cube.ide.mcu.externaltools.gnu-tools-for-stm32.14.3.rel1.win32_1.0.100.202602081740/tools/bin/../lib/gcc/arm-none-eabi/14.3.1/../../../../arm-none-eabi/lib/thumb/v7e-m+fp/hard\libc_nano.a(libc_a-stdio.o)
                0x0800e47c                __sclose
 .text.__swbuf_r
                0x0800e484       0x7c C:/ST/STM32CubeIDE_2.1.1/STM32CubeIDE/plugins/com.st.stm32cube.ide.mcu.externaltools.gnu-tools-for-stm32.14.3.rel1.win32_1.0.100.202602081740/tools/bin/../lib/gcc/arm-none-eabi/14.3.1/../../../../arm-none-eabi/lib/thumb/v7e-m+fp/hard\libc_nano.a(libc_a-wbuf.o)
                0x0800e484                __swbuf_r
 .text.__swsetup_r
                0x0800e500       0xa8 C:/ST/STM32CubeIDE_2.1.1/STM32CubeIDE/plugins/com.st.stm32cube.ide.mcu.externaltools.gnu-tools-for-stm32.14.3.rel1.win32_1.0.100.202602081740/tools/bin/../lib/gcc/arm-none-eabi/14.3.1/../../../../arm-none-eabi/lib/thumb/v7e-m+fp/hard\libc_nano.a(libc_a-wsetup.o)
                0x0800e500                __swsetup_r
 .text.memset   0x0800e5a8       0x10 C:/ST/STM32CubeIDE_2.1.1/STM32CubeIDE/plugins/com.st.stm32cube.ide.mcu.externaltools.gnu-tools-for-stm32.14.3.rel1.win32_1.0.100.202602081740/tools/bin/../lib/gcc/arm-none-eabi/14.3.1/../../../../arm-none-eabi/lib/thumb/v7e-m+fp/hard\libc_nano.a(libc_a-memset.o)
                0x0800e5a8                memset
 .text._close_r
                0x0800e5b8       0x20 C:/ST/STM32CubeIDE_2.1.1/STM32CubeIDE/plugins/com.st.stm32cube.ide.mcu.externaltools.gnu-tools-for-stm32.14.3.rel1.win32_1.0.100.202602081740/tools/bin/../lib/gcc/arm-none-eabi/14.3.1/../../../../arm-none-eabi/lib/thumb/v7e-m+fp/hard\libc_nano.a(libc_a-closer.o)
                0x0800e5b8                _close_r
 .text._lseek_r
                0x0800e5d8       0x24 C:/ST/STM32CubeIDE_2.1.1/STM32CubeIDE/plugins/com.st.stm32cube.ide.mcu.externaltools.gnu-tools-for-stm32.14.3.rel1.win32_1.0.100.202602081740/tools/bin/../lib/gcc/arm-none-eabi/14.3.1/../../../../arm-none-eabi/lib/thumb/v7e-m+fp/hard\libc_nano.a(libc_a-lseekr.o)
                0x0800e5d8                _lseek_r
 .text._read_r  0x0800e5fc       0x24 C:/ST/STM32CubeIDE_2.1.1/STM32CubeIDE/plugins/com.st.stm32cube.ide.mcu.externaltools.gnu-tools-for-stm32.14.3.rel1.win32_1.0.100.202602081740/tools/bin/../lib/gcc/arm-none-eabi/14.3.1/../../../../arm-none-eabi/lib/thumb/v7e-m+fp/hard\libc_nano.a(libc_a-readr.o)
                0x0800e5fc                _read_r
 .text._write_r
                0x0800e620       0x24 C:/ST/STM32CubeIDE_2.1.1/STM32CubeIDE/plugins/com.st.stm32cube.ide.mcu.externaltools.gnu-tools-for-stm32.14.3.rel1.win32_1.0.100.202602081740/tools/bin/../lib/gcc/arm-none-eabi/14.3.1/../../../../arm-none-eabi/lib/thumb/v7e-m+fp/hard\libc_nano.a(libc_a-writer.o)
                0x0800e620                _write_r
 .text.__errno  0x0800e644        0xc C:/ST/STM32CubeIDE_2.1.1/STM32CubeIDE/plugins/com.st.stm32cube.ide.mcu.externaltools.gnu-tools-for-stm32.14.3.rel1.win32_1.0.100.202602081740/tools/bin/../lib/gcc/arm-none-eabi/14.3.1/../../../../arm-none-eabi/lib/thumb/v7e-m+fp/hard\libc_nano.a(libc_a-errno.o)
                0x0800e644                __errno
 .text.__libc_init_array
                0x0800e650       0x48 C:/ST/STM32CubeIDE_2.1.1/STM32CubeIDE/plugins/com.st.stm32cube.ide.mcu.externaltools.gnu-tools-for-stm32.14.3.rel1.win32_1.0.100.202602081740/tools/bin/../lib/gcc/arm-none-eabi/14.3.1/../../../../arm-none-eabi/lib/thumb/v7e-m+fp/hard\libc_nano.a(libc_a-init.o)
                0x0800e650                __libc_init_array
 .text.__retarget_lock_init_recursive
                0x0800e698        0x2 C:/ST/STM32CubeIDE_2.1.1/STM32CubeIDE/plugins/com.st.stm32cube.ide.mcu.externaltools.gnu-tools-for-stm32.14.3.rel1.win32_1.0.100.202602081740/tools/bin/../lib/gcc/arm-none-eabi/14.3.1/../../../../arm-none-eabi/lib/thumb/v7e-m+fp/hard\libc_nano.a(libc_a-lock.o)
                0x0800e698                __retarget_lock_init_recursive
 .text.__retarget_lock_acquire_recursive
                0x0800e69a        0x2 C:/ST/STM32CubeIDE_2.1.1/STM32CubeIDE/plugins/com.st.stm32cube.ide.mcu.externaltools.gnu-tools-for-stm32.14.3.rel1.win32_1.0.100.202602081740/tools/bin/../lib/gcc/arm-none-eabi/14.3.1/../../../../arm-none-eabi/lib/thumb/v7e-m+fp/hard\libc_nano.a(libc_a-lock.o)
                0x0800e69a                __retarget_lock_acquire_recursive
 .text.__retarget_lock_release_recursive
                0x0800e69c        0x2 C:/ST/STM32CubeIDE_2.1.1/STM32CubeIDE/plugins/com.st.stm32cube.ide.mcu.externaltools.gnu-tools-for-stm32.14.3.rel1.win32_1.0.100.202602081740/tools/bin/../lib/gcc/arm-none-eabi/14.3.1/../../../../arm-none-eabi/lib/thumb/v7e-m+fp/hard\libc_nano.a(libc_a-lock.o)
                0x0800e69c                __retarget_lock_release_recursive
 .text.memcpy   0x0800e69e       0x1c C:/ST/STM32CubeIDE_2.1.1/STM32CubeIDE/plugins/com.st.stm32cube.ide.mcu.externaltools.gnu-tools-for-stm32.14.3.rel1.win32_1.0.100.202602081740/tools/bin/../lib/gcc/arm-none-eabi/14.3.1/../../../../arm-none-eabi/lib/thumb/v7e-m+fp/hard\libc_nano.a(libc_a-memcpy-stub.o)
                0x0800e69e                memcpy
 *fill*         0x0800e6ba        0x2 
 .text._free_r  0x0800e6bc       0x94 C:/ST/STM32CubeIDE_2.1.1/STM32CubeIDE/plugins/com.st.stm32cube.ide.mcu.externaltools.gnu-tools-for-stm32.14.3.rel1.win32_1.0.100.202602081740/tools/bin/../lib/gcc/arm-none-eabi/14.3.1/../../../../arm-none-eabi/lib/thumb/v7e-m+fp/hard\libc_nano.a(libc_a-freer.o)
                0x0800e6bc                _free_r
 .text.sbrk_aligned
                0x0800e750       0x44 C:/ST/STM32CubeIDE_2.1.1/STM32CubeIDE/plugins/com.st.stm32cube.ide.mcu.externaltools.gnu-tools-for-stm32.14.3.rel1.win32_1.0.100.202602081740/tools/bin/../lib/gcc/arm-none-eabi/14.3.1/../../../../arm-none-eabi/lib/thumb/v7e-m+fp/hard\libc_nano.a(libc_a-mallocr.o)
 .text._malloc_r
                0x0800e794      0x100 C:/ST/STM32CubeIDE_2.1.1/STM32CubeIDE/plugins/com.st.stm32cube.ide.mcu.externaltools.gnu-tools-for-stm32.14.3.rel1.win32_1.0.100.202602081740/tools/bin/../lib/gcc/arm-none-eabi/14.3.1/../../../../arm-none-eabi/lib/thumb/v7e-m+fp/hard\libc_nano.a(libc_a-mallocr.o)
                0x0800e794                _malloc_r
 .text.__malloc_lock
                0x0800e894        0xc C:/ST/STM32CubeIDE_2.1.1/STM32CubeIDE/plugins/com.st.stm32cube.ide.mcu.externaltools.gnu-tools-for-stm32.14.3.rel1.win32_1.0.100.202602081740/tools/bin/../lib/gcc/arm-none-eabi/14.3.1/../../../../arm-none-eabi/lib/thumb/v7e-m+fp/hard\libc_nano.a(libc_a-mlock.o)
                0x0800e894                __malloc_lock
 .text.__malloc_unlock
                0x0800e8a0        0xc C:/ST/STM32CubeIDE_2.1.1/STM32CubeIDE/plugins/com.st.stm32cube.ide.mcu.externaltools.gnu-tools-for-stm32.14.3.rel1.win32_1.0.100.202602081740/tools/bin/../lib/gcc/arm-none-eabi/14.3.1/../../../../arm-none-eabi/lib/thumb/v7e-m+fp/hard\libc_nano.a(libc_a-mlock.o)
                0x0800e8a0                __malloc_unlock
 .text._sungetc_r
                0x0800e8ac       0x7a C:/ST/STM32CubeIDE_2.1.1/STM32CubeIDE/plugins/com.st.stm32cube.ide.mcu.externaltools.gnu-tools-for-stm32.14.3.rel1.win32_1.0.100.202602081740/tools/bin/../lib/gcc/arm-none-eabi/14.3.1/../../../../arm-none-eabi/lib/thumb/v7e-m+fp/hard\libc_nano.a(libc_a-nano-svfscanf.o)
                0x0800e8ac                _sungetc_r
 .text.__ssrefill_r
                0x0800e926       0x3a C:/ST/STM32CubeIDE_2.1.1/STM32CubeIDE/plugins/com.st.stm32cube.ide.mcu.externaltools.gnu-tools-for-stm32.14.3.rel1.win32_1.0.100.202602081740/tools/bin/../lib/gcc/arm-none-eabi/14.3.1/../../../../arm-none-eabi/lib/thumb/v7e-m+fp/hard\libc_nano.a(libc_a-nano-svfscanf.o)
                0x0800e926                __ssrefill_r
 .text.__ssvfscanf_r
                0x0800e960      0x2fc C:/ST/STM32CubeIDE_2.1.1/STM32CubeIDE/plugins/com.st.stm32cube.ide.mcu.externaltools.gnu-tools-for-stm32.14.3.rel1.win32_1.0.100.202602081740/tools/bin/../lib/gcc/arm-none-eabi/14.3.1/../../../../arm-none-eabi/lib/thumb/v7e-m+fp/hard\libc_nano.a(libc_a-nano-svfscanf.o)
                0x0800e960                __ssvfiscanf_r
                0x0800e960                __ssvfscanf_r
 .text.__sfputc_r
                0x0800ec5c       0x2e C:/ST/STM32CubeIDE_2.1.1/STM32CubeIDE/plugins/com.st.stm32cube.ide.mcu.externaltools.gnu-tools-for-stm32.14.3.rel1.win32_1.0.100.202602081740/tools/bin/../lib/gcc/arm-none-eabi/14.3.1/../../../../arm-none-eabi/lib/thumb/v7e-m+fp/hard\libc_nano.a(libc_a-nano-vfprintf.o)
 .text.__sfputs_r
                0x0800ec8a       0x24 C:/ST/STM32CubeIDE_2.1.1/STM32CubeIDE/plugins/com.st.stm32cube.ide.mcu.externaltools.gnu-tools-for-stm32.14.3.rel1.win32_1.0.100.202602081740/tools/bin/../lib/gcc/arm-none-eabi/14.3.1/../../../../arm-none-eabi/lib/thumb/v7e-m+fp/hard\libc_nano.a(libc_a-nano-vfprintf.o)
                0x0800ec8a                __sfputs_r
 *fill*         0x0800ecae        0x2 
 .text._vfprintf_r
                0x0800ecb0      0x228 C:/ST/STM32CubeIDE_2.1.1/STM32CubeIDE/plugins/com.st.stm32cube.ide.mcu.externaltools.gnu-tools-for-stm32.14.3.rel1.win32_1.0.100.202602081740/tools/bin/../lib/gcc/arm-none-eabi/14.3.1/../../../../arm-none-eabi/lib/thumb/v7e-m+fp/hard\libc_nano.a(libc_a-nano-vfprintf.o)
                0x0800ecb0                _vfprintf_r
                0x0800ecb0                _vfiprintf_r
 .text._printf_common
                0x0800eed8       0xda C:/ST/STM32CubeIDE_2.1.1/STM32CubeIDE/plugins/com.st.stm32cube.ide.mcu.externaltools.gnu-tools-for-stm32.14.3.rel1.win32_1.0.100.202602081740/tools/bin/../lib/gcc/arm-none-eabi/14.3.1/../../../../arm-none-eabi/lib/thumb/v7e-m+fp/hard\libc_nano.a(libc_a-nano-vfprintf_i.o)
                0x0800eed8                _printf_common
 *fill*         0x0800efb2        0x2 
 .text._printf_i
                0x0800efb4      0x24c C:/ST/STM32CubeIDE_2.1.1/STM32CubeIDE/plugins/com.st.stm32cube.ide.mcu.externaltools.gnu-tools-for-stm32.14.3.rel1.win32_1.0.100.202602081740/tools/bin/../lib/gcc/arm-none-eabi/14.3.1/../../../../arm-none-eabi/lib/thumb/v7e-m+fp/hard\libc_nano.a(libc_a-nano-vfprintf_i.o)
                0x0800efb4                _printf_i
 .text._scanf_chars
                0x0800f200       0xb4 C:/ST/STM32CubeIDE_2.1.1/STM32CubeIDE/plugins/com.st.stm32cube.ide.mcu.externaltools.gnu-tools-for-stm32.14.3.rel1.win32_1.0.100.202602081740/tools/bin/../lib/gcc/arm-none-eabi/14.3.1/../../../../arm-none-eabi/lib/thumb/v7e-m+fp/hard\libc_nano.a(libc_a-nano-vfscanf_i.o)
                0x0800f200                _scanf_chars
 .text._scanf_i
                0x0800f2b4      0x1e4 C:/ST/STM32CubeIDE_2.1.1/STM32CubeIDE/plugins/com.st.stm32cube.ide.mcu.externaltools.gnu-tools-for-stm32.14.3.rel1.win32_1.0.100.202602081740/tools/bin/../lib/gcc/arm-none-eabi/14.3.1/../../../../arm-none-eabi/lib/thumb/v7e-m+fp/hard\libc_nano.a(libc_a-nano-vfscanf_i.o)
                0x0800f2b4                _scanf_i
 .text.__swhatbuf_r
                0x0800f498       0x48 C:/ST/STM32CubeIDE_2.1.1/STM32CubeIDE/plugins/com.st.stm32cube.ide.mcu.externaltools.gnu-tools-for-stm32.14.3.rel1.win32_1.0.100.202602081740/tools/bin/../lib/gcc/arm-none-eabi/14.3.1/../../../../arm-none-eabi/lib/thumb/v7e-m+fp/hard\libc_nano.a(libc_a-makebuf.o)
                0x0800f498                __swhatbuf_r
 .text.__smakebuf_r
                0x0800f4e0       0x72 C:/ST/STM32CubeIDE_2.1.1/STM32CubeIDE/plugins/com.st.stm32cube.ide.mcu.externaltools.gnu-tools-for-stm32.14.3.rel1.win32_1.0.100.202602081740/tools/bin/../lib/gcc/arm-none-eabi/14.3.1/../../../../arm-none-eabi/lib/thumb/v7e-m+fp/hard\libc_nano.a(libc_a-makebuf.o)
                0x0800f4e0                __smakebuf_r
 .text._putc_r  0x0800f552       0x68 C:/ST/STM32CubeIDE_2.1.1/STM32CubeIDE/plugins/com.st.stm32cube.ide.mcu.externaltools.gnu-tools-for-stm32.14.3.rel1.win32_1.0.100.202602081740/tools/bin/../lib/gcc/arm-none-eabi/14.3.1/../../../../arm-none-eabi/lib/thumb/v7e-m+fp/hard\libc_nano.a(libc_a-putc.o)
                0x0800f552                _putc_r
 .text.__sccl   0x0800f5ba       0x72 C:/ST/STM32CubeIDE_2.1.1/STM32CubeIDE/plugins/com.st.stm32cube.ide.mcu.externaltools.gnu-tools-for-stm32.14.3.rel1.win32_1.0.100.202602081740/tools/bin/../lib/gcc/arm-none-eabi/14.3.1/../../../../arm-none-eabi/lib/thumb/v7e-m+fp/hard\libc_nano.a(libc_a-sccl.o)
                0x0800f5ba                __sccl
 .text.__submore
                0x0800f62c       0x74 C:/ST/STM32CubeIDE_2.1.1/STM32CubeIDE/plugins/com.st.stm32cube.ide.mcu.externaltools.gnu-tools-for-stm32.14.3.rel1.win32_1.0.100.202602081740/tools/bin/../lib/gcc/arm-none-eabi/14.3.1/../../../../arm-none-eabi/lib/thumb/v7e-m+fp/hard\libc_nano.a(libc_a-ungetc.o)
                0x0800f62c                __submore
 .text._fstat_r
                0x0800f6a0       0x24 C:/ST/STM32CubeIDE_2.1.1/STM32CubeIDE/plugins/com.st.stm32cube.ide.mcu.externaltools.gnu-tools-for-stm32.14.3.rel1.win32_1.0.100.202602081740/tools/bin/../lib/gcc/arm-none-eabi/14.3.1/../../../../arm-none-eabi/lib/thumb/v7e-m+fp/hard\libc_nano.a(libc_a-fstatr.o)
                0x0800f6a0                _fstat_r
 .text._isatty_r
                0x0800f6c4       0x20 C:/ST/STM32CubeIDE_2.1.1/STM32CubeIDE/plugins/com.st.stm32cube.ide.mcu.externaltools.gnu-tools-for-stm32.14.3.rel1.win32_1.0.100.202602081740/tools/bin/../lib/gcc/arm-none-eabi/14.3.1/../../../../arm-none-eabi/lib/thumb/v7e-m+fp/hard\libc_nano.a(libc_a-isattyr.o)
                0x0800f6c4                _isatty_r
 .text._sbrk_r  0x0800f6e4       0x20 C:/ST/STM32CubeIDE_2.1.1/STM32CubeIDE/plugins/com.st.stm32cube.ide.mcu.externaltools.gnu-tools-for-stm32.14.3.rel1.win32_1.0.100.202602081740/tools/bin/../lib/gcc/arm-none-eabi/14.3.1/../../../../arm-none-eabi/lib/thumb/v7e-m+fp/hard\libc_nano.a(libc_a-sbrkr.o)
                0x0800f6e4                _sbrk_r
 .text._realloc_r