../Drivers/CMSIS/Include/core_cm4.h:1938:34:__NVIC_SystemReset	4	static,ignoring_inline_asm
../Core/Src/main.c:502:6:MotorContexts_Init	464	static
../Core/Src/main.c:818:13:LogDeferred	176	static
../Core/Src/main.c:849:19:QueueCommand	32	static
../Core/Src/main.c:883:6:HandleUsbCommand	272	static
../Core/Src/main.c:1136:13:CanQueueMotorCommand	48	static
../Core/Src/main.c:1194:13:CanReportBadFrame	24	static
../Core/Src/main.c:1205:16:CanReadInt32	16	static
../Core/Src/main.c:1222:13:CanCommandForApi	24	static
../Core/Src/main.c:1242:13:CanPublishEncoders	64	static
../Core/Src/main.c:1288:13:CanDisableAllMotors	16	static
../Core/Src/main.c:1320:13:HandleCanFrame	48	static
../Core/Src/main.c:1410:13:MotorController_HandlePosMove	88	static
../Core/Src/main.c:1481:5:main	88	static,ignoring_inline_asm
../Core/Src/main.c:1721:6:SystemClock_Config	88	static
../Core/Src/main.c:1767:13:MX_ADC1_Init	24	static
../Core/Src/main.c:1846:13:MX_CAN1_Init	8	static
../Core/Src/main.c:1883:13:MX_TIM2_Init	32	static
../Core/Src/main.c:1926:13:MX_DMA_Init	16	static
../Core/Src/main.c:1944:13:MX_GPIO_Init	56	static
../Core/Src/main.c:2064:6:RecordResetCauseAndReboot	24	static,ignoring_inline_asm
../Core/Src/main.c:2083:6:vApplicationStackOverflowHook	16	static
../Core/Src/main.c:2089:6:vApplicationMallocFailedHook	8	static
../Core/Src/main.c:2095:6:ReportPreviousReset	16	static
../Core/Src/main.c:2130:6:HAL_CAN_RxFifo0MsgPendingCallback	64	static
../Core/Src/main.c:2196:6:StartTask1	80	static
../Core/Src/main.c:2277:6:StartTask2	40	static
../Core/Src/main.c:2330:6:StartTask03	16	static
../Core/Src/main.c:2509:6:StartTask04	288	static
../Core/Src/main.c:2581:6:StartTask05	176	static
../Core/Src/main.c:2613:6:StartTask06	32	static
../Core/Src/main.c:2650:6:StartTask07	16	static
../Core/Src/main.c:2696:6:HAL_TIM_PeriodElapsedCallback	24	static
../Core/Src/main.c:2756:6:Error_Handler	4	static,ignoring_inline_asm
