../Drivers/CMSIS/Include/core_cm4.h:1938:34:__NVIC_SystemReset	4	static,ignoring_inline_asm
../Core/Src/main.c:288:6:MotorContexts_Init	464	static
../Core/Src/main.c:604:13:LogDeferred	176	static
../Core/Src/main.c:635:19:QueueCommand	24	static
../Core/Src/main.c:647:6:HandleUsbCommand	272	static
../Core/Src/main.c:892:10:encodeCommand	16	static
../Core/Src/main.c:896:9:decodeSpeed	24	static
../Core/Src/main.c:901:13:decodeCommand	16	static
../Core/Src/main.c:905:9:decodeTarget	16	static
../Core/Src/main.c:909:13:MotorController_HandlePosMove	32	static
../Core/Src/main.c:955:5:main	32	static,ignoring_inline_asm
../Core/Src/main.c:1100:6:SystemClock_Config	88	static
../Core/Src/main.c:1146:13:MX_ADC1_Init	24	static
../Core/Src/main.c:1225:13:MX_TIM2_Init	32	static
../Core/Src/main.c:1268:13:MX_DMA_Init	16	static
../Core/Src/main.c:1286:13:MX_GPIO_Init	56	static
../Core/Src/main.c:1406:6:RecordResetCauseAndReboot	24	static,ignoring_inline_asm
../Core/Src/main.c:1425:6:vApplicationStackOverflowHook	16	static
../Core/Src/main.c:1431:6:vApplicationMallocFailedHook	8	static
../Core/Src/main.c:1437:6:ReportPreviousReset	16	static
../Core/Src/main.c:1474:6:StartTask1	88	static
../Core/Src/main.c:1560:6:StartTask2	40	static
../Core/Src/main.c:1614:6:StartTask03	136	static
../Core/Src/main.c:1737:6:StartTask05	176	static
../Core/Src/main.c:1769:6:StartTask04	288	static
../Core/Src/main.c:1842:6:HAL_TIM_PeriodElapsedCallback	24	static
../Core/Src/main.c:1902:6:Error_Handler	4	static,ignoring_inline_asm
