../Drivers/CMSIS/Include/core_cm4.h:1938:34:__NVIC_SystemReset	4	static,ignoring_inline_asm
../Core/Src/main.c:496:6:MotorContexts_Init	464	static
../Core/Src/main.c:812:13:LogDeferred	176	static
../Core/Src/main.c:843:19:QueueCommand	32	static
../Core/Src/main.c:877:6:HandleUsbCommand	272	static
../Core/Src/main.c:1130:13:CanQueueMotorCommand	48	static
../Core/Src/main.c:1188:13:CanReportBadFrame	24	static
../Core/Src/main.c:1199:16:CanReadInt32	16	static
../Core/Src/main.c:1216:13:CanCommandForApi	24	static
../Core/Src/main.c:1236:13:CanPublishEncoders	64	static
../Core/Src/main.c:1282:13:CanDisableAllMotors	16	static
../Core/Src/main.c:1314:13:HandleCanFrame	48	static
../Core/Src/main.c:1400:13:MotorController_HandlePosMove	88	static
../Core/Src/main.c:1471:5:main	88	static,ignoring_inline_asm
../Core/Src/main.c:1709:6:SystemClock_Config	88	static
../Core/Src/main.c:1755:13:MX_ADC1_Init	24	static
../Core/Src/main.c:1834:13:MX_CAN1_Init	8	static
../Core/Src/main.c:1871:13:MX_TIM2_Init	32	static
../Core/Src/main.c:1914:13:MX_DMA_Init	16	static
../Core/Src/main.c:1932:13:MX_GPIO_Init	56	static
../Core/Src/main.c:2052:6:RecordResetCauseAndReboot	24	static,ignoring_inline_asm
../Core/Src/main.c:2071:6:vApplicationStackOverflowHook	16	static
../Core/Src/main.c:2077:6:vApplicationMallocFailedHook	8	static
../Core/Src/main.c:2083:6:ReportPreviousReset	16	static
../Core/Src/main.c:2118:6:HAL_CAN_RxFifo0MsgPendingCallback	64	static
../Core/Src/main.c:2184:6:StartTask1	80	static
../Core/Src/main.c:2265:6:StartTask2	40	static
../Core/Src/main.c:2318:6:StartTask03	16	static
../Core/Src/main.c:2497:6:StartTask04	288	static
../Core/Src/main.c:2569:6:StartTask05	176	static
../Core/Src/main.c:2601:6:StartTask06	32	static
../Core/Src/main.c:2638:6:StartTask07	24	static
../Core/Src/main.c:2680:6:HAL_TIM_PeriodElapsedCallback	24	static
../Core/Src/main.c:2740:6:Error_Handler	4	static,ignoring_inline_asm
