../Drivers/CMSIS/Include/core_cm4.h:1938:34:__NVIC_SystemReset	4	static,ignoring_inline_asm
../Core/Src/main.c:501:6:MotorContexts_Init	464	static
../Core/Src/main.c:817:13:LogDeferred	176	static
../Core/Src/main.c:848:19:QueueCommand	32	static
../Core/Src/main.c:882:6:HandleUsbCommand	272	static
../Core/Src/main.c:1135:13:CanQueueMotorCommand	48	static
../Core/Src/main.c:1193:13:CanReportBadFrame	24	static
../Core/Src/main.c:1204:16:CanReadInt32	16	static
../Core/Src/main.c:1221:13:CanCommandForApi	24	static
../Core/Src/main.c:1241:13:CanPublishEncoders	64	static
../Core/Src/main.c:1288:13:CanDisableAllMotors	16	static
../Core/Src/main.c:1320:13:HandleCanFrame	48	static
../Core/Src/main.c:1414:13:MotorController_HandlePosMove	88	static
../Core/Src/main.c:1485:5:main	88	static,ignoring_inline_asm
../Core/Src/main.c:1725:6:SystemClock_Config	88	static
../Core/Src/main.c:1771:13:MX_ADC1_Init	24	static
../Core/Src/main.c:1850:13:MX_CAN1_Init	8	static
../Core/Src/main.c:1887:13:MX_TIM2_Init	32	static
../Core/Src/main.c:1930:13:MX_DMA_Init	16	static
../Core/Src/main.c:1948:13:MX_GPIO_Init	56	static
../Core/Src/main.c:2068:6:RecordResetCauseAndReboot	24	static,ignoring_inline_asm
../Core/Src/main.c:2087:6:vApplicationStackOverflowHook	16	static
../Core/Src/main.c:2093:6:vApplicationMallocFailedHook	8	static
../Core/Src/main.c:2099:6:ReportPreviousReset	16	static
../Core/Src/main.c:2134:6:HAL_CAN_RxFifo0MsgPendingCallback	64	static
../Core/Src/main.c:2200:6:StartTask1	80	static
../Core/Src/main.c:2281:6:StartTask2	40	static
../Core/Src/main.c:2334:6:StartTask03	16	static
../Core/Src/main.c:2513:6:StartTask04	288	static
../Core/Src/main.c:2585:6:StartTask05	176	static
../Core/Src/main.c:2617:6:StartTask06	32	static
../Core/Src/main.c:2654:6:StartTask07	16	static
../Core/Src/main.c:2700:6:HAL_TIM_PeriodElapsedCallback	24	static
../Core/Src/main.c:2760:6:Error_Handler	4	static,ignoring_inline_asm
