../Drivers/CMSIS/Include/core_cm4.h:1938:34:__NVIC_SystemReset	4	static,ignoring_inline_asm
../Core/Src/main.c:209:6:MotorContexts_Init	400	static
../Core/Src/main.c:373:16:tmc_sw_spi_transfer	24	static,ignoring_inline_asm
../Core/Src/main.c:400:6:tmc5160_write	24	static
../Core/Src/main.c:420:10:tmc5160_read	32	static
../Core/Src/main.c:455:6:DiagnoseSPIControllers	112	static
../Core/Src/main.c:480:6:ConfigureSPIControllers	56	static
../Core/Src/main.c:515:6:HandleUsbCommand	80	static
../Core/Src/main.c:622:10:encodeCommand	16	static
../Core/Src/main.c:626:9:decodeSpeed	24	static
../Core/Src/main.c:631:13:decodeCommand	16	static
../Core/Src/main.c:635:9:decodeTarget	16	static
../Core/Src/main.c:639:13:MotorController_HandlePosMove	32	static
../Core/Src/main.c:678:5:main	32	static,ignoring_inline_asm
../Core/Src/main.c:798:6:SystemClock_Config	88	static
../Core/Src/main.c:844:13:MX_ADC1_Init	24	static
../Core/Src/main.c:923:13:MX_TIM2_Init	32	static
../Core/Src/main.c:966:13:MX_DMA_Init	16	static
../Core/Src/main.c:984:13:MX_GPIO_Init	56	static
../Core/Src/main.c:1107:6:RecordResetCauseAndReboot	24	static,ignoring_inline_asm
../Core/Src/main.c:1126:6:vApplicationStackOverflowHook	16	static
../Core/Src/main.c:1132:6:vApplicationMallocFailedHook	8	static
../Core/Src/main.c:1138:6:ReportPreviousReset	16	static
../Core/Src/main.c:1175:6:StartTask1	72	static
../Core/Src/main.c:1243:6:StartTask2	40	static
../Core/Src/main.c:1294:6:StartTask03	120	static
../Core/Src/main.c:1375:6:StartTask04	288	static
../Core/Src/main.c:1453:6:HAL_TIM_PeriodElapsedCallback	24	static
../Core/Src/main.c:1496:6:Error_Handler	4	static,ignoring_inline_asm
