../Drivers/CMSIS/Include/core_cm4.h:1938:34:__NVIC_SystemReset	4	static,ignoring_inline_asm
../Core/Src/main.c:209:6:MotorContexts_Init	400	static
../Core/Src/main.c:373:6:HandleUsbCommand	80	static
../Core/Src/main.c:480:10:encodeCommand	16	static
../Core/Src/main.c:484:9:decodeSpeed	24	static
../Core/Src/main.c:489:13:decodeCommand	16	static
../Core/Src/main.c:493:9:decodeTarget	16	static
../Core/Src/main.c:497:13:MotorController_HandlePosMove	32	static
../Core/Src/main.c:536:5:main	64	static,ignoring_inline_asm
../Core/Src/main.c:659:6:SystemClock_Config	88	static
../Core/Src/main.c:705:13:MX_ADC1_Init	24	static
../Core/Src/main.c:784:13:MX_TIM2_Init	32	static
../Core/Src/main.c:827:13:MX_DMA_Init	16	static
../Core/Src/main.c:845:13:MX_GPIO_Init	56	static
../Core/Src/main.c:956:6:RecordResetCauseAndReboot	24	static,ignoring_inline_asm
../Core/Src/main.c:975:6:vApplicationStackOverflowHook	16	static
../Core/Src/main.c:981:6:vApplicationMallocFailedHook	8	static
../Core/Src/main.c:987:6:ReportPreviousReset	16	static
../Core/Src/main.c:1024:6:StartTask1	72	static
../Core/Src/main.c:1092:6:StartTask2	40	static
../Core/Src/main.c:1143:6:StartTask03	80	static
../Core/Src/main.c:1186:6:StartTask04	288	static
../Core/Src/main.c:1261:6:HAL_TIM_PeriodElapsedCallback	24	static
../Core/Src/main.c:1304:6:Error_Handler	4	static,ignoring_inline_asm
