../Drivers/CMSIS/Include/core_cm4.h:1938:34:__NVIC_SystemReset	4	static,ignoring_inline_asm
../Core/Src/main.c:209:6:MotorContexts_Init	64	static
../Core/Src/main.c:234:6:HandleUsbCommand	80	static
../Core/Src/main.c:341:10:encodeCommand	16	static
../Core/Src/main.c:345:9:decodeSpeed	24	static
../Core/Src/main.c:350:13:decodeCommand	16	static
../Core/Src/main.c:354:9:decodeTarget	16	static
../Core/Src/main.c:358:13:MotorController_HandlePosMove	32	static
../Core/Src/main.c:397:5:main	64	static,ignoring_inline_asm
../Core/Src/main.c:520:6:SystemClock_Config	88	static
../Core/Src/main.c:566:13:MX_ADC1_Init	24	static
../Core/Src/main.c:645:13:MX_TIM2_Init	32	static
../Core/Src/main.c:688:13:MX_DMA_Init	16	static
../Core/Src/main.c:706:13:MX_GPIO_Init	48	static
../Core/Src/main.c:752:6:RecordResetCauseAndReboot	24	static,ignoring_inline_asm
../Core/Src/main.c:771:6:vApplicationStackOverflowHook	16	static
../Core/Src/main.c:777:6:vApplicationMallocFailedHook	8	static
../Core/Src/main.c:783:6:ReportPreviousReset	16	static
../Core/Src/main.c:820:6:StartTask1	72	static
../Core/Src/main.c:888:6:StartTask2	40	static
../Core/Src/main.c:939:6:StartTask03	32	static
../Core/Src/main.c:975:6:StartTask04	288	static
../Core/Src/main.c:1050:6:HAL_TIM_PeriodElapsedCallback	24	static
../Core/Src/main.c:1093:6:Error_Handler	4	static,ignoring_inline_asm
