../Drivers/CMSIS/Include/core_cm4.h:1938:34:__NVIC_SystemReset	4	static,ignoring_inline_asm
../Core/Src/main.c:198:6:MotorContexts_Init	56	static
../Core/Src/main.c:224:6:HandleUsbCommand	80	static
../Core/Src/main.c:331:10:encodeCommand	16	static
../Core/Src/main.c:335:9:decodeSpeed	24	static
../Core/Src/main.c:340:13:decodeCommand	16	static
../Core/Src/main.c:344:9:decodeTarget	16	static
../Core/Src/main.c:348:13:MotorController_HandlePosMove	32	static
../Core/Src/main.c:384:5:main	56	static,ignoring_inline_asm
../Core/Src/main.c:507:6:SystemClock_Config	88	static
../Core/Src/main.c:553:13:MX_ADC1_Init	24	static
../Core/Src/main.c:632:13:MX_TIM2_Init	32	static
../Core/Src/main.c:675:13:MX_DMA_Init	16	static
../Core/Src/main.c:693:13:MX_GPIO_Init	48	static
../Core/Src/main.c:740:13:DebugSpin	16	static,ignoring_inline_asm
../Core/Src/main.c:748:6:DebugHalTickProbePB6	8	static
../Core/Src/main.c:768:6:RecordResetCauseAndReboot	24	static,ignoring_inline_asm
../Core/Src/main.c:787:6:vApplicationStackOverflowHook	16	static
../Core/Src/main.c:793:6:vApplicationMallocFailedHook	8	static
../Core/Src/main.c:799:6:ReportPreviousReset	16	static
../Core/Src/main.c:836:6:StartTask1	72	static
../Core/Src/main.c:904:6:StartTask2	40	static
../Core/Src/main.c:953:6:StartTask03	32	static
../Core/Src/main.c:989:6:StartTask04	288	static
../Core/Src/main.c:1074:6:HAL_TIM_PeriodElapsedCallback	24	static
../Core/Src/main.c:1119:6:Error_Handler	4	static,ignoring_inline_asm
