../Drivers/CMSIS/Include/core_cm4.h:1938:34:__NVIC_SystemReset	4	static,ignoring_inline_asm
../Core/Src/main.c:200:6:MotorContexts_Init	72	static
../Core/Src/main.c:226:6:HandleUsbCommand	80	static
../Core/Src/main.c:333:5:encodeCommand	16	static
../Core/Src/main.c:337:9:decodeSpeed	24	static
../Core/Src/main.c:342:13:decodeCommand	16	static
../Core/Src/main.c:346:9:decodeTarget	16	static
../Core/Src/main.c:356:5:main	64	static,ignoring_inline_asm
../Core/Src/main.c:479:6:SystemClock_Config	88	static
../Core/Src/main.c:525:13:MX_ADC1_Init	24	static
../Core/Src/main.c:604:13:MX_TIM2_Init	32	static
../Core/Src/main.c:647:13:MX_DMA_Init	16	static
../Core/Src/main.c:665:13:MX_GPIO_Init	48	static
../Core/Src/main.c:711:13:RecordResetAndReboot	24	static,ignoring_inline_asm
../Core/Src/main.c:730:6:vApplicationStackOverflowHook	16	static
../Core/Src/main.c:736:6:vApplicationMallocFailedHook	8	static
../Core/Src/main.c:742:6:ReportPreviousReset	16	static
../Core/Src/main.c:775:6:StartTask1	48	static
../Core/Src/main.c:829:6:StartTask2	56	static
../Core/Src/main.c:921:6:StartTask03	32	static
../Core/Src/main.c:957:6:StartTask04	288	static
../Core/Src/main.c:1031:6:HAL_TIM_PeriodElapsedCallback	24	static
../Core/Src/main.c:1076:6:Error_Handler	4	static,ignoring_inline_asm
