../Core/Src/stm32f4xx_it.c:66:13:Fault_Blink	24	static
../Core/Src/stm32f4xx_it.c:100:6:NMI_Handler	4	static
../Core/Src/stm32f4xx_it.c:115:6:HardFault_Handler	8	static
../Core/Src/stm32f4xx_it.c:130:6:MemManage_Handler	8	static
../Core/Src/stm32f4xx_it.c:145:6:BusFault_Handler	8	static
../Core/Src/stm32f4xx_it.c:160:6:UsageFault_Handler	8	static
../Core/Src/stm32f4xx_it.c:175:6:DebugMon_Handler	4	static
../Core/Src/stm32f4xx_it.c:195:6:TIM2_IRQHandler	8	static
../Core/Src/stm32f4xx_it.c:209:6:TIM6_DAC_IRQHandler	8	static
../Core/Src/stm32f4xx_it.c:223:6:DMA2_Stream0_IRQHandler	8	static
../Core/Src/stm32f4xx_it.c:237:6:OTG_FS_IRQHandler	8	static
