# 2026-07-30 20:30:31 log opened: /home/swervepi/swerveDriver/logs/board-20260730-203031.log
# 2026-07-30 20:30:31 serial opened /dev/ttyACM0 @ 115200 baud
20:30:31.373 > STATUS 1
20:30:32.374 > STATUS 3
20:30:32.997 < MSCNT X=808 Y=680 Z=1016 E1=264 E3=40
20:30:33.375 > STATUS 5
20:30:33.962 < Y DRV_STATUS=0x8005003A cs_actual=5 stst=1 ola=0 olb=0 s2ga=0 s2gb=0 s2vsa=0 s2vsb=0 ot=0 otpw=0
20:30:33.974 < Motor (1) Status: target=0, position=0, speed=0, commanded_speed=0, enabled=0, mode=position
20:30:33.986 < Motor (3) Status: target=0, position=0, speed=0, commanded_speed=0, enabled=0, mode=position
20:30:34.000 < Motor (5) Status: target=0, position=0, speed=0, commanded_speed=0, enabled=0, mode=position
20:30:34.047 < RX cb=7 bytes=63 rx_drop=0 lines=7 invalid=0
20:30:34.078 < CMD qdrop=0 qpeak=0/16 notify_sent=0 recv=0 coalesced=0
20:30:34.112 < ADC: IN4=354.9 IN5=163.0 IN6=355.6 IN7=354.9
20:30:34.375 > STATUS 7
20:30:34.495 < Stack free words: motor0=218 logger=310 usb=642
20:30:35.775 > STOP 0 2 4 6
20:30:35.897 > STOP 0 2 4 6
20:30:36.018 > STOP 0 2 4 6
20:30:37.126 > MOVESPEED 0 -37 2 37 4 37 6 37
20:30:37.249 > MOVESPEED 0 -100 2 100 4 100 6 100
20:30:37.371 > MOVEABS 1 145 200 3 -145 200 5 145 200 7 145 200
20:30:37.372 > MOVESPEED 0 -102 2 102 4 102 6 102
20:30:37.494 > MOVESPEED 0 -103 2 103 4 103 6 103
20:30:37.617 > MOVESPEED 0 -103 2 103 4 103 6 103
20:30:37.639 > MOVEABS 1 181 200 3 -181 200 5 181 200 7 181 200
20:30:37.741 > MOVESPEED 0 -103 2 103 4 103 6 103
20:30:37.863 > MOVESPEED 0 -103 2 103 4 103 6 103
20:30:37.986 > MOVESPEED 0 -103 2 103 4 103 6 103
20:30:38.089 > MOVEABS 1 174 200 3 -174 200 5 174 200 7 174 200
20:30:38.111 > MOVESPEED 0 -103 2 103 4 103 6 103
20:30:38.233 > MOVESPEED 0 -102 2 102 4 102 6 102
20:30:38.355 > MOVEABS 1 149 200 3 -149 200 5 149 200 7 149 200
20:30:38.355 > MOVESPEED 0 -102 2 102 4 102 6 102
20:30:38.477 > MOVESPEED 0 -102 2 102 4 102 6 102
20:30:38.598 > MOVESPEED 0 -102 2 102 4 102 6 102
20:30:38.719 > MOVESPEED 0 -102 2 102 4 102 6 102
20:30:38.841 > MOVESPEED 0 -102 2 102 4 102 6 102
20:30:38.963 > MOVESPEED 0 -102 2 102 4 102 6 102
20:30:39.084 > MOVESPEED 0 -102 2 102 4 102 6 102
20:30:39.205 > MOVESPEED 0 -102 2 102 4 102 6 102
20:30:39.327 > MOVESPEED 0 -102 2 102 4 102 6 102
20:30:39.348 > MOVEABS 1 197 200 3 -197 200 5 197 200 7 197 200
20:30:39.450 > MOVESPEED 0 -107 2 107 4 107 6 107
20:30:39.571 > MOVESPEED 0 -102 2 102 4 102 6 102
20:30:39.612 > MOVEABS 1 979 200 3 -979 200 5 979 200 7 979 200
20:30:39.693 > MOVESPEED 0 -102 2 102 4 102 6 102
20:30:39.815 > MOVESPEED 0 -102 2 102 4 102 6 102
20:30:39.936 > MOVESPEED 0 -102 2 102 4 102 6 102
20:30:40.058 > MOVESPEED 0 -102 2 102 4 102 6 102
20:30:40.179 > MOVESPEED 0 -102 2 102 4 102 6 102
20:30:40.301 > MOVESPEED 0 -102 2 102 4 102 6 102
20:30:40.422 > MOVESPEED 0 -102 2 102 4 102 6 102
20:30:40.544 > MOVESPEED 0 -102 2 102 4 102 6 102
20:30:40.665 > MOVESPEED 0 -102 2 102 4 102 6 102
20:30:40.787 > MOVESPEED 0 -102 2 102 4 102 6 102
20:30:40.909 > MOVESPEED 0 -102 2 102 4 102 6 102
20:30:41.030 > MOVESPEED 0 -102 2 102 4 102 6 102
20:30:41.153 > MOVESPEED 0 -102 2 102 4 102 6 102
20:30:41.274 > MOVESPEED 0 -102 2 102 4 102 6 102
20:30:41.396 > MOVESPEED 0 -102 2 102 4 102 6 102
20:30:41.517 > MOVESPEED 0 -102 2 102 4 102 6 102
20:30:41.638 > MOVESPEED 0 -102 2 102 4 102 6 102
20:30:41.760 > MOVESPEED 0 -102 2 102 4 102 6 102
20:30:41.881 > MOVESPEED 0 -102 2 102 4 102 6 102
20:30:42.003 > MOVESPEED 0 -102 2 102 4 102 6 102
20:30:42.124 > MOVESPEED 0 -102 2 102 4 102 6 102
20:30:42.246 > MOVESPEED 0 -102 2 102 4 102 6 102
20:30:42.368 > MOVESPEED 0 -102 2 102 4 102 6 102
20:30:42.489 > MOVESPEED 0 -102 2 102 4 102 6 102
20:30:42.611 > MOVESPEED 0 -102 2 102 4 102 6 102
20:30:42.732 > MOVESPEED 0 -102 2 102 4 102 6 102
20:30:42.854 > MOVESPEED 0 -102 2 102 4 102 6 102
20:30:42.975 > MOVESPEED 0 -102 2 102 4 102 6 102
20:30:42.996 > MOVEABS 1 1125 200 3 -1125 200 5 1125 200 7 1125 200
20:30:43.100 > MOVESPEED 0 -107 2 107 4 107 6 107
20:30:43.223 > MOVESPEED 0 -111 2 111 4 111 6 111
20:30:43.265 > MOVEABS 1 1700 200 3 -1700 200 5 1700 200 7 1700 200
20:30:43.347 > MOVESPEED 0 -111 2 111 4 111 6 111
20:30:43.469 > MOVESPEED 0 -111 2 111 4 111 6 111
20:30:43.531 > MOVEABS 1 1707 200 3 -1707 200 5 1707 200 7 1707 200
20:30:43.593 > MOVESPEED 0 -110 2 110 4 110 6 110
20:30:43.715 > MOVESPEED 0 -110 2 110 4 110 6 110
20:30:43.798 > MOVEABS 1 1739 200 3 -1739 200 5 1739 200 7 1739 200
20:30:43.839 > MOVESPEED 0 -110 2 110 4 110 6 110
20:30:43.963 > MOVESPEED 0 -110 2 110 4 110 6 110
20:30:44.065 > MOVEABS 1 1744 200 3 -1744 200 5 1744 200 7 1744 200
20:30:44.086 > MOVESPEED 0 -110 2 110 4 110 6 110
20:30:44.208 > MOVESPEED 0 -110 2 110 4 110 6 110
20:30:44.330 > MOVEABS 1 1785 200 3 -1785 200 5 1785 200 7 1785 200
20:30:44.330 > MOVESPEED 0 -108 2 108 4 108 6 108
20:30:44.452 > MOVESPEED 0 -108 2 108 4 108 6 108
20:30:44.574 > MOVESPEED 0 -107 2 107 4 107 6 107
20:30:44.594 > MOVEABS 1 1830 200 3 -1830 200 5 1830 200 7 1830 200
20:30:44.696 > MOVESPEED 0 -108 2 108 4 108 6 108
20:30:44.818 > MOVESPEED 0 -108 2 108 4 108 6 108
20:30:44.940 > MOVEABS 1 1834 200 3 -1834 200 5 1834 200 7 1834 200
20:30:44.940 > MOVESPEED 0 -107 2 107 4 107 6 107
20:30:45.061 > MOVESPEED 0 -107 2 107 4 107 6 107
20:30:45.183 > MOVESPEED 0 -107 2 107 4 107 6 107
20:30:45.304 > MOVESPEED 0 -107 2 107 4 107 6 107
20:30:45.366 > MOVEABS 1 1843 200 3 -1843 200 5 1843 200 7 1843 200
20:30:45.427 > MOVESPEED 0 -107 2 107 4 107 6 107
20:30:45.548 > MOVESPEED 0 -109 2 109 4 109 6 109
20:30:45.630 > MOVEABS 1 -1743 200 3 1743 200 5 -1743 200 7 -1743 200
20:30:45.670 > MOVESPEED 0 -109 2 109 4 109 6 109
20:30:45.792 > MOVESPEED 0 -107 2 107 4 107 6 107
20:30:45.894 > MOVEABS 1 -1865 200 3 1865 200 5 -1865 200 7 -1865 200
20:30:45.915 > MOVESPEED 0 -108 2 108 4 108 6 108
20:30:46.036 > MOVESPEED 0 -108 2 108 4 108 6 108
20:30:46.158 > MOVESPEED 0 -108 2 108 4 108 6 108
20:30:46.280 > MOVESPEED 0 -108 2 108 4 108 6 108
20:30:46.401 > MOVESPEED 0 -108 2 108 4 108 6 108
20:30:46.462 > MOVEABS 1 -1869 200 3 1869 200 5 -1869 200 7 -1869 200
20:30:46.523 > MOVESPEED 0 -108 2 108 4 108 6 108
20:30:46.645 > MOVESPEED 0 -108 2 108 4 108 6 108
20:30:46.766 > MOVESPEED 0 -108 2 108 4 108 6 108
20:30:46.888 > MOVESPEED 0 -108 2 108 4 108 6 108
20:30:47.010 > MOVESPEED 0 -108 2 108 4 108 6 108
20:30:47.132 > MOVESPEED 0 -108 2 108 4 108 6 108
20:30:47.254 > MOVESPEED 0 -108 2 108 4 108 6 108
20:30:47.375 > MOVESPEED 0 -108 2 108 4 108 6 108
20:30:47.497 > MOVESPEED 0 -108 2 108 4 108 6 108
20:30:47.618 > MOVESPEED 0 -108 2 108 4 108 6 108
20:30:47.739 > MOVESPEED 0 -108 2 108 4 108 6 108
20:30:47.841 > MOVEABS 1 -1860 200 3 1860 200 5 -1860 200 7 -1860 200
20:30:47.862 > MOVESPEED 0 -107 2 107 4 107 6 107
20:30:47.983 > MOVESPEED 0 -100 2 100 4 100 6 100
20:30:48.105 > MOVEABS 1 -1125 200 3 1125 200 5 -1125 200 7 -1125 200
20:30:48.105 > MOVESPEED 0 -100 2 100 4 100 6 100
20:30:48.227 > MOVESPEED 0 -100 2 100 4 100 6 100
20:30:48.349 > MOVESPEED 0 -100 2 100 4 100 6 100
20:30:48.470 > MOVESPEED 0 -100 2 100 4 100 6 100
20:30:48.592 > MOVESPEED 0 -100 2 100 4 100 6 100
20:30:48.713 > MOVESPEED 0 -100 2 100 4 100 6 100
20:30:48.835 > MOVESPEED 0 -100 2 100 4 100 6 100
20:30:48.957 > MOVESPEED 0 -100 2 100 4 100 6 100
20:30:49.079 > MOVESPEED 0 -100 2 100 4 100 6 100
20:30:49.141 > MOVEABS 1 -983 200 3 983 200 5 -983 200 7 -983 200
20:30:49.204 > MOVESPEED 0 -102 2 102 4 102 6 102
20:30:49.326 > MOVESPEED 0 -103 2 103 4 103 6 103
20:30:49.409 > MOVEABS 1 -951 200 3 951 200 5 -951 200 7 -951 200
20:30:49.450 > MOVESPEED 0 -103 2 103 4 103 6 103
20:30:49.573 > MOVESPEED 0 -104 2 104 4 104 6 104
20:30:49.676 > MOVEABS 1 -772 200 3 772 200 5 -772 200 7 -772 200
20:30:49.697 > MOVESPEED 0 -109 2 109 4 109 6 109
20:30:49.820 > MOVESPEED 0 -107 2 107 4 107 6 107
20:30:49.943 > MOVEABS 1 -366 200 3 366 200 5 -366 200 7 -366 200
20:30:49.944 > MOVESPEED 0 -108 2 108 4 108 6 108
20:30:50.067 > MOVESPEED 0 -108 2 108 4 108 6 108
20:30:50.190 > MOVESPEED 0 -108 2 108 4 108 6 108
20:30:50.311 > MOVESPEED 0 -108 2 108 4 108 6 108
20:30:50.372 > MOVEABS 1 -360 200 3 360 200 5 -360 200 7 -360 200
20:30:50.434 > MOVESPEED 0 -106 2 106 4 106 6 106
20:30:50.555 > MOVESPEED 0 -105 2 105 4 105 6 105
20:30:50.637 > MOVEABS 1 -292 200 3 292 200 5 -292 200 7 -292 200
20:30:50.678 > MOVESPEED 0 -106 2 106 4 106 6 106
20:30:50.799 > MOVESPEED 0 -106 2 106 4 106 6 106
20:30:50.921 > MOVESPEED 0 -106 2 106 4 106 6 106
20:30:51.043 > MOVESPEED 0 -106 2 106 4 106 6 106
20:30:51.165 > MOVESPEED 0 -106 2 106 4 106 6 106
20:30:51.286 > MOVESPEED 0 -106 2 106 4 106 6 106
20:30:51.408 > MOVESPEED 0 -106 2 106 4 106 6 106
20:30:51.530 > MOVESPEED 0 -106 2 106 4 106 6 106
20:30:51.651 > MOVESPEED 0 -106 2 106 4 106 6 106
20:30:51.773 > MOVESPEED 0 -106 2 106 4 106 6 106
20:30:51.894 > MOVESPEED 0 -106 2 106 4 106 6 106
20:30:52.016 > MOVESPEED 0 -106 2 106 4 106 6 106
20:30:52.139 > MOVESPEED 0 -106 2 106 4 106 6 106
20:30:52.180 > MOVEABS 1 -288 200 3 288 200 5 -288 200 7 -288 200
20:30:52.261 > MOVESPEED 0 -105 2 105 4 105 6 105
20:30:52.383 > MOVESPEED 0 -105 2 105 4 105 6 105
20:30:52.444 > MOVEABS 1 -249 200 3 249 200 5 -249 200 7 -249 200
20:30:52.505 > MOVESPEED 0 -105 2 105 4 105 6 105
20:30:52.627 > MOVESPEED 0 -99 2 99 4 99 6 99
20:30:52.708 > MOVEABS 1 0 200 3 0 200 5 0 200 7 0 200
20:30:52.749 > MOVESPEED 0 -99 2 99 4 99 6 99
20:30:52.871 > MOVESPEED 0 -104 2 104 4 104 6 104
20:30:52.973 > MOVEABS 1 249 200 3 -249 200 5 249 200 7 249 200
20:30:52.994 > MOVESPEED 0 -107 2 107 4 107 6 107
20:30:53.117 > MOVESPEED 0 -107 2 107 4 107 6 107
20:30:53.239 > MOVEABS 1 308 200 3 -308 200 5 308 200 7 308 200
20:30:53.239 > MOVESPEED 0 -107 2 107 4 107 6 107
20:30:53.361 > MOVESPEED 0 -107 2 107 4 107 6 107
20:30:53.482 > MOVESPEED 0 -107 2 107 4 107 6 107
20:30:53.604 > MOVESPEED 0 -107 2 107 4 107 6 107
20:30:53.725 > MOVESPEED 0 -107 2 107 4 107 6 107
20:30:53.847 > MOVESPEED 0 -107 2 107 4 107 6 107
20:30:53.969 > MOVESPEED 0 -107 2 107 4 107 6 107
20:30:54.091 > MOVESPEED 0 -107 2 107 4 107 6 107
20:30:54.192 > MOVEABS 1 346 200 3 -346 200 5 346 200 7 346 200
20:30:54.213 > MOVESPEED 0 -105 2 105 4 105 6 105
20:30:54.335 > MOVESPEED 0 -106 2 106 4 106 6 106
20:30:54.457 > MOVEABS 1 642 200 3 -642 200 5 642 200 7 642 200
20:30:54.457 > MOVESPEED 0 -105 2 105 4 105 6 105
20:30:54.579 > MOVESPEED 0 -105 2 105 4 105 6 105
20:30:54.701 > MOVESPEED 0 -105 2 105 4 105 6 105
20:30:54.721 > MOVEABS 1 748 200 3 -748 200 5 748 200 7 748 200
20:30:54.823 > MOVESPEED 0 -105 2 105 4 105 6 105
20:30:54.945 > MOVESPEED 0 -105 2 105 4 105 6 105
20:30:54.986 > MOVEABS 1 794 200 3 -794 200 5 794 200 7 794 200
20:30:55.068 > MOVESPEED 0 -105 2 105 4 105 6 105
20:30:55.191 > MOVESPEED 0 -105 2 105 4 105 6 105
20:30:55.253 > MOVEABS 1 883 200 3 -883 200 5 883 200 7 883 200
20:30:55.315 > MOVESPEED 0 -102 2 102 4 102 6 102
20:30:55.438 > MOVESPEED 0 -100 2 100 4 100 6 100
20:30:55.520 > MOVEABS 1 1125 200 3 -1125 200 5 1125 200 7 1125 200
20:30:55.562 > MOVESPEED 0 -100 2 100 4 100 6 100
20:30:55.684 > MOVESPEED 0 -100 2 100 4 100 6 100
20:30:55.807 > MOVESPEED 0 -100 2 100 4 100 6 100
20:30:55.932 > MOVESPEED 0 -100 2 100 4 100 6 100
20:30:56.055 > MOVESPEED 0 -100 2 100 4 100 6 100
20:30:56.177 > MOVESPEED 0 -100 2 100 4 100 6 100
20:30:56.299 > MOVESPEED 0 -100 2 100 4 100 6 100
20:30:56.420 > MOVESPEED 0 -100 2 100 4 100 6 100
20:30:56.461 > MOVEABS 1 1279 200 3 -1279 200 5 1279 200 7 1279 200
20:30:56.543 > MOVESPEED 0 -106 2 106 4 106 6 106
20:30:56.665 > MOVESPEED 0 -107 2 107 4 107 6 107
20:30:56.726 > MOVEABS 1 1435 200 3 -1435 200 5 1435 200 7 1435 200
20:30:56.787 > MOVESPEED 0 -107 2 107 4 107 6 107
20:30:56.909 > MOVESPEED 0 -107 2 107 4 107 6 107
20:30:56.990 > MOVEABS 1 1449 200 3 -1449 200 5 1449 200 7 1449 200
20:30:57.031 > MOVESPEED 0 -106 2 106 4 106 6 106
20:30:57.153 > MOVESPEED 0 -107 2 107 4 107 6 107
20:30:57.255 > MOVEABS 1 1540 200 3 -1540 200 5 1540 200 7 1540 200
20:30:57.276 > MOVESPEED 0 -107 2 107 4 107 6 107
20:30:57.397 > MOVESPEED 0 -108 2 108 4 108 6 108
20:30:57.520 > MOVEABS 1 -2250 200 3 2250 200 5 -2250 200 7 -2250 200
20:30:57.520 > MOVESPEED 0 -100 2 100 4 100 6 100
20:30:57.642 > MOVESPEED 0 -100 2 100 4 100 6 100
20:30:57.763 > MOVESPEED 0 -100 2 100 4 100 6 100
20:30:57.885 > MOVESPEED 0 -100 2 100 4 100 6 100
20:30:58.007 > MOVESPEED 0 -100 2 100 4 100 6 100
20:30:58.129 > MOVESPEED 0 -100 2 100 4 100 6 100
20:30:58.251 > MOVESPEED 0 -100 2 100 4 100 6 100
20:30:58.373 > MOVESPEED 0 -100 2 100 4 100 6 100
20:30:58.494 > MOVESPEED 0 -100 2 100 4 100 6 100
20:30:58.616 > MOVESPEED 0 -100 2 100 4 100 6 100
20:30:58.737 > MOVESPEED 0 -100 2 100 4 100 6 100
20:30:58.860 > MOVESPEED 0 -100 2 100 4 100 6 100
20:30:58.984 > MOVESPEED 0 -100 2 100 4 100 6 100
20:30:59.106 > MOVESPEED 0 -100 2 100 4 100 6 100
20:30:59.228 > MOVESPEED 0 -100 2 100 4 100 6 100
20:30:59.350 > MOVESPEED 0 -100 2 100 4 100 6 100
20:30:59.472 > MOVESPEED 0 -100 2 100 4 100 6 100
20:30:59.594 > MOVESPEED 0 -100 2 100 4 100 6 100
20:30:59.718 > MOVESPEED 0 -100 2 100 4 100 6 100
20:30:59.840 > MOVESPEED 0 -100 2 100 4 100 6 100
20:30:59.882 > MOVEABS 1 -1981 200 3 1981 200 5 -1981 200 7 -1981 200
20:30:59.963 > MOVESPEED 0 -104 2 104 4 104 6 104
20:31:00.085 > MOVESPEED 0 -105 2 105 4 105 6 105
20:31:00.147 > MOVEABS 1 -1343 200 3 1343 200 5 -1343 200 7 -1343 200
20:31:00.208 > MOVESPEED 0 -103 2 103 4 103 6 103
20:31:00.330 > MOVESPEED 0 -103 2 103 4 103 6 103
20:31:00.412 > MOVEABS 1 -1285 200 3 1285 200 5 -1285 200 7 -1285 200
20:31:00.453 > MOVESPEED 0 -103 2 103 4 103 6 103
20:31:00.575 > MOVESPEED 0 -100 2 100 4 100 6 100
20:31:00.676 > MOVEABS 1 -1125 200 3 1125 200 5 -1125 200 7 -1125 200
20:31:00.697 > MOVESPEED 0 -100 2 100 4 100 6 100
20:31:00.819 > MOVESPEED 0 -100 2 100 4 100 6 100
20:31:00.941 > MOVESPEED 0 -100 2 100 4 100 6 100
20:31:01.064 > MOVESPEED 0 -100 2 100 4 100 6 100
20:31:01.187 > MOVESPEED 0 -100 2 100 4 100 6 100
20:31:01.311 > MOVESPEED 0 -100 2 100 4 100 6 100
20:31:01.434 > MOVESPEED 0 -100 2 100 4 100 6 100
20:31:01.557 > MOVESPEED 0 -100 2 100 4 100 6 100
20:31:01.680 > MOVESPEED 0 -100 2 100 4 100 6 100
20:31:01.803 > MOVESPEED 0 -100 2 100 4 100 6 100
20:31:01.845 > MOVEABS 1 -841 200 3 841 200 5 -841 200 7 -841 200
20:31:01.928 > MOVESPEED 0 -110 2 110 4 110 6 110
20:31:02.053 > MOVESPEED 0 -109 2 109 4 109 6 109
20:31:02.114 > MOVEABS 1 -469 200 3 469 200 5 -469 200 7 -469 200
20:31:02.176 > MOVESPEED 0 -107 2 107 4 107 6 107
20:31:02.298 > MOVESPEED 0 -108 2 108 4 108 6 108
20:31:02.379 > MOVEABS 1 -446 200 3 446 200 5 -446 200 7 -446 200
20:31:02.420 > MOVESPEED 0 -106 2 106 4 106 6 106
20:31:02.542 > MOVESPEED 0 -105 2 105 4 105 6 105
20:31:02.644 > MOVEABS 1 -393 200 3 393 200 5 -393 200 7 -393 200
20:31:02.665 > MOVESPEED 0 -106 2 106 4 106 6 106
20:31:02.786 > MOVESPEED 0 -106 2 106 4 106 6 106
20:31:02.909 > MOVEABS 1 -185 200 3 185 200 5 -185 200 7 -185 200
20:31:02.909 > MOVESPEED 0 -103 2 103 4 103 6 103
20:31:03.031 > MOVESPEED 0 -99 2 99 4 99 6 99
20:31:03.153 > MOVESPEED 0 -106 2 106 4 106 6 106
20:31:03.174 > MOVEABS 1 266 200 3 -266 200 5 266 200 7 266 200
20:31:03.275 > MOVESPEED 0 -106 2 106 4 106 6 106
20:31:03.398 > MOVESPEED 0 -106 2 106 4 106 6 106
20:31:03.439 > MOVEABS 1 468 200 3 -468 200 5 468 200 7 468 200
20:31:03.520 > MOVESPEED 0 -106 2 106 4 106 6 106
20:31:03.642 > MOVESPEED 0 -106 2 106 4 106 6 106
20:31:03.703 > MOVEABS 1 483 200 3 -483 200 5 483 200 7 483 200
20:31:03.765 > MOVESPEED 0 -106 2 106 4 106 6 106
20:31:03.887 > MOVESPEED 0 -109 2 109 4 109 6 109
20:31:03.969 > MOVEABS 1 553 200 3 -553 200 5 553 200 7 553 200
20:31:04.010 > MOVESPEED 0 -109 2 109 4 109 6 109
20:31:04.131 > MOVESPEED 0 -109 2 109 4 109 6 109
20:31:04.253 > MOVESPEED 0 -109 2 109 4 109 6 109
20:31:04.375 > MOVESPEED 0 -109 2 109 4 109 6 109
20:31:04.497 > MOVESPEED 0 -109 2 109 4 109 6 109
20:31:04.620 > MOVESPEED 0 -109 2 109 4 109 6 109
20:31:04.742 > MOVESPEED 0 -109 2 109 4 109 6 109
20:31:04.864 > MOVESPEED 0 -109 2 109 4 109 6 109
20:31:04.988 > MOVESPEED 0 -109 2 109 4 109 6 109
20:31:05.109 > MOVESPEED 0 -109 2 109 4 109 6 109
20:31:05.231 > MOVESPEED 0 -109 2 109 4 109 6 109
20:31:05.353 > MOVESPEED 0 -109 2 109 4 109 6 109
20:31:05.395 > MOVEABS 1 557 200 3 -557 200 5 557 200 7 557 200
20:31:05.476 > MOVESPEED 0 -109 2 109 4 109 6 109
20:31:05.578 > STOP 0 2 4 6
20:31:05.599 > STOP 0 2 4 6
20:31:05.660 > MOVEABS 1 0 200 3 0 200 5 0 200 7 0 200
20:31:05.721 > STOP 0 2 4 6
20:31:05.843 > STOP 0 2 4 6
20:31:06.797 > STOP 0 1 2 3 4 5 6 7
# 2026-07-30 20:31:07 serial closed
# 2026-07-30 20:31:07 log closed
